stage 1: crash gate, 101-lmraggr vs random
  clean over 24 games, 100% vs random

stage 2: SPRT[0, 20], challenger vs champion
  note: 300 pairs over 119 openings, 2.5 repeats each -- the SPRT will read more confident than the evidence warrants
      5 games  .... llr +0.00 [-2.94, 2.94] after 1 pairs, elo +0.0 +/- inf
      6 games  .... llr -1.52 [-2.94, 2.94] after 2 pairs, elo -190.8 +/- 112.1
      7 games  .... llr -0.10 [-2.94, 2.94] after 3 pairs, elo -58.5 +/- 243.2
      8 games  .... llr +0.04 [-2.94, 2.94] after 4 pairs, elo +43.7 +/- 405.7
     11 games  .... llr +0.05 [-2.94, 2.94] after 5 pairs, elo +34.9 +/- 247.7
     12 games  .... llr -0.07 [-2.94, 2.94] after 6 pairs, elo -29.0 +/- 222.5
     14 games  .... llr -0.15 [-2.94, 2.94] after 7 pairs, elo -50.0 +/- 184.3
     18 games  .... llr -0.09 [-2.94, 2.94] after 8 pairs, elo -21.7 +/- 172.0
     19 games  .... llr -0.11 [-2.94, 2.94] after 9 pairs, elo -19.3 +/- 149.9
     21 games  .... llr -0.04 [-2.94, 2.94] after 10 pairs, elo -0.0 +/- 141.6
     22 games  .... llr -0.13 [-2.94, 2.94] after 11 pairs, elo -15.8 +/- 129.2
     25 games  .... llr +0.02 [-2.94, 2.94] after 12 pairs, elo +14.5 +/- 138.0
     26 games  .... llr -0.05 [-2.94, 2.94] after 13 pairs, elo -0.0 +/- 127.3
     28 games  .... llr +0.01 [-2.94, 2.94] after 14 pairs, elo +12.4 +/- 121.7
     30 games  .... llr +0.08 [-2.94, 2.94] after 15 pairs, elo +23.2 +/- 116.6
     33 games  .... llr +0.16 [-2.94, 2.94] after 16 pairs, elo +32.7 +/- 111.8
     34 games  .... llr +0.08 [-2.94, 2.94] after 17 pairs, elo +20.5 +/- 105.9
     37 games  .... llr +0.16 [-2.94, 2.94] after 18 pairs, elo +29.0 +/- 102.2
     39 games  .... llr +0.07 [-2.94, 2.94] after 19 pairs, elo +18.3 +/- 97.6
     40 games  .... llr +0.15 [-2.94, 2.94] after 20 pairs, elo +26.1 +/- 94.6
     42 games  .... llr +0.16 [-2.94, 2.94] after 21 pairs, elo +24.9 +/- 89.6
     45 games  .... llr +0.06 [-2.94, 2.94] after 22 pairs, elo +15.8 +/- 86.4
     46 games  .... llr -0.10 [-2.94, 2.94] after 23 pairs, elo -0.0 +/- 87.4
     48 games  .... llr -0.03 [-2.94, 2.94] after 24 pairs, elo +7.2 +/- 85.3
