stage 1: crash gate, 110-v85all vs random
  clean over 24 games, 100% vs random

stage 2: SPRT[0, 20], challenger vs champion
  note: 300 pairs over 119 openings, 2.5 repeats each -- the SPRT will read more confident than the evidence warrants
      5 games  .... llr +0.00 [-2.94, 2.94] after 1 pairs, elo +0.0 +/- inf
      6 games  .... llr -0.72 [-2.94, 2.94] after 2 pairs, elo -338.0 +/- 245.6
      7 games  .... llr -0.11 [-2.94, 2.94] after 3 pairs, elo -120.4 +/- 325.9
      9 games  .... llr -0.15 [-2.94, 2.94] after 4 pairs, elo -88.7 +/- 228.8
     12 games  .... llr -0.09 [-2.94, 2.94] after 5 pairs, elo -34.9 +/- 212.7
     13 games  .... llr -0.20 [-2.94, 2.94] after 6 pairs, elo -88.7 +/- 196.8
     14 games  .... llr -0.24 [-2.94, 2.94] after 7 pairs, elo -75.6 +/- 167.0
     17 games  .... llr -0.36 [-2.94, 2.94] after 8 pairs, elo -88.7 +/- 146.3
     19 games  .... llr -0.41 [-2.94, 2.94] after 9 pairs, elo -78.5 +/- 130.0
     20 games  .... llr -0.31 [-2.94, 2.94] after 10 pairs, elo -52.5 +/- 126.3
     22 games  .... llr -0.22 [-2.94, 2.94] after 11 pairs, elo -31.7 +/- 121.9
     25 games  .... llr -0.25 [-2.94, 2.94] after 12 pairs, elo -29.0 +/- 111.1
     27 games  .... llr -0.16 [-2.94, 2.94] after 13 pairs, elo -13.4 +/- 107.6
     28 games  .... llr -0.18 [-2.94, 2.94] after 14 pairs, elo -12.4 +/- 99.3
     30 games  .... llr -0.20 [-2.94, 2.94] after 15 pairs, elo -11.6 +/- 92.2
     34 games  .... llr -0.37 [-2.94, 2.94] after 16 pairs, elo -32.7 +/- 95.1
     35 games  .... llr -0.28 [-2.94, 2.94] after 17 pairs, elo -20.5 +/- 92.8
     36 games  .... llr -0.19 [-2.94, 2.94] after 18 pairs, elo -9.7 +/- 90.5
     38 games  .... llr -0.35 [-2.94, 2.94] after 19 pairs, elo -27.5 +/- 92.0
     40 games  .... llr -0.16 [-2.94, 2.94] after 20 pairs, elo -8.7 +/- 95.8
     42 games  .... llr -0.09 [-2.94, 2.94] after 21 pairs, elo -0.0 +/- 93.2
     45 games  .... llr -0.10 [-2.94, 2.94] after 22 pairs, elo -0.0 +/- 88.6
     47 games  .... llr -0.11 [-2.94, 2.94] after 23 pairs, elo -0.0 +/- 84.5
     49 games  .... llr -0.26 [-2.94, 2.94] after 24 pairs, elo -14.5 +/- 85.3
     50 games  .... llr -0.28 [-2.94, 2.94] after 25 pairs, elo -13.9 +/- 81.7
     52 games  .... llr -0.21 [-2.94, 2.94] after 26 pairs, elo -6.7 +/- 80.0
     55 games  .... llr -0.30 [-2.94, 2.94] after 27 pairs, elo -12.9 +/- 77.7
     56 games  .... llr -0.31 [-2.94, 2.94] after 28 pairs, elo -12.4 +/- 74.8
     58 games  .... llr -0.46 [-2.94, 2.94] after 29 pairs, elo -24.0 +/- 75.5
     60 games  .... llr -0.56 [-2.94, 2.94] after 30 pairs, elo -29.0 +/- 73.5
     63 games  .... llr -0.58 [-2.94, 2.94] after 31 pairs, elo -28.1 +/- 71.1
     64 games  .... llr -0.39 [-2.94, 2.94] after 32 pairs, elo -16.3 +/- 72.8
     66 games  .... llr -0.40 [-2.94, 2.94] after 33 pairs, elo -15.8 +/- 70.5
     68 games  .... llr -0.55 [-2.94, 2.94] after 34 pairs, elo -25.6 +/- 70.9
     70 games  .... llr -0.47 [-2.94, 2.94] after 35 pairs, elo -19.9 +/- 69.8
     72 games  .... llr -0.49 [-2.94, 2.94] after 36 pairs, elo -19.3 +/- 67.9
     74 games  .... llr -0.42 [-2.94, 2.94] after 37 pairs, elo -14.1 +/- 66.9
     76 games  .... llr -0.56 [-2.94, 2.94] after 38 pairs, elo -22.9 +/- 67.2
     78 games  .... llr -0.39 [-2.94, 2.94] after 39 pairs, elo -13.4 +/- 68.3
     81 games  .... llr -0.32 [-2.94, 2.94] after 40 pairs, elo -8.7 +/- 67.3
     82 games  .... llr -0.17 [-2.94, 2.94] after 41 pairs, elo -0.0 +/- 68.1
     84 games  .... llr -0.03 [-2.94, 2.94] after 42 pairs, elo +8.3 +/- 68.9
     87 games  .... llr -0.03 [-2.94, 2.94] after 43 pairs, elo +8.1 +/- 67.2
     88 games  .... llr +0.03 [-2.94, 2.94] after 44 pairs, elo +11.8 +/- 66.2
     91 games  .... llr -0.04 [-2.94, 2.94] after 45 pairs, elo +7.7 +/- 65.0
     92 games  .... llr +0.03 [-2.94, 2.94] after 46 pairs, elo +11.3 +/- 64.1
     95 games  .... llr +0.16 [-2.94, 2.94] after 47 pairs, elo +18.5 +/- 64.7
     96 games  .... llr +0.16 [-2.94, 2.94] after 48 pairs, elo +18.1 +/- 63.3
     98 games  .... llr +0.01 [-2.94, 2.94] after 49 pairs, elo +10.6 +/- 63.4
    100 games  .... llr -0.06 [-2.94, 2.94] after 50 pairs, elo +6.9 +/- 62.4
    103 games  .... llr -0.14 [-2.94, 2.94] after 51 pairs, elo +3.4 +/- 61.4
    104 games  .... llr +0.00 [-2.94, 2.94] after 52 pairs, elo +10.0 +/- 61.9
    106 games  .... llr -0.00 [-2.94, 2.94] after 53 pairs, elo +9.8 +/- 60.7
    108 games  .... llr +0.13 [-2.94, 2.94] after 54 pairs, elo +16.1 +/- 61.1
    110 games  .... llr +0.06 [-2.94, 2.94] after 55 pairs, elo +12.6 +/- 60.2
    112 games  .... llr +0.19 [-2.94, 2.94] after 56 pairs, elo +18.6 +/- 60.6
    114 games  .... llr +0.31 [-2.94, 2.94] after 57 pairs, elo +24.4 +/- 61.0
    117 games  .... llr +0.24 [-2.94, 2.94] after 58 pairs, elo +21.0 +/- 60.1
    118 games  .... llr +0.31 [-2.94, 2.94] after 59 pairs, elo +23.6 +/- 59.4
    120 games  .... llr +0.24 [-2.94, 2.94] after 60 pairs, elo +20.3 +/- 58.6
    122 games  .... llr +0.24 [-2.94, 2.94] after 61 pairs, elo +20.0 +/- 57.6
    125 games  .... llr +0.31 [-2.94, 2.94] after 62 pairs, elo +22.4 +/- 57.0
    126 games  .... llr +0.16 [-2.94, 2.94] after 63 pairs, elo +16.6 +/- 57.0
    128 games  .... llr +0.16 [-2.94, 2.94] after 64 pairs, elo +16.3 +/- 56.1
    131 games  .... llr +0.23 [-2.94, 2.94] after 65 pairs, elo +18.7 +/- 55.5
    132 games  .... llr +0.29 [-2.94, 2.94] after 66 pairs, elo +21.1 +/- 54.9
    134 games  .... llr +0.22 [-2.94, 2.94] after 67 pairs, elo +18.2 +/- 54.3
    137 games  .... llr +0.29 [-2.94, 2.94] after 68 pairs, elo +20.5 +/- 53.8
    138 games  .... llr +0.22 [-2.94, 2.94] after 69 pairs, elo +17.6 +/- 53.2
    140 games  .... llr +0.14 [-2.94, 2.94] after 70 pairs, elo +14.9 +/- 52.6
    143 games  .... llr +0.14 [-2.94, 2.94] after 71 pairs, elo +14.7 +/- 51.8
    144 games  .... llr +0.14 [-2.94, 2.94] after 72 pairs, elo +14.5 +/- 51.0
    146 games  .... llr +0.13 [-2.94, 2.94] after 73 pairs, elo +14.3 +/- 50.3
    148 games  .... llr +0.21 [-2.94, 2.94] after 74 pairs, elo +16.4 +/- 49.9
    150 games  .... llr +0.20 [-2.94, 2.94] after 75 pairs, elo +16.2 +/- 49.2
    152 games  .... llr +0.20 [-2.94, 2.94] after 76 pairs, elo +16.0 +/- 48.5
    154 games  .... llr +0.20 [-2.94, 2.94] after 77 pairs, elo +15.8 +/- 47.9
    156 games  .... llr +0.12 [-2.94, 2.94] after 78 pairs, elo +13.4 +/- 47.4
    158 games  .... llr +0.04 [-2.94, 2.94] after 79 pairs, elo +11.0 +/- 47.0
    160 games  .... llr +0.11 [-2.94, 2.94] after 80 pairs, elo +13.0 +/- 46.6
    162 games  .... llr +0.03 [-2.94, 2.94] after 81 pairs, elo +10.7 +/- 46.2
    164 games  .... llr -0.06 [-2.94, 2.94] after 82 pairs, elo +8.5 +/- 45.8
    166 games  .... llr +0.10 [-2.94, 2.94] after 83 pairs, elo +12.6 +/- 46.0
    168 games  .... llr -0.06 [-2.94, 2.94] after 84 pairs, elo +8.3 +/- 46.2
    170 games  .... llr -0.07 [-2.94, 2.94] after 85 pairs, elo +8.2 +/- 45.6
    173 games  .... llr +0.00 [-2.94, 2.94] after 86 pairs, elo +10.1 +/- 45.3
    174 games  .... llr -0.00 [-2.94, 2.94] after 87 pairs, elo +10.0 +/- 44.8
    176 games  .... llr +0.15 [-2.94, 2.94] after 88 pairs, elo +13.8 +/- 45.0
    179 games  .... llr +0.15 [-2.94, 2.94] after 89 pairs, elo +13.7 +/- 44.5
    180 games  .... llr +0.22 [-2.94, 2.94] after 90 pairs, elo +15.5 +/- 44.2
    182 games  .... llr +0.37 [-2.94, 2.94] after 91 pairs, elo +19.1 +/- 44.4
    184 games  .... llr +0.44 [-2.94, 2.94] after 92 pairs, elo +20.8 +/- 44.1
    187 games  .... llr +0.52 [-2.94, 2.94] after 93 pairs, elo +22.4 +/- 43.8
    188 games  .... llr +0.43 [-2.94, 2.94] after 94 pairs, elo +20.4 +/- 43.4
    190 games  .... llr +0.51 [-2.94, 2.94] after 95 pairs, elo +22.0 +/- 43.1
    193 games  .... llr +0.51 [-2.94, 2.94] after 96 pairs, elo +21.7 +/- 42.7
    194 games  .... llr +0.43 [-2.94, 2.94] after 97 pairs, elo +19.7 +/- 42.3
    196 games  .... llr +0.51 [-2.94, 2.94] after 98 pairs, elo +21.3 +/- 42.1
    199 games  .... llr +0.51 [-2.94, 2.94] after 99 pairs, elo +21.1 +/- 41.6
    200 games  .... llr +0.33 [-2.94, 2.94] after 100 pairs, elo +17.4 +/- 41.8
    202 games  .... llr +0.41 [-2.94, 2.94] after 101 pairs, elo +18.9 +/- 41.5
    204 games  .... llr +0.41 [-2.94, 2.94] after 102 pairs, elo +18.8 +/- 41.1
    207 games  .... llr +0.33 [-2.94, 2.94] after 103 pairs, elo +16.9 +/- 40.8
    208 games  .... llr +0.32 [-2.94, 2.94] after 104 pairs, elo +16.7 +/- 40.4
    210 games  .... llr +0.32 [-2.94, 2.94] after 105 pairs, elo +16.6 +/- 40.0
    212 games  .... llr +0.47 [-2.94, 2.94] after 106 pairs, elo +19.7 +/- 40.2
    215 games  .... llr +0.62 [-2.94, 2.94] after 107 pairs, elo +22.8 +/- 40.3
    216 games  .... llr +0.62 [-2.94, 2.94] after 108 pairs, elo +22.6 +/- 40.0
    218 games  .... llr +0.70 [-2.94, 2.94] after 109 pairs, elo +23.9 +/- 39.7
    220 games  .... llr +0.70 [-2.94, 2.94] after 110 pairs, elo +23.7 +/- 39.4
    222 games  .... llr +0.52 [-2.94, 2.94] after 111 pairs, elo +20.4 +/- 39.5
    224 games  .... llr +0.53 [-2.94, 2.94] after 112 pairs, elo +20.2 +/- 39.1
    227 games  .... llr +0.53 [-2.94, 2.94] after 113 pairs, elo +20.0 +/- 38.8
    228 games  .... llr +0.53 [-2.94, 2.94] after 114 pairs, elo +19.8 +/- 38.4
    230 games  .... llr +0.60 [-2.94, 2.94] after 115 pairs, elo +21.2 +/- 38.2
    232 games  .... llr +0.52 [-2.94, 2.94] after 116 pairs, elo +19.5 +/- 38.0
    234 games  .... llr +0.52 [-2.94, 2.94] after 117 pairs, elo +19.3 +/- 37.6
    236 games  .... llr +0.52 [-2.94, 2.94] after 118 pairs, elo +19.2 +/- 37.3
    238 games  .... llr +0.60 [-2.94, 2.94] after 119 pairs, elo +20.5 +/- 37.1
    240 games  .... llr +0.60 [-2.94, 2.94] after 120 pairs, elo +20.3 +/- 36.8
    242 games  .... llr +0.68 [-2.94, 2.94] after 121 pairs, elo +21.6 +/- 36.6
    244 games  .... llr +0.59 [-2.94, 2.94] after 122 pairs, elo +20.0 +/- 36.4
    246 games  .... llr +0.75 [-2.94, 2.94] after 123 pairs, elo +22.6 +/- 36.6
    248 games  .... llr +0.56 [-2.94, 2.94] after 124 pairs, elo +19.6 +/- 36.7
    250 games  .... llr +0.64 [-2.94, 2.94] after 125 pairs, elo +20.9 +/- 36.5
    252 games  .... llr +0.64 [-2.94, 2.94] after 126 pairs, elo +20.7 +/- 36.2
    254 games  .... llr +0.56 [-2.94, 2.94] after 127 pairs, elo +19.2 +/- 36.0
    256 games  .... llr +0.47 [-2.94, 2.94] after 128 pairs, elo +17.7 +/- 35.8
    258 games  .... llr +0.62 [-2.94, 2.94] after 129 pairs, elo +20.2 +/- 35.9
    260 games  .... llr +0.70 [-2.94, 2.94] after 130 pairs, elo +21.4 +/- 35.8
    262 games  .... llr +0.70 [-2.94, 2.94] after 131 pairs, elo +21.2 +/- 35.5
    264 games  .... llr +0.62 [-2.94, 2.94] after 132 pairs, elo +19.8 +/- 35.3
    266 games  .... llr +0.53 [-2.94, 2.94] after 133 pairs, elo +18.3 +/- 35.1
    268 games  .... llr +0.35 [-2.94, 2.94] after 134 pairs, elo +15.6 +/- 35.2
    270 games  .... llr +0.43 [-2.94, 2.94] after 135 pairs, elo +16.7 +/- 35.1
    272 games  .... llr +0.51 [-2.94, 2.94] after 136 pairs, elo +17.9 +/- 34.9
    274 games  .... llr +0.51 [-2.94, 2.94] after 137 pairs, elo +17.8 +/- 34.6
    276 games  .... llr +0.33 [-2.94, 2.94] after 138 pairs, elo +15.1 +/- 34.7
    278 games  .... llr +0.33 [-2.94, 2.94] after 139 pairs, elo +15.0 +/- 34.5
    280 games  .... llr +0.33 [-2.94, 2.94] after 140 pairs, elo +14.9 +/- 34.2
    282 games  .... llr +0.48 [-2.94, 2.94] after 141 pairs, elo +17.3 +/- 34.3
    285 games  .... llr +0.56 [-2.94, 2.94] after 142 pairs, elo +18.4 +/- 34.2
    286 games  .... llr +0.56 [-2.94, 2.94] after 143 pairs, elo +18.2 +/- 33.9
    288 games  .... llr +0.64 [-2.94, 2.94] after 144 pairs, elo +19.3 +/- 33.8
    290 games  .... llr +0.64 [-2.94, 2.94] after 145 pairs, elo +19.2 +/- 33.6
    292 games  .... llr +0.64 [-2.94, 2.94] after 146 pairs, elo +19.1 +/- 33.3
    294 games  .... llr +0.64 [-2.94, 2.94] after 147 pairs, elo +18.9 +/- 33.1
    297 games  .... llr +0.79 [-2.94, 2.94] after 148 pairs, elo +21.2 +/- 33.2
    298 games  .... llr +0.71 [-2.94, 2.94] after 149 pairs, elo +19.8 +/- 33.1
    300 games  .... llr +0.53 [-2.94, 2.94] after 150 pairs, elo +17.4 +/- 33.1
    302 games  .... llr +0.53 [-2.94, 2.94] after 151 pairs, elo +17.3 +/- 32.9
    304 games  .... llr +0.61 [-2.94, 2.94] after 152 pairs, elo +18.3 +/- 32.8
    306 games  .... llr +0.69 [-2.94, 2.94] after 153 pairs, elo +19.3 +/- 32.7
    308 games  .... llr +0.69 [-2.94, 2.94] after 154 pairs, elo +19.2 +/- 32.4
    311 games  .... llr +0.77 [-2.94, 2.94] after 155 pairs, elo +20.2 +/- 32.3
    312 games  .... llr +0.92 [-2.94, 2.94] after 156 pairs, elo +22.3 +/- 32.4
    314 games  .... llr +0.92 [-2.94, 2.94] after 157 pairs, elo +22.2 +/- 32.2
    316 games  .... llr +0.92 [-2.94, 2.94] after 158 pairs, elo +22.0 +/- 32.0
    318 games  .... llr +0.83 [-2.94, 2.94] after 159 pairs, elo +20.8 +/- 31.9
    320 games  .... llr +0.92 [-2.94, 2.94] after 160 pairs, elo +21.7 +/- 31.7
    322 games  .... llr +0.92 [-2.94, 2.94] after 161 pairs, elo +21.6 +/- 31.5
    324 games  .... llr +1.00 [-2.94, 2.94] after 162 pairs, elo +22.6 +/- 31.4
    326 games  .... llr +1.16 [-2.94, 2.94] after 163 pairs, elo +24.6 +/- 31.5
    328 games  .... llr +1.16 [-2.94, 2.94] after 164 pairs, elo +24.4 +/- 31.3
    330 games  .... llr +0.97 [-2.94, 2.94] after 165 pairs, elo +22.1 +/- 31.4
    332 games  .... llr +0.88 [-2.94, 2.94] after 166 pairs, elo +21.0 +/- 31.3
    334 games  .... llr +1.03 [-2.94, 2.94] after 167 pairs, elo +22.9 +/- 31.4
    336 games  .... llr +1.11 [-2.94, 2.94] after 168 pairs, elo +23.8 +/- 31.2
    338 games  .... llr +1.20 [-2.94, 2.94] after 169 pairs, elo +24.7 +/- 31.1
    340 games  .... llr +1.11 [-2.94, 2.94] after 170 pairs, elo +23.5 +/- 31.0
    342 games  .... llr +1.11 [-2.94, 2.94] after 171 pairs, elo +23.4 +/- 30.8
    344 games  .... llr +1.11 [-2.94, 2.94] after 172 pairs, elo +23.3 +/- 30.6
    346 games  .... llr +0.92 [-2.94, 2.94] after 173 pairs, elo +21.1 +/- 30.7
    348 games  .... llr +1.01 [-2.94, 2.94] after 174 pairs, elo +22.0 +/- 30.6
    350 games  .... llr +1.01 [-2.94, 2.94] after 175 pairs, elo +21.9 +/- 30.4
    352 games  .... llr +1.09 [-2.94, 2.94] after 176 pairs, elo +22.7 +/- 30.3
    354 games  .... llr +1.09 [-2.94, 2.94] after 177 pairs, elo +22.6 +/- 30.1
    356 games  .... llr +1.00 [-2.94, 2.94] after 178 pairs, elo +21.5 +/- 30.0
    358 games  .... llr +1.08 [-2.94, 2.94] after 179 pairs, elo +22.4 +/- 29.9
    360 games  .... llr +1.08 [-2.94, 2.94] after 180 pairs, elo +22.2 +/- 29.7
    362 games  .... llr +0.99 [-2.94, 2.94] after 181 pairs, elo +21.1 +/- 29.6
    364 games  .... llr +0.81 [-2.94, 2.94] after 182 pairs, elo +19.1 +/- 29.7
    366 games  .... llr +0.72 [-2.94, 2.94] after 183 pairs, elo +18.1 +/- 29.6
    368 games  .... llr +0.80 [-2.94, 2.94] after 184 pairs, elo +18.9 +/- 29.5
    370 games  .... llr +0.96 [-2.94, 2.94] after 185 pairs, elo +20.7 +/- 29.6
    372 games  .... llr +1.04 [-2.94, 2.94] after 186 pairs, elo +21.5 +/- 29.5
    375 games  .... llr +1.04 [-2.94, 2.94] after 187 pairs, elo +21.4 +/- 29.3
    376 games  .... llr +0.85 [-2.94, 2.94] after 188 pairs, elo +19.4 +/- 29.4
    378 games  .... llr +0.85 [-2.94, 2.94] after 189 pairs, elo +19.3 +/- 29.2
    380 games  .... llr +0.76 [-2.94, 2.94] after 190 pairs, elo +18.3 +/- 29.1
    382 games  .... llr +0.85 [-2.94, 2.94] after 191 pairs, elo +19.1 +/- 29.0
    385 games  .... llr +0.93 [-2.94, 2.94] after 192 pairs, elo +19.9 +/- 28.9
    386 games  .... llr +0.74 [-2.94, 2.94] after 193 pairs, elo +18.0 +/- 29.0
    389 games  .... llr +0.74 [-2.94, 2.94] after 194 pairs, elo +17.9 +/- 28.9
    390 games  .... llr +0.74 [-2.94, 2.94] after 195 pairs, elo +17.8 +/- 28.7
    393 games  .... llr +0.65 [-2.94, 2.94] after 196 pairs, elo +16.9 +/- 28.6
    394 games  .... llr +0.81 [-2.94, 2.94] after 197 pairs, elo +18.5 +/- 28.7
    396 games  .... llr +0.81 [-2.94, 2.94] after 198 pairs, elo +18.4 +/- 28.5
    399 games  .... llr +0.89 [-2.94, 2.94] after 199 pairs, elo +19.2 +/- 28.4
    400 games  .... llr +0.97 [-2.94, 2.94] after 200 pairs, elo +20.0 +/- 28.4
    402 games  .... llr +1.06 [-2.94, 2.94] after 201 pairs, elo +20.8 +/- 28.3
    405 games  .... llr +1.06 [-2.94, 2.94] after 202 pairs, elo +20.7 +/- 28.1
    407 games  .... llr +1.06 [-2.94, 2.94] after 203 pairs, elo +20.6 +/- 28.0
    408 games  .... llr +1.21 [-2.94, 2.94] after 204 pairs, elo +22.2 +/- 28.0
    410 games  .... llr +1.12 [-2.94, 2.94] after 205 pairs, elo +21.2 +/- 28.0
    412 games  .... llr +1.12 [-2.94, 2.94] after 206 pairs, elo +21.1 +/- 27.8
    415 games  .... llr +1.03 [-2.94, 2.94] after 207 pairs, elo +20.2 +/- 27.7
    416 games  .... llr +1.12 [-2.94, 2.94] after 208 pairs, elo +20.9 +/- 27.6
    418 games  .... llr +1.27 [-2.94, 2.94] after 209 pairs, elo +22.5 +/- 27.7
    420 games  .... llr +1.27 [-2.94, 2.94] after 210 pairs, elo +22.4 +/- 27.6
    422 games  .... llr +1.28 [-2.94, 2.94] after 211 pairs, elo +22.3 +/- 27.4
    424 games  .... llr +1.36 [-2.94, 2.94] after 212 pairs, elo +23.0 +/- 27.4
    427 games  .... llr +1.36 [-2.94, 2.94] after 213 pairs, elo +22.9 +/- 27.2
    428 games  .... llr +1.52 [-2.94, 2.94] after 214 pairs, elo +24.4 +/- 27.3
    431 games  .... llr +1.67 [-2.94, 2.94] after 215 pairs, elo +25.9 +/- 27.4
    432 games  .... llr +1.82 [-2.94, 2.94] after 216 pairs, elo +27.4 +/- 27.4
    434 games  .... llr +1.83 [-2.94, 2.94] after 217 pairs, elo +27.3 +/- 27.3
    436 games  .... llr +1.91 [-2.94, 2.94] after 218 pairs, elo +28.0 +/- 27.2
    438 games  .... llr +1.82 [-2.94, 2.94] after 219 pairs, elo +27.0 +/- 27.1
    440 games  .... llr +1.91 [-2.94, 2.94] after 220 pairs, elo +27.7 +/- 27.1
    442 games  .... llr +2.06 [-2.94, 2.94] after 221 pairs, elo +29.2 +/- 27.1
    444 games  .... llr +2.21 [-2.94, 2.94] after 222 pairs, elo +30.6 +/- 27.2
    447 games  .... llr +2.36 [-2.94, 2.94] after 223 pairs, elo +32.0 +/- 27.2
    448 games  .... llr +2.44 [-2.94, 2.94] after 224 pairs, elo +32.7 +/- 27.1
    450 games  .... llr +2.45 [-2.94, 2.94] after 225 pairs, elo +32.5 +/- 27.0
    452 games  .... llr +2.59 [-2.94, 2.94] after 226 pairs, elo +33.9 +/- 27.1
    455 games  .... llr +2.68 [-2.94, 2.94] after 227 pairs, elo +34.6 +/- 27.0
    456 games  .... llr +2.76 [-2.94, 2.94] after 228 pairs, elo +35.2 +/- 26.9
    459 games  .... llr +2.91 [-2.94, 2.94] after 229 pairs, elo +36.5 +/- 27.0
    461 games  .... llr +2.92 [-2.94, 2.94] after 230 pairs, elo +36.4 +/- 26.8
    462 games  .... llr +2.92 [-2.94, 2.94] after 231 pairs, elo +36.2 +/- 26.7
    464 games  .... llr +2.83 [-2.94, 2.94] after 232 pairs, elo +35.3 +/- 26.7
    466 games  .... llr +2.92 [-2.94, 2.94] after 233 pairs, elo +35.9 +/- 26.6
    469 games  .... llr +2.93 [-2.94, 2.94] after 234 pairs, elo +35.8 +/- 26.5
    470 games  .... llr +2.72 [-2.94, 2.94] after 235 pairs, elo +34.1 +/- 26.5
    472 games  .... llr +2.81 [-2.94, 2.94] after 236 pairs, elo +34.7 +/- 26.4
    475 games  .... llr +2.89 [-2.94, 2.94] after 237 pairs, elo +35.3 +/- 26.4
    477 games  PASS llr +2.98 [-2.94, 2.94] after 238 pairs, elo +35.9 +/- 26.3

C:\dev\aichessathon\starter\overnight\challengers\110-v85all vs C:\dev\aichessathon\starter
  +184 =159 -134  score 55.2%  over 477 games
  PASS llr +2.98 [-2.94, 2.94] after 238 pairs, elo +35.9 +/- 26.3
  mean game length 145 plies
  terminations: adjudication 7, checkmate 312, fifty_moves 10, insufficient_material 74, stalemate 2, threefold_repetition 72

PROMOTE  110-v85all  +36 Elo over 477 games
