stage 1: crash gate, 132-v9core vs random
  clean over 24 games, 100% vs random

stage 2: SPRT[0, 20], challenger vs champion
  note: 300 pairs over 119 openings, 2.5 repeats each -- the SPRT will read more confident than the evidence warrants
      3 games  .... llr +0.00 [-2.94, 2.94] after 1 pairs, elo +0.0 +/- inf
      5 games  .... llr -0.08 [-2.94, 2.94] after 2 pairs, elo -0.0 +/- 98.9
      7 games  .... llr -0.12 [-2.94, 2.94] after 3 pairs, elo -0.0 +/- 80.0
     11 games  .... llr +0.20 [-2.94, 2.94] after 4 pairs, elo +88.7 +/- 241.5
     12 games  .... llr +0.36 [-2.94, 2.94] after 5 pairs, elo +147.2 +/- 331.0
     13 games  .... llr +0.55 [-2.94, 2.94] after 6 pairs, elo +154.1 +/- 237.5
     14 games  .... llr +0.80 [-2.94, 2.94] after 7 pairs, elo +159.2 +/- 188.5
     16 games  .... llr +1.08 [-2.94, 2.94] after 8 pairs, elo +163.0 +/- 157.2
     18 games  .... llr +1.30 [-2.94, 2.94] after 9 pairs, elo +190.8 +/- 174.9
     20 games  .... llr +1.56 [-2.94, 2.94] after 10 pairs, elo +214.8 +/- 188.5
     22 games  .... llr +0.99 [-2.94, 2.94] after 11 pairs, elo +170.4 +/- 178.4
     24 games  .... llr +1.01 [-2.94, 2.94] after 12 pairs, elo +154.1 +/- 152.7
     26 games  .... llr +1.20 [-2.94, 2.94] after 13 pairs, elo +173.5 +/- 159.6
     28 games  .... llr +1.22 [-2.94, 2.94] after 14 pairs, elo +159.2 +/- 140.5
     30 games  .... llr +0.96 [-2.94, 2.94] after 15 pairs, elo +133.6 +/- 132.7
     32 games  .... llr +0.79 [-2.94, 2.94] after 16 pairs, elo +112.3 +/- 125.1
     34 games  .... llr +0.66 [-2.94, 2.94] after 17 pairs, elo +94.2 +/- 118.1
     36 games  .... llr +0.78 [-2.94, 2.94] after 18 pairs, elo +99.1 +/- 112.4
     38 games  .... llr +0.66 [-2.94, 2.94] after 19 pairs, elo +83.9 +/- 107.2
     41 games  .... llr +0.69 [-2.94, 2.94] after 20 pairs, elo +79.5 +/- 100.4
     42 games  .... llr +0.83 [-2.94, 2.94] after 21 pairs, elo +93.2 +/- 103.0
     44 games  .... llr +0.85 [-2.94, 2.94] after 22 pairs, elo +88.7 +/- 97.1
     46 games  .... llr +0.97 [-2.94, 2.94] after 23 pairs, elo +92.8 +/- 93.6
     48 games  .... llr +1.10 [-2.94, 2.94] after 24 pairs, elo +96.5 +/- 90.4
     50 games  .... llr +1.13 [-2.94, 2.94] after 25 pairs, elo +92.5 +/- 85.9
     52 games  .... llr +1.26 [-2.94, 2.94] after 26 pairs, elo +95.9 +/- 83.2
     54 games  .... llr +1.29 [-2.94, 2.94] after 27 pairs, elo +92.2 +/- 79.5
     57 games  .... llr +1.44 [-2.94, 2.94] after 28 pairs, elo +95.4 +/- 77.3
     58 games  .... llr +1.47 [-2.94, 2.94] after 29 pairs, elo +91.9 +/- 74.1
     60 games  .... llr +1.50 [-2.94, 2.94] after 30 pairs, elo +88.7 +/- 71.2
     62 games  .... llr +1.53 [-2.94, 2.94] after 31 pairs, elo +85.8 +/- 68.6
     64 games  .... llr +1.69 [-2.94, 2.94] after 32 pairs, elo +94.6 +/- 70.2
     66 games  .... llr +1.85 [-2.94, 2.94] after 33 pairs, elo +102.9 +/- 71.6
     68 games  .... llr +1.88 [-2.94, 2.94] after 34 pairs, elo +99.7 +/- 69.1
     70 games  .... llr +1.70 [-2.94, 2.94] after 35 pairs, elo +91.4 +/- 68.1
     72 games  .... llr +1.73 [-2.94, 2.94] after 36 pairs, elo +88.7 +/- 65.9
     74 games  .... llr +1.33 [-2.94, 2.94] after 37 pairs, elo +76.3 +/- 67.8
     76 games  .... llr +1.48 [-2.94, 2.94] after 38 pairs, elo +83.9 +/- 68.8
     78 games  .... llr +1.51 [-2.94, 2.94] after 39 pairs, elo +81.6 +/- 66.7
     80 games  .... llr +1.53 [-2.94, 2.94] after 40 pairs, elo +79.5 +/- 64.8
     82 games  .... llr +1.66 [-2.94, 2.94] after 41 pairs, elo +82.0 +/- 63.6
     85 games  .... llr +1.69 [-2.94, 2.94] after 42 pairs, elo +80.0 +/- 61.9
     86 games  .... llr +1.71 [-2.94, 2.94] after 43 pairs, elo +78.0 +/- 60.3
     89 games  .... llr +1.84 [-2.94, 2.94] after 44 pairs, elo +80.4 +/- 59.3
     90 games  .... llr +1.87 [-2.94, 2.94] after 45 pairs, elo +78.5 +/- 57.8
     92 games  .... llr +2.02 [-2.94, 2.94] after 46 pairs, elo +84.7 +/- 58.6
     94 games  .... llr +2.16 [-2.94, 2.94] after 47 pairs, elo +86.8 +/- 57.7
     97 games  .... llr +2.19 [-2.94, 2.94] after 48 pairs, elo +84.9 +/- 56.3
     98 games  .... llr +2.34 [-2.94, 2.94] after 49 pairs, elo +90.6 +/- 57.0
    100 games  .... llr +2.37 [-2.94, 2.94] after 50 pairs, elo +88.7 +/- 55.8
    102 games  .... llr +2.21 [-2.94, 2.94] after 51 pairs, elo +83.3 +/- 55.2
    104 games  .... llr +2.35 [-2.94, 2.94] after 52 pairs, elo +85.2 +/- 54.4
    106 games  .... llr +1.96 [-2.94, 2.94] after 53 pairs, elo +76.6 +/- 55.5
    108 games  .... llr +1.83 [-2.94, 2.94] after 54 pairs, elo +71.8 +/- 54.9
    111 games  .... llr +1.85 [-2.94, 2.94] after 55 pairs, elo +70.4 +/- 53.8
    112 games  .... llr +1.73 [-2.94, 2.94] after 56 pairs, elo +65.9 +/- 53.2
    114 games  .... llr +1.84 [-2.94, 2.94] after 57 pairs, elo +67.9 +/- 52.5
    117 games  .... llr +1.86 [-2.94, 2.94] after 58 pairs, elo +66.7 +/- 51.5
    118 games  .... llr +1.89 [-2.94, 2.94] after 59 pairs, elo +65.5 +/- 50.6
    121 games  .... llr +1.91 [-2.94, 2.94] after 60 pairs, elo +64.4 +/- 49.7
    122 games  .... llr +1.78 [-2.94, 2.94] after 61 pairs, elo +60.4 +/- 49.2
    125 games  .... llr +1.80 [-2.94, 2.94] after 62 pairs, elo +59.4 +/- 48.4
    126 games  .... llr +1.82 [-2.94, 2.94] after 63 pairs, elo +58.5 +/- 47.6
    128 games  .... llr +1.70 [-2.94, 2.94] after 64 pairs, elo +54.7 +/- 47.2
    130 games  .... llr +1.71 [-2.94, 2.94] after 65 pairs, elo +53.9 +/- 46.4
    132 games  .... llr +1.41 [-2.94, 2.94] after 66 pairs, elo +47.7 +/- 47.0
    134 games  .... llr +1.43 [-2.94, 2.94] after 67 pairs, elo +47.0 +/- 46.3
    136 games  .... llr +1.54 [-2.94, 2.94] after 68 pairs, elo +48.9 +/- 45.8
    138 games  .... llr +1.55 [-2.94, 2.94] after 69 pairs, elo +48.1 +/- 45.1
    140 games  .... llr +1.57 [-2.94, 2.94] after 70 pairs, elo +47.4 +/- 44.5
    142 games  .... llr +1.28 [-2.94, 2.94] after 71 pairs, elo +41.8 +/- 45.0
    144 games  .... llr +1.44 [-2.94, 2.94] after 72 pairs, elo +46.1 +/- 45.4
    147 games  .... llr +1.46 [-2.94, 2.94] after 73 pairs, elo +45.5 +/- 44.8
    148 games  .... llr +1.56 [-2.94, 2.94] after 74 pairs, elo +47.2 +/- 44.4
    150 games  .... llr +1.58 [-2.94, 2.94] after 75 pairs, elo +46.6 +/- 43.8
    152 games  .... llr +1.59 [-2.94, 2.94] after 76 pairs, elo +46.0 +/- 43.2
    154 games  .... llr +1.32 [-2.94, 2.94] after 77 pairs, elo +40.8 +/- 43.6
    156 games  .... llr +1.21 [-2.94, 2.94] after 78 pairs, elo +38.0 +/- 43.3
    158 games  .... llr +1.22 [-2.94, 2.94] after 79 pairs, elo +37.5 +/- 42.7
    161 games  .... llr +1.23 [-2.94, 2.94] after 80 pairs, elo +37.1 +/- 42.1
    162 games  .... llr +1.12 [-2.94, 2.94] after 81 pairs, elo +34.4 +/- 41.8
    165 games  .... llr +1.22 [-2.94, 2.94] after 82 pairs, elo +36.1 +/- 41.5
    166 games  .... llr +1.39 [-2.94, 2.94] after 83 pairs, elo +39.9 +/- 41.9
    168 games  .... llr +1.49 [-2.94, 2.94] after 84 pairs, elo +41.6 +/- 41.6
    170 games  .... llr +1.24 [-2.94, 2.94] after 85 pairs, elo +36.9 +/- 41.9
    172 games  .... llr +1.25 [-2.94, 2.94] after 86 pairs, elo +36.5 +/- 41.4
    174 games  .... llr +1.26 [-2.94, 2.94] after 87 pairs, elo +36.1 +/- 40.9
    176 games  .... llr +1.02 [-2.94, 2.94] after 88 pairs, elo +31.7 +/- 41.2
    178 games  .... llr +0.92 [-2.94, 2.94] after 89 pairs, elo +29.3 +/- 40.9
    180 games  .... llr +0.82 [-2.94, 2.94] after 90 pairs, elo +27.1 +/- 40.7
    182 games  .... llr +0.91 [-2.94, 2.94] after 91 pairs, elo +28.7 +/- 40.4
    185 games  .... llr +1.01 [-2.94, 2.94] after 92 pairs, elo +30.3 +/- 40.1
    186 games  .... llr +1.01 [-2.94, 2.94] after 93 pairs, elo +30.0 +/- 39.7
    188 games  .... llr +0.91 [-2.94, 2.94] after 94 pairs, elo +27.8 +/- 39.4
    190 games  .... llr +1.01 [-2.94, 2.94] after 95 pairs, elo +29.3 +/- 39.2
    192 games  .... llr +1.01 [-2.94, 2.94] after 96 pairs, elo +29.0 +/- 38.7
    194 games  .... llr +1.02 [-2.94, 2.94] after 97 pairs, elo +28.7 +/- 38.3
    196 games  .... llr +1.02 [-2.94, 2.94] after 98 pairs, elo +28.4 +/- 37.9
    198 games  .... llr +0.79 [-2.94, 2.94] after 99 pairs, elo +24.6 +/- 38.2
    200 games  .... llr +0.69 [-2.94, 2.94] after 100 pairs, elo +22.6 +/- 38.0
  checkpoint 200: +23 Elo, trending positive -> PROMOTE early

C:\dev\aichessathon\starter\overnight\challengers\132-v9core vs C:\dev\aichessathon\starter
  +70 =73 -57  score 53.2%  over 200 games
  PASS llr +0.69 [-2.94, 2.94] after 100 pairs, elo +22.6 +/- 38.0
  mean game length 146 plies
  terminations: adjudication 4, checkmate 125, fifty_moves 9, insufficient_material 32, stalemate 1, threefold_repetition 29

PROMOTE  132-v9core  +23 Elo over 200 games
