stage 1: crash gate, 133-conthist vs random
  clean over 24 games, 100% vs random

stage 2: SPRT[0, 20], challenger vs champion
  note: 300 pairs over 119 openings, 2.5 repeats each -- the SPRT will read more confident than the evidence warrants
      3 games  .... llr +0.00 [-2.94, 2.94] after 1 pairs, elo +0.0 +/- inf
      4 games  .... llr +1.35 [-2.94, 2.94] after 2 pairs, elo +190.8 +/- 169.9
      7 games  .... llr +0.07 [-2.94, 2.94] after 3 pairs, elo +58.5 +/- 343.5
      8 games  .... llr +0.20 [-2.94, 2.94] after 4 pairs, elo +88.7 +/- 241.5
     11 games  .... llr +0.07 [-2.94, 2.94] after 5 pairs, elo +34.9 +/- 195.4
     13 games  .... llr +0.18 [-2.94, 2.94] after 6 pairs, elo +58.5 +/- 171.6
     14 games  .... llr +0.31 [-2.94, 2.94] after 7 pairs, elo +75.6 +/- 152.3
     18 games  .... llr +0.04 [-2.94, 2.94] after 8 pairs, elo +21.7 +/- 166.5
     19 games  .... llr -0.04 [-2.94, 2.94] after 9 pairs, elo -0.0 +/- 147.2
     21 games  .... llr +0.03 [-2.94, 2.94] after 10 pairs, elo +17.4 +/- 138.6
     23 games  .... llr -0.05 [-2.94, 2.94] after 11 pairs, elo -0.0 +/- 126.8
     24 games  .... llr -0.06 [-2.94, 2.94] after 12 pairs, elo -0.0 +/- 114.9
     26 games  .... llr -0.16 [-2.94, 2.94] after 13 pairs, elo -13.4 +/- 107.6
     28 games  .... llr -0.31 [-2.94, 2.94] after 14 pairs, elo -37.4 +/- 109.3
     31 games  .... llr -0.34 [-2.94, 2.94] after 15 pairs, elo -34.9 +/- 101.7
     32 games  .... llr -0.45 [-2.94, 2.94] after 16 pairs, elo -43.7 +/- 96.4
     34 games  .... llr -0.56 [-2.94, 2.94] after 17 pairs, elo -51.5 +/- 91.8
     37 games  .... llr -0.47 [-2.94, 2.94] after 18 pairs, elo -38.8 +/- 90.0
     38 games  .... llr -0.50 [-2.94, 2.94] after 19 pairs, elo -36.7 +/- 85.1
     40 games  .... llr -0.53 [-2.94, 2.94] after 20 pairs, elo -34.9 +/- 80.8
     42 games  .... llr -0.29 [-2.94, 2.94] after 21 pairs, elo -16.6 +/- 85.3
     44 games  .... llr -0.20 [-2.94, 2.94] after 22 pairs, elo -7.9 +/- 83.4
     46 games  .... llr -0.36 [-2.94, 2.94] after 23 pairs, elo -22.7 +/- 84.4
     49 games  .... llr -0.28 [-2.94, 2.94] after 24 pairs, elo -14.5 +/- 82.6
     50 games  .... llr -0.30 [-2.94, 2.94] after 25 pairs, elo -13.9 +/- 79.2
     52 games  .... llr -0.32 [-2.94, 2.94] after 26 pairs, elo -13.4 +/- 76.0
     55 games  .... llr -0.33 [-2.94, 2.94] after 27 pairs, elo -12.9 +/- 73.1
     56 games  .... llr -0.35 [-2.94, 2.94] after 28 pairs, elo -12.4 +/- 70.4
     59 games  .... llr -0.37 [-2.94, 2.94] after 29 pairs, elo -12.0 +/- 67.9
     60 games  .... llr -0.39 [-2.94, 2.94] after 30 pairs, elo -11.6 +/- 65.6
     63 games  .... llr -0.29 [-2.94, 2.94] after 31 pairs, elo -5.6 +/- 64.7
     64 games  .... llr -0.40 [-2.94, 2.94] after 32 pairs, elo -10.9 +/- 63.3
     67 games  .... llr -0.52 [-2.94, 2.94] after 33 pairs, elo -15.8 +/- 62.0
     68 games  .... llr -0.54 [-2.94, 2.94] after 34 pairs, elo -15.3 +/- 60.2
     70 games  .... llr -0.66 [-2.94, 2.94] after 35 pairs, elo -19.9 +/- 59.0
     72 games  .... llr -0.78 [-2.94, 2.94] after 36 pairs, elo -24.2 +/- 57.9
     75 games  .... llr -0.68 [-2.94, 2.94] after 37 pairs, elo -18.8 +/- 57.4
     76 games  .... llr -0.85 [-2.94, 2.94] after 38 pairs, elo -27.5 +/- 58.3
     78 games  .... llr -0.97 [-2.94, 2.94] after 39 pairs, elo -31.3 +/- 57.3
     81 games  .... llr -1.09 [-2.94, 2.94] after 40 pairs, elo -34.9 +/- 56.3
     82 games  .... llr -1.21 [-2.94, 2.94] after 41 pairs, elo -38.3 +/- 55.3
     84 games  .... llr -1.25 [-2.94, 2.94] after 42 pairs, elo -37.4 +/- 54.0
     86 games  .... llr -1.29 [-2.94, 2.94] after 43 pairs, elo -36.5 +/- 52.8
     88 games  .... llr -1.32 [-2.94, 2.94] after 44 pairs, elo -35.7 +/- 51.6
     90 games  .... llr -1.45 [-2.94, 2.94] after 45 pairs, elo -38.8 +/- 50.8
     92 games  .... llr -1.59 [-2.94, 2.94] after 46 pairs, elo -41.7 +/- 50.1
     95 games  .... llr -1.63 [-2.94, 2.94] after 47 pairs, elo -40.8 +/- 49.0
     97 games  .... llr -1.77 [-2.94, 2.94] after 48 pairs, elo -43.7 +/- 48.3
     98 games  .... llr -1.82 [-2.94, 2.94] after 49 pairs, elo -42.8 +/- 47.3
    100 games  .... llr -1.68 [-2.94, 2.94] after 50 pairs, elo -38.4 +/- 47.1
    103 games  .... llr -1.82 [-2.94, 2.94] after 51 pairs, elo -41.1 +/- 46.5
    104 games  .... llr -1.98 [-2.94, 2.94] after 52 pairs, elo -47.1 +/- 47.1
    106 games  .... llr -2.03 [-2.94, 2.94] after 53 pairs, elo -46.2 +/- 46.3
    108 games  .... llr -2.07 [-2.94, 2.94] after 54 pairs, elo -45.3 +/- 45.4
    110 games  .... llr -2.11 [-2.94, 2.94] after 55 pairs, elo -44.5 +/- 44.6
    112 games  .... llr -2.28 [-2.94, 2.94] after 56 pairs, elo -50.0 +/- 45.2
    114 games  .... llr -2.14 [-2.94, 2.94] after 57 pairs, elo -46.0 +/- 45.0
    116 games  .... llr -2.28 [-2.94, 2.94] after 58 pairs, elo -48.2 +/- 44.5
    118 games  .... llr -2.42 [-2.94, 2.94] after 59 pairs, elo -50.4 +/- 43.9
    120 games  .... llr -2.29 [-2.94, 2.94] after 60 pairs, elo -46.6 +/- 43.8
    122 games  .... llr -2.15 [-2.94, 2.94] after 61 pairs, elo -42.9 +/- 43.6
    124 games  .... llr -2.29 [-2.94, 2.94] after 62 pairs, elo -45.1 +/- 43.1
    126 games  .... llr -2.33 [-2.94, 2.94] after 63 pairs, elo -44.4 +/- 42.4
    128 games  .... llr -1.97 [-2.94, 2.94] after 64 pairs, elo -38.2 +/- 43.4
    130 games  .... llr -2.13 [-2.94, 2.94] after 65 pairs, elo -43.0 +/- 43.8
    132 games  .... llr -2.17 [-2.94, 2.94] after 66 pairs, elo -42.3 +/- 43.1
    134 games  .... llr -2.05 [-2.94, 2.94] after 67 pairs, elo -39.1 +/- 42.9
    136 games  .... llr -2.09 [-2.94, 2.94] after 68 pairs, elo -38.5 +/- 42.3
    138 games  .... llr -2.22 [-2.94, 2.94] after 69 pairs, elo -40.5 +/- 41.9
    140 games  .... llr -2.35 [-2.94, 2.94] after 70 pairs, elo -42.4 +/- 41.5
    142 games  .... llr -2.49 [-2.94, 2.94] after 71 pairs, elo -44.3 +/- 41.1
    144 games  .... llr -2.53 [-2.94, 2.94] after 72 pairs, elo -43.7 +/- 40.5
    146 games  .... llr -2.69 [-2.94, 2.94] after 73 pairs, elo -47.9 +/- 40.8
    148 games  .... llr -2.83 [-2.94, 2.94] after 74 pairs, elo -49.6 +/- 40.5
    150 games  .... llr -2.47 [-2.94, 2.94] after 75 pairs, elo -44.2 +/- 41.2
    152 games  .... llr -2.63 [-2.94, 2.94] after 76 pairs, elo -48.3 +/- 41.4
    155 games  .... llr -2.52 [-2.94, 2.94] after 77 pairs, elo -45.4 +/- 41.2
    156 games  .... llr -2.67 [-2.94, 2.94] after 78 pairs, elo -49.3 +/- 41.5
    159 games  .... llr -2.71 [-2.94, 2.94] after 79 pairs, elo -48.7 +/- 41.0
    160 games  .... llr -2.75 [-2.94, 2.94] after 80 pairs, elo -48.1 +/- 40.5
    162 games  .... llr -2.79 [-2.94, 2.94] after 81 pairs, elo -47.5 +/- 40.0
    164 games  .... llr -2.92 [-2.94, 2.94] after 82 pairs, elo -49.0 +/- 39.6
    166 games  .... llr -2.59 [-2.94, 2.94] after 83 pairs, elo -44.2 +/- 40.2
    168 games  .... llr -2.30 [-2.94, 2.94] after 84 pairs, elo -39.5 +/- 40.7
    170 games  .... llr -2.21 [-2.94, 2.94] after 85 pairs, elo -36.9 +/- 40.5
    172 games  .... llr -2.24 [-2.94, 2.94] after 86 pairs, elo -36.5 +/- 40.0
    174 games  .... llr -2.35 [-2.94, 2.94] after 87 pairs, elo -38.1 +/- 39.7
    176 games  .... llr -2.47 [-2.94, 2.94] after 88 pairs, elo -39.7 +/- 39.4
    178 games  .... llr -2.37 [-2.94, 2.94] after 89 pairs, elo -37.2 +/- 39.2
    181 games  .... llr -2.40 [-2.94, 2.94] after 90 pairs, elo -36.8 +/- 38.7
    182 games  .... llr -2.43 [-2.94, 2.94] after 91 pairs, elo -36.4 +/- 38.3
    185 games  .... llr -2.33 [-2.94, 2.94] after 92 pairs, elo -34.1 +/- 38.1
    186 games  .... llr -2.07 [-2.94, 2.94] after 93 pairs, elo -30.0 +/- 38.6
    188 games  .... llr -1.82 [-2.94, 2.94] after 94 pairs, elo -25.9 +/- 38.9
    190 games  .... llr -1.73 [-2.94, 2.94] after 95 pairs, elo -23.8 +/- 38.7
    192 games  .... llr -1.51 [-2.94, 2.94] after 96 pairs, elo -19.9 +/- 39.1
    195 games  .... llr -1.53 [-2.94, 2.94] after 97 pairs, elo -19.7 +/- 38.7
    196 games  .... llr -1.55 [-2.94, 2.94] after 98 pairs, elo -19.5 +/- 38.3
    198 games  .... llr -1.46 [-2.94, 2.94] after 99 pairs, elo -17.6 +/- 38.1
    201 games  .... llr -1.62 [-2.94, 2.94] after 100 pairs, elo -20.9 +/- 38.2
  checkpoint 201: -21 Elo, undecided -> 200 more
    202 games  .... llr -1.64 [-2.94, 2.94] after 101 pairs, elo -20.7 +/- 37.9
    204 games  .... llr -1.80 [-2.94, 2.94] after 102 pairs, elo -23.9 +/- 38.0
    206 games  .... llr -1.91 [-2.94, 2.94] after 103 pairs, elo -25.3 +/- 37.8
    208 games  .... llr -1.93 [-2.94, 2.94] after 104 pairs, elo -25.1 +/- 37.4
    210 games  .... llr -1.95 [-2.94, 2.94] after 105 pairs, elo -24.9 +/- 37.0
    212 games  .... llr -1.86 [-2.94, 2.94] after 106 pairs, elo -23.0 +/- 36.9
    214 games  .... llr -1.78 [-2.94, 2.94] after 107 pairs, elo -21.1 +/- 36.7
    216 games  .... llr -1.80 [-2.94, 2.94] after 108 pairs, elo -20.9 +/- 36.3
    218 games  .... llr -1.71 [-2.94, 2.94] after 109 pairs, elo -19.1 +/- 36.2
    220 games  .... llr -1.73 [-2.94, 2.94] after 110 pairs, elo -19.0 +/- 35.9
    223 games  .... llr -1.84 [-2.94, 2.94] after 111 pairs, elo -20.4 +/- 35.6
    224 games  .... llr -1.86 [-2.94, 2.94] after 112 pairs, elo -20.2 +/- 35.3
    227 games  .... llr -2.02 [-2.94, 2.94] after 113 pairs, elo -23.1 +/- 35.5
    228 games  .... llr -2.04 [-2.94, 2.94] after 114 pairs, elo -22.9 +/- 35.2
    230 games  .... llr -2.20 [-2.94, 2.94] after 115 pairs, elo -25.7 +/- 35.3
    233 games  .... llr -2.23 [-2.94, 2.94] after 116 pairs, elo -25.5 +/- 35.0
    234 games  .... llr -2.25 [-2.94, 2.94] after 117 pairs, elo -25.3 +/- 34.7
    237 games  .... llr -2.16 [-2.94, 2.94] after 118 pairs, elo -23.6 +/- 34.6
    238 games  .... llr -2.32 [-2.94, 2.94] after 119 pairs, elo -26.3 +/- 34.7
    240 games  .... llr -2.43 [-2.94, 2.94] after 120 pairs, elo -27.6 +/- 34.5
    242 games  .... llr -2.20 [-2.94, 2.94] after 121 pairs, elo -24.4 +/- 34.7
    244 games  .... llr -2.22 [-2.94, 2.94] after 122 pairs, elo -24.2 +/- 34.4
    246 games  .... llr -2.37 [-2.94, 2.94] after 123 pairs, elo -26.9 +/- 34.6
    249 games  .... llr -2.29 [-2.94, 2.94] after 124 pairs, elo -25.3 +/- 34.4
    250 games  .... llr -2.44 [-2.94, 2.94] after 125 pairs, elo -27.9 +/- 34.5
    252 games  .... llr -2.47 [-2.94, 2.94] after 126 pairs, elo -27.6 +/- 34.3
    254 games  .... llr -2.49 [-2.94, 2.94] after 127 pairs, elo -27.4 +/- 34.0
    256 games  .... llr -2.60 [-2.94, 2.94] after 128 pairs, elo -28.6 +/- 33.8
    258 games  .... llr -2.62 [-2.94, 2.94] after 129 pairs, elo -28.3 +/- 33.5
    261 games  .... llr -2.65 [-2.94, 2.94] after 130 pairs, elo -28.1 +/- 33.3
    262 games  .... llr -2.67 [-2.94, 2.94] after 131 pairs, elo -27.9 +/- 33.0
    264 games  .... llr -2.70 [-2.94, 2.94] after 132 pairs, elo -27.7 +/- 32.8
    266 games  .... llr -2.72 [-2.94, 2.94] after 133 pairs, elo -27.5 +/- 32.5
    268 games  .... llr -2.75 [-2.94, 2.94] after 134 pairs, elo -27.3 +/- 32.3
    270 games  .... llr -2.66 [-2.94, 2.94] after 135 pairs, elo -25.8 +/- 32.2
    272 games  .... llr -2.68 [-2.94, 2.94] after 136 pairs, elo -25.6 +/- 31.9
    274 games  .... llr -2.79 [-2.94, 2.94] after 137 pairs, elo -26.7 +/- 31.8
    276 games  .... llr -2.82 [-2.94, 2.94] after 138 pairs, elo -26.5 +/- 31.6
    278 games  .... llr -2.84 [-2.94, 2.94] after 139 pairs, elo -26.3 +/- 31.3
    280 games  FAIL llr -2.96 [-2.94, 2.94] after 140 pairs, elo -27.4 +/- 31.2

C:\dev\aichessathon\starter\overnight\challengers\133-conthist vs C:\dev\aichessathon\starter
  +81 =96 -103  score 46.1%  over 280 games
  FAIL llr -2.96 [-2.94, 2.94] after 140 pairs, elo -27.4 +/- 31.2
  mean game length 153 plies
  terminations: adjudication 4, checkmate 181, fifty_moves 9, insufficient_material 48, stalemate 1, threefold_repetition 37

REJECT  133-conthist  no better than the champion
