stage 1: crash gate, 142-v92prune vs random
  clean over 24 games, 100% vs random

stage 2: SPRT[0, 20], challenger vs champion
  note: 300 pairs over 119 openings, 2.5 repeats each -- the SPRT will read more confident than the evidence warrants
      3 games  .... llr +0.00 [-2.94, 2.94] after 1 pairs, elo +0.0 +/- inf
      6 games  .... llr -0.26 [-2.94, 2.94] after 2 pairs, elo -88.7 +/- 173.8
      7 games  .... llr -0.02 [-2.94, 2.94] after 3 pairs, elo -0.0 +/- 222.8
     11 games  .... llr -0.15 [-2.94, 2.94] after 4 pairs, elo -43.7 +/- 168.3
     12 games  .... llr -0.33 [-2.94, 2.94] after 5 pairs, elo -70.4 +/- 138.0
     13 games  .... llr -0.16 [-2.94, 2.94] after 6 pairs, elo -29.0 +/- 140.4
     14 games  .... llr -0.31 [-2.94, 2.94] after 7 pairs, elo -50.0 +/- 123.8
     18 games  .... llr -0.36 [-2.94, 2.94] after 8 pairs, elo -43.7 +/- 107.6
     19 games  .... llr -0.42 [-2.94, 2.94] after 9 pairs, elo -38.8 +/- 95.2
     20 games  .... llr -0.24 [-2.94, 2.94] after 10 pairs, elo -17.4 +/- 95.6
     22 games  .... llr -0.41 [-2.94, 2.94] after 11 pairs, elo -47.7 +/- 104.4
     24 games  .... llr -0.46 [-2.94, 2.94] after 12 pairs, elo -43.7 +/- 95.5
     26 games  .... llr -0.32 [-2.94, 2.94] after 13 pairs, elo -26.8 +/- 94.1
     28 games  .... llr -0.21 [-2.94, 2.94] after 14 pairs, elo -12.4 +/- 92.1
     30 games  .... llr -0.23 [-2.94, 2.94] after 15 pairs, elo -11.6 +/- 85.6
     32 games  .... llr -0.41 [-2.94, 2.94] after 16 pairs, elo -32.7 +/- 89.7
     34 games  .... llr -0.31 [-2.94, 2.94] after 17 pairs, elo -20.5 +/- 87.9
     38 games  .... llr -0.43 [-2.94, 2.94] after 18 pairs, elo -29.0 +/- 84.2
     39 games  .... llr -0.46 [-2.94, 2.94] after 19 pairs, elo -27.5 +/- 79.7
     40 games  .... llr -0.49 [-2.94, 2.94] after 20 pairs, elo -26.1 +/- 75.6
     42 games  .... llr -0.22 [-2.94, 2.94] after 21 pairs, elo -8.3 +/- 80.6
     45 games  .... llr -0.33 [-2.94, 2.94] after 22 pairs, elo -15.8 +/- 78.0
     46 games  .... llr -0.35 [-2.94, 2.94] after 23 pairs, elo -15.1 +/- 74.5
     48 games  .... llr -0.52 [-2.94, 2.94] after 24 pairs, elo -29.0 +/- 76.1
     50 games  .... llr -0.55 [-2.94, 2.94] after 25 pairs, elo -27.9 +/- 73.0
     52 games  .... llr -0.58 [-2.94, 2.94] after 26 pairs, elo -26.8 +/- 70.2
     55 games  .... llr -0.70 [-2.94, 2.94] after 27 pairs, elo -32.3 +/- 68.3
     56 games  .... llr -0.86 [-2.94, 2.94] after 28 pairs, elo -43.7 +/- 69.5
     59 games  .... llr -0.89 [-2.94, 2.94] after 29 pairs, elo -42.1 +/- 67.1
     60 games  .... llr -0.79 [-2.94, 2.94] after 30 pairs, elo -34.9 +/- 66.3
     63 games  .... llr -0.68 [-2.94, 2.94] after 31 pairs, elo -28.1 +/- 65.5
     64 games  .... llr -0.80 [-2.94, 2.94] after 32 pairs, elo -32.7 +/- 64.0
     66 games  .... llr -0.83 [-2.94, 2.94] after 33 pairs, elo -31.7 +/- 62.1
     68 games  .... llr -0.73 [-2.94, 2.94] after 34 pairs, elo -25.6 +/- 61.4
     70 games  .... llr -0.76 [-2.94, 2.94] after 35 pairs, elo -24.9 +/- 59.6
     73 games  .... llr -0.92 [-2.94, 2.94] after 36 pairs, elo -33.9 +/- 60.6
     75 games  .... llr -0.82 [-2.94, 2.94] after 37 pairs, elo -28.2 +/- 59.9
     76 games  .... llr -0.94 [-2.94, 2.94] after 38 pairs, elo -32.1 +/- 58.8
     78 games  .... llr -1.09 [-2.94, 2.94] after 39 pairs, elo -40.3 +/- 59.5
     80 games  .... llr -1.13 [-2.94, 2.94] after 40 pairs, elo -39.3 +/- 58.0
     82 games  .... llr -1.25 [-2.94, 2.94] after 41 pairs, elo -42.6 +/- 57.0
     84 games  .... llr -1.28 [-2.94, 2.94] after 42 pairs, elo -41.6 +/- 55.6
     87 games  .... llr -1.32 [-2.94, 2.94] after 43 pairs, elo -40.6 +/- 54.3
     89 games  .... llr -1.36 [-2.94, 2.94] after 44 pairs, elo -39.7 +/- 53.1
     91 games  .... llr -1.24 [-2.94, 2.94] after 45 pairs, elo -34.9 +/- 52.7
     92 games  .... llr -1.28 [-2.94, 2.94] after 46 pairs, elo -34.1 +/- 51.6
     94 games  .... llr -1.40 [-2.94, 2.94] after 47 pairs, elo -37.1 +/- 50.8
     96 games  .... llr -1.53 [-2.94, 2.94] after 48 pairs, elo -40.0 +/- 50.1
     98 games  .... llr -1.42 [-2.94, 2.94] after 49 pairs, elo -35.6 +/- 49.8
    100 games  .... llr -1.45 [-2.94, 2.94] after 50 pairs, elo -34.9 +/- 48.8
    102 games  .... llr -1.49 [-2.94, 2.94] after 51 pairs, elo -34.2 +/- 47.8
    105 games  .... llr -1.52 [-2.94, 2.94] after 52 pairs, elo -33.5 +/- 46.9
    106 games  .... llr -1.40 [-2.94, 2.94] after 53 pairs, elo -29.6 +/- 46.6
    108 games  .... llr -1.43 [-2.94, 2.94] after 54 pairs, elo -29.0 +/- 45.8
    110 games  .... llr -1.57 [-2.94, 2.94] after 55 pairs, elo -31.7 +/- 45.2
    112 games  .... llr -1.74 [-2.94, 2.94] after 56 pairs, elo -37.4 +/- 45.8
    115 games  .... llr -1.90 [-2.94, 2.94] after 57 pairs, elo -42.9 +/- 46.3
    116 games  .... llr -1.58 [-2.94, 2.94] after 58 pairs, elo -36.1 +/- 47.3
    118 games  .... llr -1.70 [-2.94, 2.94] after 59 pairs, elo -38.4 +/- 46.8
    120 games  .... llr -1.86 [-2.94, 2.94] after 60 pairs, elo -43.7 +/- 47.2
    122 games  .... llr -1.90 [-2.94, 2.94] after 61 pairs, elo -42.9 +/- 46.4
    124 games  .... llr -2.05 [-2.94, 2.94] after 62 pairs, elo -47.9 +/- 46.7
    126 games  .... llr -2.18 [-2.94, 2.94] after 63 pairs, elo -50.0 +/- 46.2
    128 games  .... llr -2.30 [-2.94, 2.94] after 64 pairs, elo -52.0 +/- 45.7
    131 games  .... llr -2.45 [-2.94, 2.94] after 65 pairs, elo -56.6 +/- 46.0
    132 games  .... llr -2.60 [-2.94, 2.94] after 66 pairs, elo -61.2 +/- 46.2
    134 games  .... llr -2.75 [-2.94, 2.94] after 67 pairs, elo -65.6 +/- 46.5
    136 games  .... llr -2.89 [-2.94, 2.94] after 68 pairs, elo -69.9 +/- 46.7
    138 games  .... llr -2.94 [-2.94, 2.94] after 69 pairs, elo -68.9 +/- 46.0
    140 games  FAIL llr -3.07 [-2.94, 2.94] after 70 pairs, elo -70.4 +/- 45.5

C:\dev\aichessathon\starter\overnight\challengers\142-v92prune vs C:\dev\aichessathon\starter
  +33 =46 -61  score 40.0%  over 140 games
  FAIL llr -3.07 [-2.94, 2.94] after 70 pairs, elo -70.4 +/- 45.5
  mean game length 145 plies
  terminations: adjudication 1, checkmate 93, fifty_moves 2, insufficient_material 17, threefold_repetition 27

REJECT  142-v92prune  no better than the champion
