stage 1: crash gate, 144-caporder vs random
  clean over 24 games, 100% vs random

stage 2: SPRT[0, 20], challenger vs champion
  note: 300 pairs over 119 openings, 2.5 repeats each -- the SPRT will read more confident than the evidence warrants
      3 games  .... llr +0.00 [-2.94, 2.94] after 1 pairs, elo +0.0 +/- inf
      4 games  .... llr +1.35 [-2.94, 2.94] after 2 pairs, elo +190.8 +/- 169.9
      7 games  .... llr +2.03 [-2.94, 2.94] after 3 pairs, elo +190.8 +/- 129.1
      9 games  .... llr +1.27 [-2.94, 2.94] after 4 pairs, elo +137.0 +/- 114.9
     11 games  .... llr +2.13 [-2.94, 2.94] after 5 pairs, elo +147.2 +/- 91.5
     13 games  .... llr +1.58 [-2.94, 2.94] after 6 pairs, elo +120.4 +/- 89.5
     14 games  .... llr +1.45 [-2.94, 2.94] after 7 pairs, elo +102.1 +/- 81.3
     16 games  .... llr +1.42 [-2.94, 2.94] after 8 pairs, elo +88.7 +/- 73.3
     18 games  .... llr +1.44 [-2.94, 2.94] after 9 pairs, elo +78.5 +/- 66.4
     20 games  .... llr +0.19 [-2.94, 2.94] after 10 pairs, elo +34.9 +/- 106.1
     22 games  .... llr +0.21 [-2.94, 2.94] after 11 pairs, elo +31.7 +/- 94.9
     25 games  .... llr +0.39 [-2.94, 2.94] after 12 pairs, elo +58.5 +/- 107.9
     27 games  .... llr +0.53 [-2.94, 2.94] after 13 pairs, elo +67.7 +/- 102.3
     28 games  .... llr +0.20 [-2.94, 2.94] after 14 pairs, elo +37.4 +/- 110.2
     30 games  .... llr +0.21 [-2.94, 2.94] after 15 pairs, elo +34.9 +/- 101.7
     32 games  .... llr +0.10 [-2.94, 2.94] after 16 pairs, elo +21.7 +/- 97.0
     34 games  .... llr +0.11 [-2.94, 2.94] after 17 pairs, elo +20.5 +/- 90.6
     36 games  .... llr +0.11 [-2.94, 2.94] after 18 pairs, elo +19.3 +/- 85.1
     39 games  .... llr -0.01 [-2.94, 2.94] after 19 pairs, elo +9.1 +/- 82.2
     40 games  .... llr +0.09 [-2.94, 2.94] after 20 pairs, elo +17.4 +/- 80.2
     42 games  .... llr -0.12 [-2.94, 2.94] after 21 pairs, elo -0.0 +/- 82.9
     45 games  .... llr -0.22 [-2.94, 2.94] after 22 pairs, elo -7.9 +/- 80.2
     47 games  .... llr -0.03 [-2.94, 2.94] after 23 pairs, elo +7.6 +/- 83.5
     48 games  .... llr +0.05 [-2.94, 2.94] after 24 pairs, elo +14.5 +/- 81.5
     50 games  .... llr +0.05 [-2.94, 2.94] after 25 pairs, elo +13.9 +/- 78.0
     52 games  .... llr -0.13 [-2.94, 2.94] after 26 pairs, elo -0.0 +/- 79.2
     55 games  .... llr -0.28 [-2.94, 2.94] after 27 pairs, elo -12.9 +/- 79.9
     56 games  .... llr -0.30 [-2.94, 2.94] after 28 pairs, elo -12.4 +/- 76.9
     59 games  .... llr -0.31 [-2.94, 2.94] after 29 pairs, elo -12.0 +/- 74.2
     60 games  .... llr -0.33 [-2.94, 2.94] after 30 pairs, elo -11.6 +/- 71.6
     62 games  .... llr -0.34 [-2.94, 2.94] after 31 pairs, elo -11.2 +/- 69.2
     64 games  .... llr -0.50 [-2.94, 2.94] after 32 pairs, elo -21.7 +/- 70.0
     66 games  .... llr -0.42 [-2.94, 2.94] after 33 pairs, elo -15.8 +/- 68.9
     68 games  .... llr -0.52 [-2.94, 2.94] after 34 pairs, elo -20.5 +/- 67.4
     70 games  .... llr -0.44 [-2.94, 2.94] after 35 pairs, elo -14.9 +/- 66.4
     72 games  .... llr -0.46 [-2.94, 2.94] after 36 pairs, elo -14.5 +/- 64.5
     74 games  .... llr -0.47 [-2.94, 2.94] after 37 pairs, elo -14.1 +/- 62.7
     76 games  .... llr -0.28 [-2.94, 2.94] after 38 pairs, elo -4.6 +/- 64.1
     78 games  .... llr -0.37 [-2.94, 2.94] after 39 pairs, elo -8.9 +/- 62.9
     80 games  .... llr -0.29 [-2.94, 2.94] after 40 pairs, elo -4.3 +/- 62.1
     82 games  .... llr -0.39 [-2.94, 2.94] after 41 pairs, elo -8.5 +/- 61.0
     84 games  .... llr -0.48 [-2.94, 2.94] after 42 pairs, elo -12.4 +/- 59.9
     87 games  .... llr -0.50 [-2.94, 2.94] after 43 pairs, elo -12.1 +/- 58.5
     89 games  .... llr -0.52 [-2.94, 2.94] after 44 pairs, elo -11.8 +/- 57.1
     90 games  .... llr -0.62 [-2.94, 2.94] after 45 pairs, elo -15.5 +/- 56.2
     92 games  .... llr -0.64 [-2.94, 2.94] after 46 pairs, elo -15.1 +/- 55.0
     94 games  .... llr -0.66 [-2.94, 2.94] after 47 pairs, elo -14.8 +/- 53.8
     96 games  .... llr -0.68 [-2.94, 2.94] after 48 pairs, elo -14.5 +/- 52.7
     98 games  .... llr -0.70 [-2.94, 2.94] after 49 pairs, elo -14.2 +/- 51.6
    100 games  .... llr -0.72 [-2.94, 2.94] after 50 pairs, elo -13.9 +/- 50.5
    102 games  .... llr -0.62 [-2.94, 2.94] after 51 pairs, elo -10.2 +/- 50.1
    104 games  .... llr -0.52 [-2.94, 2.94] after 52 pairs, elo -6.7 +/- 49.7
    106 games  .... llr -0.54 [-2.94, 2.94] after 53 pairs, elo -6.6 +/- 48.7
    108 games  .... llr -0.56 [-2.94, 2.94] after 54 pairs, elo -6.4 +/- 47.8
    110 games  .... llr -0.57 [-2.94, 2.94] after 55 pairs, elo -6.3 +/- 46.9
    112 games  .... llr -0.59 [-2.94, 2.94] after 56 pairs, elo -6.2 +/- 46.1
    114 games  .... llr -0.48 [-2.94, 2.94] after 57 pairs, elo -3.0 +/- 45.7
    116 games  .... llr -0.60 [-2.94, 2.94] after 58 pairs, elo -6.0 +/- 45.2
    118 games  .... llr -0.50 [-2.94, 2.94] after 59 pairs, elo -2.9 +/- 44.9
    120 games  .... llr -0.51 [-2.94, 2.94] after 60 pairs, elo -2.9 +/- 44.1
    122 games  .... llr -0.53 [-2.94, 2.94] after 61 pairs, elo -2.8 +/- 43.4
    124 games  .... llr -0.65 [-2.94, 2.94] after 62 pairs, elo -5.6 +/- 43.0
    126 games  .... llr -0.85 [-2.94, 2.94] after 63 pairs, elo -11.0 +/- 43.6
    128 games  .... llr -0.87 [-2.94, 2.94] after 64 pairs, elo -10.9 +/- 42.9
    130 games  .... llr -0.76 [-2.94, 2.94] after 65 pairs, elo -8.0 +/- 42.6
    132 games  .... llr -0.89 [-2.94, 2.94] after 66 pairs, elo -10.5 +/- 42.2
    134 games  .... llr -0.91 [-2.94, 2.94] after 67 pairs, elo -10.4 +/- 41.6
    136 games  .... llr -1.10 [-2.94, 2.94] after 68 pairs, elo -15.3 +/- 42.1
    138 games  .... llr -1.28 [-2.94, 2.94] after 69 pairs, elo -20.2 +/- 42.5
    140 games  .... llr -1.31 [-2.94, 2.94] after 70 pairs, elo -19.9 +/- 41.9
    142 games  .... llr -1.33 [-2.94, 2.94] after 71 pairs, elo -19.6 +/- 41.3
    144 games  .... llr -1.22 [-2.94, 2.94] after 72 pairs, elo -16.9 +/- 41.1
    146 games  .... llr -1.12 [-2.94, 2.94] after 73 pairs, elo -14.3 +/- 40.9
    148 games  .... llr -1.01 [-2.94, 2.94] after 74 pairs, elo -11.7 +/- 40.6
    150 games  .... llr -1.13 [-2.94, 2.94] after 75 pairs, elo -13.9 +/- 40.3
    152 games  .... llr -1.15 [-2.94, 2.94] after 76 pairs, elo -13.7 +/- 39.8
    154 games  .... llr -1.05 [-2.94, 2.94] after 77 pairs, elo -11.3 +/- 39.5
    156 games  .... llr -1.17 [-2.94, 2.94] after 78 pairs, elo -13.4 +/- 39.2
    158 games  .... llr -1.29 [-2.94, 2.94] after 79 pairs, elo -15.4 +/- 38.9
    160 games  .... llr -1.18 [-2.94, 2.94] after 80 pairs, elo -13.0 +/- 38.7
    162 games  .... llr -0.93 [-2.94, 2.94] after 81 pairs, elo -8.6 +/- 39.3
    164 games  .... llr -0.83 [-2.94, 2.94] after 82 pairs, elo -6.4 +/- 39.0
    166 games  .... llr -0.84 [-2.94, 2.94] after 83 pairs, elo -6.3 +/- 38.6
    168 games  .... llr -0.86 [-2.94, 2.94] after 84 pairs, elo -6.2 +/- 38.1
    170 games  .... llr -0.98 [-2.94, 2.94] after 85 pairs, elo -8.2 +/- 37.8
    172 games  .... llr -1.10 [-2.94, 2.94] after 86 pairs, elo -10.1 +/- 37.6
    174 games  .... llr -1.21 [-2.94, 2.94] after 87 pairs, elo -12.0 +/- 37.3
    176 games  .... llr -0.97 [-2.94, 2.94] after 88 pairs, elo -7.9 +/- 37.8
    178 games  .... llr -1.08 [-2.94, 2.94] after 89 pairs, elo -9.8 +/- 37.5
    180 games  .... llr -0.85 [-2.94, 2.94] after 90 pairs, elo -5.8 +/- 37.9
    182 games  .... llr -0.96 [-2.94, 2.94] after 91 pairs, elo -7.6 +/- 37.7
    184 games  .... llr -1.07 [-2.94, 2.94] after 92 pairs, elo -9.4 +/- 37.4
    186 games  .... llr -1.09 [-2.94, 2.94] after 93 pairs, elo -9.3 +/- 37.0
    188 games  .... llr -0.86 [-2.94, 2.94] after 94 pairs, elo -5.5 +/- 37.4
    190 games  .... llr -0.97 [-2.94, 2.94] after 95 pairs, elo -7.3 +/- 37.1
    192 games  .... llr -0.75 [-2.94, 2.94] after 96 pairs, elo -3.6 +/- 37.5
    194 games  .... llr -0.85 [-2.94, 2.94] after 97 pairs, elo -5.4 +/- 37.2
    196 games  .... llr -0.64 [-2.94, 2.94] after 98 pairs, elo -1.8 +/- 37.6
    198 games  .... llr -0.66 [-2.94, 2.94] after 99 pairs, elo -1.8 +/- 37.2
    201 games  .... llr -0.76 [-2.94, 2.94] after 100 pairs, elo -3.5 +/- 37.0
  checkpoint 201: -3 Elo, undecided -> 200 more
    203 games  .... llr -0.94 [-2.94, 2.94] after 101 pairs, elo -6.9 +/- 37.2
    204 games  .... llr -1.05 [-2.94, 2.94] after 102 pairs, elo -8.5 +/- 36.9
    206 games  .... llr -1.15 [-2.94, 2.94] after 103 pairs, elo -10.1 +/- 36.7
    208 games  .... llr -1.17 [-2.94, 2.94] after 104 pairs, elo -10.0 +/- 36.3
    210 games  .... llr -1.08 [-2.94, 2.94] after 105 pairs, elo -8.3 +/- 36.2
    212 games  .... llr -1.18 [-2.94, 2.94] after 106 pairs, elo -9.8 +/- 35.9
    214 games  .... llr -0.97 [-2.94, 2.94] after 107 pairs, elo -6.5 +/- 36.2
    216 games  .... llr -1.07 [-2.94, 2.94] after 108 pairs, elo -8.0 +/- 36.0
    218 games  .... llr -1.09 [-2.94, 2.94] after 109 pairs, elo -8.0 +/- 35.7
    220 games  .... llr -1.19 [-2.94, 2.94] after 110 pairs, elo -9.5 +/- 35.5
    222 games  .... llr -0.98 [-2.94, 2.94] after 111 pairs, elo -6.3 +/- 35.7
    224 games  .... llr -0.89 [-2.94, 2.94] after 112 pairs, elo -4.7 +/- 35.6
    226 games  .... llr -0.81 [-2.94, 2.94] after 113 pairs, elo -3.1 +/- 35.4
    229 games  .... llr -0.82 [-2.94, 2.94] after 114 pairs, elo -3.0 +/- 35.1
    230 games  .... llr -0.73 [-2.94, 2.94] after 115 pairs, elo -1.5 +/- 34.9
    232 games  .... llr -0.64 [-2.94, 2.94] after 116 pairs, elo -0.0 +/- 34.7
    234 games  .... llr -0.82 [-2.94, 2.94] after 117 pairs, elo -3.0 +/- 34.9
    236 games  .... llr -0.83 [-2.94, 2.94] after 118 pairs, elo -2.9 +/- 34.6
    238 games  .... llr -0.64 [-2.94, 2.94] after 119 pairs, elo -0.0 +/- 34.8
    240 games  .... llr -0.74 [-2.94, 2.94] after 120 pairs, elo -1.4 +/- 34.6
    243 games  .... llr -0.65 [-2.94, 2.94] after 121 pairs, elo -0.0 +/- 34.5
    244 games  .... llr -0.56 [-2.94, 2.94] after 122 pairs, elo +1.4 +/- 34.3
    246 games  .... llr -0.74 [-2.94, 2.94] after 123 pairs, elo -1.4 +/- 34.5
    249 games  .... llr -0.84 [-2.94, 2.94] after 124 pairs, elo -2.8 +/- 34.3
    251 games  .... llr -0.75 [-2.94, 2.94] after 125 pairs, elo -1.4 +/- 34.1
    252 games  .... llr -0.85 [-2.94, 2.94] after 126 pairs, elo -2.8 +/- 34.0
    254 games  .... llr -0.95 [-2.94, 2.94] after 127 pairs, elo -4.1 +/- 33.8
    256 games  .... llr -0.96 [-2.94, 2.94] after 128 pairs, elo -4.1 +/- 33.5
    258 games  .... llr -0.98 [-2.94, 2.94] after 129 pairs, elo -4.0 +/- 33.3
    260 games  .... llr -1.08 [-2.94, 2.94] after 130 pairs, elo -5.3 +/- 33.1
    262 games  .... llr -1.09 [-2.94, 2.94] after 131 pairs, elo -5.3 +/- 32.8
    264 games  .... llr -1.00 [-2.94, 2.94] after 132 pairs, elo -3.9 +/- 32.7
    266 games  .... llr -0.92 [-2.94, 2.94] after 133 pairs, elo -2.6 +/- 32.6
    268 games  .... llr -0.93 [-2.94, 2.94] after 134 pairs, elo -2.6 +/- 32.3
    270 games  .... llr -1.11 [-2.94, 2.94] after 135 pairs, elo -5.1 +/- 32.5
    272 games  .... llr -1.28 [-2.94, 2.94] after 136 pairs, elo -7.7 +/- 32.6
    274 games  .... llr -1.19 [-2.94, 2.94] after 137 pairs, elo -6.3 +/- 32.5
    276 games  .... llr -1.11 [-2.94, 2.94] after 138 pairs, elo -5.0 +/- 32.3
    278 games  .... llr -1.21 [-2.94, 2.94] after 139 pairs, elo -6.2 +/- 32.2
    280 games  .... llr -1.31 [-2.94, 2.94] after 140 pairs, elo -7.4 +/- 32.0
    282 games  .... llr -1.48 [-2.94, 2.94] after 141 pairs, elo -9.9 +/- 32.1
    284 games  .... llr -1.28 [-2.94, 2.94] after 142 pairs, elo -7.3 +/- 32.3
    286 games  .... llr -1.09 [-2.94, 2.94] after 143 pairs, elo -4.9 +/- 32.5
    288 games  .... llr -1.10 [-2.94, 2.94] after 144 pairs, elo -4.8 +/- 32.2
    290 games  .... llr -1.20 [-2.94, 2.94] after 145 pairs, elo -6.0 +/- 32.1
    292 games  .... llr -1.01 [-2.94, 2.94] after 146 pairs, elo -3.6 +/- 32.2
    294 games  .... llr -1.02 [-2.94, 2.94] after 147 pairs, elo -3.5 +/- 32.0
    296 games  .... llr -1.18 [-2.94, 2.94] after 148 pairs, elo -5.9 +/- 32.1
    298 games  .... llr -1.10 [-2.94, 2.94] after 149 pairs, elo -4.7 +/- 32.0
    300 games  .... llr -1.12 [-2.94, 2.94] after 150 pairs, elo -4.6 +/- 31.8
    302 games  .... llr -1.13 [-2.94, 2.94] after 151 pairs, elo -4.6 +/- 31.6
    304 games  .... llr -1.29 [-2.94, 2.94] after 152 pairs, elo -6.9 +/- 31.6
    307 games  .... llr -1.21 [-2.94, 2.94] after 153 pairs, elo -5.7 +/- 31.5
    308 games  .... llr -1.23 [-2.94, 2.94] after 154 pairs, elo -5.6 +/- 31.3
    310 games  .... llr -1.24 [-2.94, 2.94] after 155 pairs, elo -5.6 +/- 31.1
    312 games  .... llr -1.25 [-2.94, 2.94] after 156 pairs, elo -5.6 +/- 30.9
    314 games  .... llr -1.27 [-2.94, 2.94] after 157 pairs, elo -5.5 +/- 30.7
    316 games  .... llr -1.36 [-2.94, 2.94] after 158 pairs, elo -6.6 +/- 30.6
    319 games  .... llr -1.28 [-2.94, 2.94] after 159 pairs, elo -5.5 +/- 30.5
    320 games  .... llr -1.29 [-2.94, 2.94] after 160 pairs, elo -5.4 +/- 30.3
    323 games  .... llr -1.39 [-2.94, 2.94] after 161 pairs, elo -6.5 +/- 30.2
    324 games  .... llr -1.49 [-2.94, 2.94] after 162 pairs, elo -7.5 +/- 30.0
    326 games  .... llr -1.29 [-2.94, 2.94] after 163 pairs, elo -5.3 +/- 30.2
    328 games  .... llr -1.21 [-2.94, 2.94] after 164 pairs, elo -4.2 +/- 30.1
    330 games  .... llr -1.22 [-2.94, 2.94] after 165 pairs, elo -4.2 +/- 29.9
    332 games  .... llr -1.24 [-2.94, 2.94] after 166 pairs, elo -4.2 +/- 29.7
    334 games  .... llr -1.41 [-2.94, 2.94] after 167 pairs, elo -6.2 +/- 29.8
    336 games  .... llr -1.50 [-2.94, 2.94] after 168 pairs, elo -7.2 +/- 29.7
    338 games  .... llr -1.42 [-2.94, 2.94] after 169 pairs, elo -6.2 +/- 29.6
    340 games  .... llr -1.34 [-2.94, 2.94] after 170 pairs, elo -5.1 +/- 29.5
    342 games  .... llr -1.35 [-2.94, 2.94] after 171 pairs, elo -5.1 +/- 29.3
    344 games  .... llr -1.16 [-2.94, 2.94] after 172 pairs, elo -3.0 +/- 29.4
    346 games  .... llr -1.07 [-2.94, 2.94] after 173 pairs, elo -2.0 +/- 29.3
    348 games  .... llr -1.24 [-2.94, 2.94] after 174 pairs, elo -4.0 +/- 29.4
    350 games  .... llr -1.16 [-2.94, 2.94] after 175 pairs, elo -3.0 +/- 29.3
    352 games  .... llr -1.17 [-2.94, 2.94] after 176 pairs, elo -3.0 +/- 29.1
    354 games  .... llr -0.99 [-2.94, 2.94] after 177 pairs, elo -1.0 +/- 29.3
    356 games  .... llr -1.00 [-2.94, 2.94] after 178 pairs, elo -1.0 +/- 29.1
    358 games  .... llr -0.82 [-2.94, 2.94] after 179 pairs, elo +1.0 +/- 29.2
    360 games  .... llr -0.83 [-2.94, 2.94] after 180 pairs, elo +1.0 +/- 29.0
    362 games  .... llr -0.65 [-2.94, 2.94] after 181 pairs, elo +2.9 +/- 29.1
    364 games  .... llr -0.74 [-2.94, 2.94] after 182 pairs, elo +1.9 +/- 29.0
    366 games  .... llr -0.83 [-2.94, 2.94] after 183 pairs, elo +0.9 +/- 28.9
    368 games  .... llr -0.84 [-2.94, 2.94] after 184 pairs, elo +0.9 +/- 28.8
    370 games  .... llr -0.67 [-2.94, 2.94] after 185 pairs, elo +2.8 +/- 28.9
    372 games  .... llr -0.67 [-2.94, 2.94] after 186 pairs, elo +2.8 +/- 28.7
    374 games  .... llr -0.50 [-2.94, 2.94] after 187 pairs, elo +4.6 +/- 28.8
    376 games  .... llr -0.51 [-2.94, 2.94] after 188 pairs, elo +4.6 +/- 28.6
    378 games  .... llr -0.33 [-2.94, 2.94] after 189 pairs, elo +6.4 +/- 28.7
    380 games  .... llr -0.43 [-2.94, 2.94] after 190 pairs, elo +5.5 +/- 28.6
    382 games  .... llr -0.60 [-2.94, 2.94] after 191 pairs, elo +3.6 +/- 28.7
    384 games  .... llr -0.76 [-2.94, 2.94] after 192 pairs, elo +1.8 +/- 28.7
    386 games  .... llr -0.93 [-2.94, 2.94] after 193 pairs, elo -0.0 +/- 28.8
    389 games  .... llr -0.76 [-2.94, 2.94] after 194 pairs, elo +1.8 +/- 28.9
    390 games  .... llr -0.92 [-2.94, 2.94] after 195 pairs, elo -0.0 +/- 28.9
    392 games  .... llr -0.93 [-2.94, 2.94] after 196 pairs, elo -0.0 +/- 28.8
    394 games  .... llr -0.94 [-2.94, 2.94] after 197 pairs, elo -0.0 +/- 28.6
    396 games  .... llr -1.10 [-2.94, 2.94] after 198 pairs, elo -1.8 +/- 28.7
    398 games  .... llr -1.11 [-2.94, 2.94] after 199 pairs, elo -1.7 +/- 28.5
    400 games  .... llr -1.03 [-2.94, 2.94] after 200 pairs, elo -0.9 +/- 28.5
  checkpoint 400: -1 Elo, undecided -> 200 more
    402 games  .... llr -1.12 [-2.94, 2.94] after 201 pairs, elo -1.7 +/- 28.4
    404 games  .... llr -1.05 [-2.94, 2.94] after 202 pairs, elo -0.9 +/- 28.3
    406 games  .... llr -1.13 [-2.94, 2.94] after 203 pairs, elo -1.7 +/- 28.2
    408 games  .... llr -1.22 [-2.94, 2.94] after 204 pairs, elo -2.6 +/- 28.1
    410 games  .... llr -1.23 [-2.94, 2.94] after 205 pairs, elo -2.5 +/- 28.0
    412 games  .... llr -1.33 [-2.94, 2.94] after 206 pairs, elo -3.4 +/- 27.9
    415 games  .... llr -1.48 [-2.94, 2.94] after 207 pairs, elo -5.0 +/- 27.9
    416 games  .... llr -1.31 [-2.94, 2.94] after 208 pairs, elo -3.3 +/- 28.0
    419 games  .... llr -1.32 [-2.94, 2.94] after 209 pairs, elo -3.3 +/- 27.8
    420 games  .... llr -1.33 [-2.94, 2.94] after 210 pairs, elo -3.3 +/- 27.7
    422 games  .... llr -1.26 [-2.94, 2.94] after 211 pairs, elo -2.5 +/- 27.6
    424 games  .... llr -1.41 [-2.94, 2.94] after 212 pairs, elo -4.1 +/- 27.7
    426 games  .... llr -1.34 [-2.94, 2.94] after 213 pairs, elo -3.3 +/- 27.6
    428 games  .... llr -1.26 [-2.94, 2.94] after 214 pairs, elo -2.4 +/- 27.5
    430 games  .... llr -1.35 [-2.94, 2.94] after 215 pairs, elo -3.2 +/- 27.4
    433 games  .... llr -1.28 [-2.94, 2.94] after 216 pairs, elo -2.4 +/- 27.4
    434 games  .... llr -1.20 [-2.94, 2.94] after 217 pairs, elo -1.6 +/- 27.3
    436 games  .... llr -1.21 [-2.94, 2.94] after 218 pairs, elo -1.6 +/- 27.2
    438 games  .... llr -1.37 [-2.94, 2.94] after 219 pairs, elo -3.2 +/- 27.2
    440 games  .... llr -1.29 [-2.94, 2.94] after 220 pairs, elo -2.4 +/- 27.1
    442 games  .... llr -1.38 [-2.94, 2.94] after 221 pairs, elo -3.1 +/- 27.0
    444 games  .... llr -1.39 [-2.94, 2.94] after 222 pairs, elo -3.1 +/- 26.9
    446 games  .... llr -1.32 [-2.94, 2.94] after 223 pairs, elo -2.3 +/- 26.9
    448 games  .... llr -1.47 [-2.94, 2.94] after 224 pairs, elo -3.9 +/- 26.9
    450 games  .... llr -1.56 [-2.94, 2.94] after 225 pairs, elo -4.6 +/- 26.8
    452 games  .... llr -1.58 [-2.94, 2.94] after 226 pairs, elo -4.6 +/- 26.7
    454 games  .... llr -1.73 [-2.94, 2.94] after 227 pairs, elo -6.1 +/- 26.7
    456 games  .... llr -1.82 [-2.94, 2.94] after 228 pairs, elo -6.9 +/- 26.7
    458 games  .... llr -1.98 [-2.94, 2.94] after 229 pairs, elo -8.3 +/- 26.7
    461 games  .... llr -1.80 [-2.94, 2.94] after 230 pairs, elo -6.8 +/- 26.8
    462 games  .... llr -1.89 [-2.94, 2.94] after 231 pairs, elo -7.5 +/- 26.7
    464 games  .... llr -1.82 [-2.94, 2.94] after 232 pairs, elo -6.7 +/- 26.6
    466 games  .... llr -1.65 [-2.94, 2.94] after 233 pairs, elo -5.2 +/- 26.7
    468 games  .... llr -1.66 [-2.94, 2.94] after 234 pairs, elo -5.2 +/- 26.5
    470 games  .... llr -1.58 [-2.94, 2.94] after 235 pairs, elo -4.4 +/- 26.5
    472 games  .... llr -1.41 [-2.94, 2.94] after 236 pairs, elo -2.9 +/- 26.5
    474 games  .... llr -1.25 [-2.94, 2.94] after 237 pairs, elo -1.5 +/- 26.6
    476 games  .... llr -1.26 [-2.94, 2.94] after 238 pairs, elo -1.5 +/- 26.5
    478 games  .... llr -1.27 [-2.94, 2.94] after 239 pairs, elo -1.5 +/- 26.4
    480 games  .... llr -1.19 [-2.94, 2.94] after 240 pairs, elo -0.7 +/- 26.3
    482 games  .... llr -1.12 [-2.94, 2.94] after 241 pairs, elo -0.0 +/- 26.2
    484 games  .... llr -0.95 [-2.94, 2.94] after 242 pairs, elo +1.4 +/- 26.3
    486 games  .... llr -0.96 [-2.94, 2.94] after 243 pairs, elo +1.4 +/- 26.2
    488 games  .... llr -0.97 [-2.94, 2.94] after 244 pairs, elo +1.4 +/- 26.1
    490 games  .... llr -1.06 [-2.94, 2.94] after 245 pairs, elo +0.7 +/- 26.0
    492 games  .... llr -1.07 [-2.94, 2.94] after 246 pairs, elo +0.7 +/- 25.9
    494 games  .... llr -1.08 [-2.94, 2.94] after 247 pairs, elo +0.7 +/- 25.8
    497 games  .... llr -0.91 [-2.94, 2.94] after 248 pairs, elo +2.1 +/- 25.8
    498 games  .... llr -0.92 [-2.94, 2.94] after 249 pairs, elo +2.1 +/- 25.7
    500 games  .... llr -0.93 [-2.94, 2.94] after 250 pairs, elo +2.1 +/- 25.6
    502 games  .... llr -1.09 [-2.94, 2.94] after 251 pairs, elo +0.7 +/- 25.7
    504 games  .... llr -1.17 [-2.94, 2.94] after 252 pairs, elo -0.0 +/- 25.6
    506 games  .... llr -1.26 [-2.94, 2.94] after 253 pairs, elo -0.7 +/- 25.5
    508 games  .... llr -1.27 [-2.94, 2.94] after 254 pairs, elo -0.7 +/- 25.4
    510 games  .... llr -1.11 [-2.94, 2.94] after 255 pairs, elo +0.7 +/- 25.5
    512 games  .... llr -0.94 [-2.94, 2.94] after 256 pairs, elo +2.0 +/- 25.5
    514 games  .... llr -1.03 [-2.94, 2.94] after 257 pairs, elo +1.4 +/- 25.4
    516 games  .... llr -1.04 [-2.94, 2.94] after 258 pairs, elo +1.3 +/- 25.3
    518 games  .... llr -0.96 [-2.94, 2.94] after 259 pairs, elo +2.0 +/- 25.3
    520 games  .... llr -0.97 [-2.94, 2.94] after 260 pairs, elo +2.0 +/- 25.2
    522 games  .... llr -1.13 [-2.94, 2.94] after 261 pairs, elo +0.7 +/- 25.2
    524 games  .... llr -1.14 [-2.94, 2.94] after 262 pairs, elo +0.7 +/- 25.1
    526 games  .... llr -1.22 [-2.94, 2.94] after 263 pairs, elo -0.0 +/- 25.1
    528 games  .... llr -1.23 [-2.94, 2.94] after 264 pairs, elo -0.0 +/- 25.0
    531 games  .... llr -1.32 [-2.94, 2.94] after 265 pairs, elo -0.7 +/- 24.9
    533 games  .... llr -1.16 [-2.94, 2.94] after 266 pairs, elo +0.7 +/- 24.9
    534 games  .... llr -1.16 [-2.94, 2.94] after 267 pairs, elo +0.7 +/- 24.9
    536 games  .... llr -1.09 [-2.94, 2.94] after 268 pairs, elo +1.3 +/- 24.8
    538 games  .... llr -1.10 [-2.94, 2.94] after 269 pairs, elo +1.3 +/- 24.7
    540 games  .... llr -1.11 [-2.94, 2.94] after 270 pairs, elo +1.3 +/- 24.6
    542 games  .... llr -1.19 [-2.94, 2.94] after 271 pairs, elo +0.6 +/- 24.5
    544 games  .... llr -1.12 [-2.94, 2.94] after 272 pairs, elo +1.3 +/- 24.5
    547 games  .... llr -1.13 [-2.94, 2.94] after 273 pairs, elo +1.3 +/- 24.4
    548 games  .... llr -1.14 [-2.94, 2.94] after 274 pairs, elo +1.3 +/- 24.3
    550 games  .... llr -1.06 [-2.94, 2.94] after 275 pairs, elo +1.9 +/- 24.3
    552 games  .... llr -1.22 [-2.94, 2.94] after 276 pairs, elo +0.6 +/- 24.3
    554 games  .... llr -1.23 [-2.94, 2.94] after 277 pairs, elo +0.6 +/- 24.2
    556 games  .... llr -1.24 [-2.94, 2.94] after 278 pairs, elo +0.6 +/- 24.1
    559 games  .... llr -1.25 [-2.94, 2.94] after 279 pairs, elo +0.6 +/- 24.0
    560 games  .... llr -1.17 [-2.94, 2.94] after 280 pairs, elo +1.2 +/- 24.0
    562 games  .... llr -1.33 [-2.94, 2.94] after 281 pairs, elo -0.0 +/- 24.0
    564 games  .... llr -1.17 [-2.94, 2.94] after 282 pairs, elo +1.2 +/- 24.1
    567 games  .... llr -1.33 [-2.94, 2.94] after 283 pairs, elo -0.0 +/- 24.1
    568 games  .... llr -1.25 [-2.94, 2.94] after 284 pairs, elo +0.6 +/- 24.0
    570 games  .... llr -1.26 [-2.94, 2.94] after 285 pairs, elo +0.6 +/- 23.9
    572 games  .... llr -1.35 [-2.94, 2.94] after 286 pairs, elo -0.0 +/- 23.9
    575 games  .... llr -1.44 [-2.94, 2.94] after 287 pairs, elo -0.6 +/- 23.8
    576 games  .... llr -1.52 [-2.94, 2.94] after 288 pairs, elo -1.2 +/- 23.8
    578 games  .... llr -1.61 [-2.94, 2.94] after 289 pairs, elo -1.8 +/- 23.7
    580 games  .... llr -1.62 [-2.94, 2.94] after 290 pairs, elo -1.8 +/- 23.6
    583 games  .... llr -1.71 [-2.94, 2.94] after 291 pairs, elo -2.4 +/- 23.6
    584 games  .... llr -1.54 [-2.94, 2.94] after 292 pairs, elo -1.2 +/- 23.6
    586 games  .... llr -1.63 [-2.94, 2.94] after 293 pairs, elo -1.8 +/- 23.6
    588 games  .... llr -1.72 [-2.94, 2.94] after 294 pairs, elo -2.4 +/- 23.5
    590 games  .... llr -1.55 [-2.94, 2.94] after 295 pairs, elo -1.2 +/- 23.6
    592 games  .... llr -1.38 [-2.94, 2.94] after 296 pairs, elo -0.0 +/- 23.6
    594 games  .... llr -1.54 [-2.94, 2.94] after 297 pairs, elo -1.2 +/- 23.6
    596 games  .... llr -1.46 [-2.94, 2.94] after 298 pairs, elo -0.6 +/- 23.6
    598 games  .... llr -1.39 [-2.94, 2.94] after 299 pairs, elo -0.0 +/- 23.5
    600 games  .... llr -1.31 [-2.94, 2.94] after 300 pairs, elo +0.6 +/- 23.5
  checkpoint 600: +1 Elo, undecided -> 200 more

C:\dev\aichessathon\starter\overnight\challengers\144-caporder vs C:\dev\aichessathon\starter
  +206 =189 -205  score 50.1%  over 600 games
  .... llr -1.31 [-2.94, 2.94] after 300 pairs, elo +0.6 +/- 23.5
  mean game length 141 plies
  terminations: adjudication 7, checkmate 405, fifty_moves 11, insufficient_material 71, stalemate 3, threefold_repetition 103

INCONCLUSIVE  144-caporder  ran out of games; champion stays
