stage 1: crash gate, 149-v94wdl vs random
  clean over 24 games, 100% vs random

stage 2: SPRT[0, 20], challenger vs champion
  note: 300 pairs over 119 openings, 2.5 repeats each -- the SPRT will read more confident than the evidence warrants
      3 games  .... llr +0.00 [-2.94, 2.94] after 1 pairs, elo +0.0 +/- inf
      6 games  .... llr +0.20 [-2.94, 2.94] after 2 pairs, elo +88.7 +/- 241.5
      7 games  .... llr +0.29 [-2.94, 2.94] after 3 pairs, elo +58.5 +/- 129.3
      8 games  .... llr -0.04 [-2.94, 2.94] after 4 pairs, elo -0.0 +/- 147.2
     10 games  .... llr +0.15 [-2.94, 2.94] after 5 pairs, elo +70.4 +/- 230.7
     13 games  .... llr -0.02 [-2.94, 2.94] after 6 pairs, elo -0.0 +/- 222.8
     14 games  .... llr +0.08 [-2.94, 2.94] after 7 pairs, elo +50.0 +/- 249.3
     16 games  .... llr +0.09 [-2.94, 2.94] after 8 pairs, elo +43.7 +/- 200.5
     19 games  .... llr +0.10 [-2.94, 2.94] after 9 pairs, elo +38.8 +/- 169.3
     21 games  .... llr +0.18 [-2.94, 2.94] after 10 pairs, elo +52.5 +/- 156.4
     23 games  .... llr +0.19 [-2.94, 2.94] after 11 pairs, elo +47.7 +/- 137.8
     24 games  .... llr +0.32 [-2.94, 2.94] after 12 pairs, elo +73.5 +/- 146.0
     26 games  .... llr +0.45 [-2.94, 2.94] after 13 pairs, elo +95.9 +/- 152.2
     28 games  .... llr +0.55 [-2.94, 2.94] after 14 pairs, elo +102.1 +/- 141.9
     30 games  .... llr +0.58 [-2.94, 2.94] after 15 pairs, elo +94.9 +/- 128.5
     32 games  .... llr +0.48 [-2.94, 2.94] after 16 pairs, elo +77.2 +/- 120.6
     34 games  .... llr +0.58 [-2.94, 2.94] after 17 pairs, elo +83.3 +/- 114.8
     36 games  .... llr +0.48 [-2.94, 2.94] after 18 pairs, elo +68.4 +/- 109.0
     38 games  .... llr +0.50 [-2.94, 2.94] after 19 pairs, elo +64.7 +/- 102.0
     41 games  .... llr +0.28 [-2.94, 2.94] after 20 pairs, elo +43.7 +/- 103.2
     42 games  .... llr +0.21 [-2.94, 2.94] after 21 pairs, elo +33.2 +/- 98.8
     44 games  .... llr +0.21 [-2.94, 2.94] after 22 pairs, elo +31.7 +/- 93.7
     47 games  .... llr +0.22 [-2.94, 2.94] after 23 pairs, elo +30.3 +/- 89.1
     49 games  .... llr +0.22 [-2.94, 2.94] after 24 pairs, elo +29.0 +/- 85.0
     50 games  .... llr +0.31 [-2.94, 2.94] after 25 pairs, elo +34.9 +/- 82.8
     52 games  .... llr +0.45 [-2.94, 2.94] after 26 pairs, elo +47.1 +/- 84.8
     54 games  .... llr +0.46 [-2.94, 2.94] after 27 pairs, elo +45.3 +/- 81.3
     56 games  .... llr +0.26 [-2.94, 2.94] after 28 pairs, elo +31.1 +/- 82.2
     59 games  .... llr +0.27 [-2.94, 2.94] after 29 pairs, elo +30.0 +/- 79.1
     60 games  .... llr +0.18 [-2.94, 2.94] after 30 pairs, elo +23.2 +/- 77.0
     62 games  .... llr +0.32 [-2.94, 2.94] after 31 pairs, elo +33.7 +/- 78.4
     65 games  .... llr +0.46 [-2.94, 2.94] after 32 pairs, elo +43.7 +/- 79.6
     66 games  .... llr +0.59 [-2.94, 2.94] after 33 pairs, elo +53.1 +/- 80.6
     68 games  .... llr +0.71 [-2.94, 2.94] after 34 pairs, elo +62.0 +/- 81.5
     70 games  .... llr +0.83 [-2.94, 2.94] after 35 pairs, elo +70.4 +/- 82.3
     72 games  .... llr +0.85 [-2.94, 2.94] after 36 pairs, elo +68.4 +/- 79.6
     74 games  .... llr +0.87 [-2.94, 2.94] after 37 pairs, elo +66.5 +/- 77.1
     77 games  .... llr +0.99 [-2.94, 2.94] after 38 pairs, elo +74.3 +/- 77.8
     78 games  .... llr +1.08 [-2.94, 2.94] after 39 pairs, elo +77.0 +/- 76.3
     80 games  .... llr +1.10 [-2.94, 2.94] after 40 pairs, elo +75.0 +/- 74.0
     82 games  .... llr +1.02 [-2.94, 2.94] after 41 pairs, elo +68.7 +/- 72.5
     84 games  .... llr +1.11 [-2.94, 2.94] after 42 pairs, elo +71.3 +/- 71.2
     86 games  .... llr +1.20 [-2.94, 2.94] after 43 pairs, elo +73.8 +/- 69.9
     89 games  .... llr +0.98 [-2.94, 2.94] after 44 pairs, elo +63.9 +/- 70.2
     90 games  .... llr +1.06 [-2.94, 2.94] after 45 pairs, elo +66.4 +/- 69.0
     92 games  .... llr +1.19 [-2.94, 2.94] after 46 pairs, elo +72.8 +/- 69.5
     94 games  .... llr +1.28 [-2.94, 2.94] after 47 pairs, elo +75.1 +/- 68.4
     96 games  .... llr +1.37 [-2.94, 2.94] after 48 pairs, elo +77.2 +/- 67.3
     98 games  .... llr +1.15 [-2.94, 2.94] after 49 pairs, elo +68.2 +/- 67.5
    101 games  .... llr +1.24 [-2.94, 2.94] after 50 pairs, elo +70.4 +/- 66.5
    102 games  .... llr +1.26 [-2.94, 2.94] after 51 pairs, elo +69.0 +/- 65.0
    104 games  .... llr +1.38 [-2.94, 2.94] after 52 pairs, elo +74.6 +/- 65.4
    106 games  .... llr +1.40 [-2.94, 2.94] after 53 pairs, elo +73.2 +/- 64.0
    108 games  .... llr +1.42 [-2.94, 2.94] after 54 pairs, elo +71.8 +/- 62.6
    110 games  .... llr +1.55 [-2.94, 2.94] after 55 pairs, elo +77.0 +/- 63.0
    113 games  .... llr +1.46 [-2.94, 2.94] after 56 pairs, elo +72.4 +/- 62.0
    114 games  .... llr +1.48 [-2.94, 2.94] after 57 pairs, elo +71.1 +/- 60.8
    117 games  .... llr +1.57 [-2.94, 2.94] after 58 pairs, elo +72.9 +/- 60.0
    118 games  .... llr +1.59 [-2.94, 2.94] after 59 pairs, elo +71.7 +/- 58.9
    120 games  .... llr +1.61 [-2.94, 2.94] after 60 pairs, elo +70.4 +/- 57.8
    122 games  .... llr +1.63 [-2.94, 2.94] after 61 pairs, elo +69.3 +/- 56.7
    124 games  .... llr +1.65 [-2.94, 2.94] after 62 pairs, elo +68.1 +/- 55.7
    126 games  .... llr +1.67 [-2.94, 2.94] after 63 pairs, elo +67.0 +/- 54.7
    128 games  .... llr +1.81 [-2.94, 2.94] after 64 pairs, elo +71.6 +/- 55.0
    130 games  .... llr +1.83 [-2.94, 2.94] after 65 pairs, elo +70.4 +/- 54.1
    132 games  .... llr +1.85 [-2.94, 2.94] after 66 pairs, elo +69.3 +/- 53.2
    134 games  .... llr +1.87 [-2.94, 2.94] after 67 pairs, elo +68.3 +/- 52.3
    137 games  .... llr +1.89 [-2.94, 2.94] after 68 pairs, elo +67.2 +/- 51.5
    138 games  .... llr +1.91 [-2.94, 2.94] after 69 pairs, elo +66.3 +/- 50.6
    140 games  .... llr +1.93 [-2.94, 2.94] after 70 pairs, elo +65.3 +/- 49.8
    142 games  .... llr +1.95 [-2.94, 2.94] after 71 pairs, elo +64.3 +/- 49.1
    144 games  .... llr +2.09 [-2.94, 2.94] after 72 pairs, elo +68.4 +/- 49.4
    146 games  .... llr +2.23 [-2.94, 2.94] after 73 pairs, elo +72.4 +/- 49.7
    148 games  .... llr +2.34 [-2.94, 2.94] after 74 pairs, elo +73.9 +/- 49.2
    150 games  .... llr +2.36 [-2.94, 2.94] after 75 pairs, elo +72.9 +/- 48.5
    152 games  .... llr +2.38 [-2.94, 2.94] after 76 pairs, elo +71.9 +/- 47.8
    154 games  .... llr +2.10 [-2.94, 2.94] after 77 pairs, elo +66.2 +/- 48.1
    156 games  .... llr +2.21 [-2.94, 2.94] after 78 pairs, elo +67.7 +/- 47.7
    158 games  .... llr +2.23 [-2.94, 2.94] after 79 pairs, elo +66.8 +/- 47.0
    161 games  .... llr +2.25 [-2.94, 2.94] after 80 pairs, elo +65.9 +/- 46.4
    162 games  .... llr +2.39 [-2.94, 2.94] after 81 pairs, elo +69.5 +/- 46.6
    164 games  .... llr +2.28 [-2.94, 2.94] after 82 pairs, elo +66.5 +/- 46.3
    166 games  .... llr +2.38 [-2.94, 2.94] after 83 pairs, elo +67.8 +/- 45.9
    168 games  .... llr +2.41 [-2.94, 2.94] after 84 pairs, elo +67.0 +/- 45.3
    170 games  .... llr +2.51 [-2.94, 2.94] after 85 pairs, elo +68.3 +/- 44.9
    172 games  .... llr +2.24 [-2.94, 2.94] after 86 pairs, elo +63.3 +/- 45.2
    174 games  .... llr +2.26 [-2.94, 2.94] after 87 pairs, elo +62.6 +/- 44.6
    176 games  .... llr +2.16 [-2.94, 2.94] after 88 pairs, elo +59.8 +/- 44.3
    178 games  .... llr +2.30 [-2.94, 2.94] after 89 pairs, elo +63.1 +/- 44.5
    180 games  .... llr +2.31 [-2.94, 2.94] after 90 pairs, elo +62.4 +/- 44.0
    182 games  .... llr +2.41 [-2.94, 2.94] after 91 pairs, elo +63.7 +/- 43.6
    184 games  .... llr +2.43 [-2.94, 2.94] after 92 pairs, elo +63.0 +/- 43.1
    186 games  .... llr +2.58 [-2.94, 2.94] after 93 pairs, elo +66.2 +/- 43.3
    188 games  .... llr +2.68 [-2.94, 2.94] after 94 pairs, elo +67.4 +/- 43.0
    190 games  .... llr +2.82 [-2.94, 2.94] after 95 pairs, elo +70.4 +/- 43.2
    192 games  .... llr +2.84 [-2.94, 2.94] after 96 pairs, elo +69.7 +/- 42.7
    194 games  .... llr +2.86 [-2.94, 2.94] after 97 pairs, elo +68.9 +/- 42.2
    196 games  PASS llr +2.97 [-2.94, 2.94] after 98 pairs, elo +70.1 +/- 41.9

C:\dev\aichessathon\starter\overnight\challengers\149-v94wdl vs C:\dev\aichessathon\starter
  +92 =51 -53  score 59.9%  over 196 games
  PASS llr +2.97 [-2.94, 2.94] after 98 pairs, elo +70.1 +/- 41.9
  mean game length 139 plies
  terminations: checkmate 145, fifty_moves 9, insufficient_material 19, stalemate 1, threefold_repetition 22

PROMOTE  149-v94wdl  +70 Elo over 196 games
