stage 1: crash gate, 150-sfnet vs random
  clean over 24 games, 100% vs random

stage 2: SPRT[0, 20], challenger vs champion
  note: 300 pairs over 119 openings, 2.5 repeats each -- the SPRT will read more confident than the evidence warrants
      4 games  .... llr +0.00 [-2.94, 2.94] after 1 pairs, elo +0.0 +/- inf
      5 games  .... llr -0.08 [-2.94, 2.94] after 2 pairs, elo -0.0 +/- 98.9
      7 games  .... llr +0.29 [-2.94, 2.94] after 3 pairs, elo +58.5 +/- 129.3
     10 games  .... llr +0.35 [-2.94, 2.94] after 4 pairs, elo +43.7 +/- 91.3
     12 games  .... llr -0.07 [-2.94, 2.94] after 5 pairs, elo -0.0 +/- 111.3
     13 games  .... llr -0.27 [-2.94, 2.94] after 6 pairs, elo -29.0 +/- 105.9
     14 games  .... llr -0.34 [-2.94, 2.94] after 7 pairs, elo -24.9 +/- 89.6
     18 games  .... llr -0.09 [-2.94, 2.94] after 8 pairs, elo -0.0 +/- 93.2
     19 games  .... llr -0.12 [-2.94, 2.94] after 9 pairs, elo -0.0 +/- 81.7
     21 games  .... llr -0.33 [-2.94, 2.94] after 10 pairs, elo -17.4 +/- 80.1
     22 games  .... llr -0.54 [-2.94, 2.94] after 11 pairs, elo -31.7 +/- 77.4
     24 games  .... llr -0.09 [-2.94, 2.94] after 12 pairs, elo -0.0 +/- 96.1
     26 games  .... llr +0.03 [-2.94, 2.94] after 13 pairs, elo +13.4 +/- 93.3
     28 games  .... llr +0.15 [-2.94, 2.94] after 14 pairs, elo +24.9 +/- 90.4
     31 games  .... llr +0.02 [-2.94, 2.94] after 15 pairs, elo +11.6 +/- 87.1
     32 games  .... llr +0.22 [-2.94, 2.94] after 16 pairs, elo +32.7 +/- 94.4
     35 games  .... llr +0.33 [-2.94, 2.94] after 17 pairs, elo +41.1 +/- 91.1
     36 games  .... llr +0.34 [-2.94, 2.94] after 18 pairs, elo +38.8 +/- 85.4
     39 games  .... llr +0.09 [-2.94, 2.94] after 19 pairs, elo +18.3 +/- 89.2
     40 games  .... llr +0.18 [-2.94, 2.94] after 20 pairs, elo +26.1 +/- 86.7
     42 games  .... llr +0.28 [-2.94, 2.94] after 21 pairs, elo +33.2 +/- 84.3
     45 games  .... llr +0.28 [-2.94, 2.94] after 22 pairs, elo +31.7 +/- 80.0
     46 games  .... llr +0.39 [-2.94, 2.94] after 23 pairs, elo +37.9 +/- 78.0
     48 games  .... llr +0.50 [-2.94, 2.94] after 24 pairs, elo +43.7 +/- 76.0
     50 games  .... llr +0.61 [-2.94, 2.94] after 25 pairs, elo +49.0 +/- 74.1
     53 games  .... llr +0.63 [-2.94, 2.94] after 26 pairs, elo +47.1 +/- 71.0
     54 games  .... llr +0.75 [-2.94, 2.94] after 27 pairs, elo +51.9 +/- 69.4
     56 games  .... llr +0.44 [-2.94, 2.94] after 28 pairs, elo +37.4 +/- 72.0
     59 games  .... llr +0.33 [-2.94, 2.94] after 29 pairs, elo +30.0 +/- 70.4
     60 games  .... llr +0.34 [-2.94, 2.94] after 30 pairs, elo +29.0 +/- 67.8
     63 games  .... llr +0.23 [-2.94, 2.94] after 31 pairs, elo +22.4 +/- 66.5
     64 games  .... llr +0.23 [-2.94, 2.94] after 32 pairs, elo +21.7 +/- 64.3
     67 games  .... llr +0.33 [-2.94, 2.94] after 33 pairs, elo +26.4 +/- 63.2
     68 games  .... llr +0.22 [-2.94, 2.94] after 34 pairs, elo +20.5 +/- 62.1
     70 games  .... llr +0.32 [-2.94, 2.94] after 35 pairs, elo +24.9 +/- 61.1
     72 games  .... llr +0.09 [-2.94, 2.94] after 36 pairs, elo +14.5 +/- 62.5
     74 games  .... llr +0.09 [-2.94, 2.94] after 37 pairs, elo +14.1 +/- 60.7
     76 games  .... llr +0.09 [-2.94, 2.94] after 38 pairs, elo +13.7 +/- 59.0
     78 games  .... llr -0.03 [-2.94, 2.94] after 39 pairs, elo +8.9 +/- 58.1
     80 games  .... llr +0.17 [-2.94, 2.94] after 40 pairs, elo +17.4 +/- 59.4
     82 games  .... llr +0.17 [-2.94, 2.94] after 41 pairs, elo +17.0 +/- 57.9
     84 games  .... llr +0.34 [-2.94, 2.94] after 42 pairs, elo +24.9 +/- 59.1
     87 games  .... llr +0.51 [-2.94, 2.94] after 43 pairs, elo +32.4 +/- 60.1
     88 games  .... llr +0.41 [-2.94, 2.94] after 44 pairs, elo +27.7 +/- 59.2
     90 games  .... llr +0.41 [-2.94, 2.94] after 45 pairs, elo +27.1 +/- 57.8
     92 games  .... llr +0.21 [-2.94, 2.94] after 46 pairs, elo +18.9 +/- 58.5
     95 games  .... llr +0.29 [-2.94, 2.94] after 47 pairs, elo +22.2 +/- 57.7
     96 games  .... llr +0.45 [-2.94, 2.94] after 48 pairs, elo +29.0 +/- 58.5
     98 games  .... llr +0.46 [-2.94, 2.94] after 49 pairs, elo +28.4 +/- 57.2
    102 games  .... llr +0.61 [-2.94, 2.94] after 50 pairs, elo +34.9 +/- 57.9
    103 games  .... llr +0.70 [-2.94, 2.94] after 51 pairs, elo +37.6 +/- 57.2
    104 games  .... llr +0.60 [-2.94, 2.94] after 52 pairs, elo +33.5 +/- 56.4
    107 games  .... llr +0.51 [-2.94, 2.94] after 53 pairs, elo +29.6 +/- 55.7
    108 games  .... llr +0.60 [-2.94, 2.94] after 54 pairs, elo +32.3 +/- 55.0
    111 games  .... llr +0.51 [-2.94, 2.94] after 55 pairs, elo +28.5 +/- 54.3
    112 games  .... llr +0.51 [-2.94, 2.94] after 56 pairs, elo +28.0 +/- 53.3
    114 games  .... llr +0.60 [-2.94, 2.94] after 57 pairs, elo +30.6 +/- 52.7
    116 games  .... llr +0.69 [-2.94, 2.94] after 58 pairs, elo +33.0 +/- 52.1
    119 games  .... llr +0.59 [-2.94, 2.94] after 59 pairs, elo +29.5 +/- 51.5
    120 games  .... llr +0.75 [-2.94, 2.94] after 60 pairs, elo +34.9 +/- 52.1
    122 games  .... llr +0.65 [-2.94, 2.94] after 61 pairs, elo +31.4 +/- 51.5
    124 games  .... llr +0.74 [-2.94, 2.94] after 62 pairs, elo +33.7 +/- 51.0
    126 games  .... llr +0.75 [-2.94, 2.94] after 63 pairs, elo +33.2 +/- 50.1
    128 games  .... llr +0.65 [-2.94, 2.94] after 64 pairs, elo +29.9 +/- 49.6
    131 games  .... llr +0.81 [-2.94, 2.94] after 65 pairs, elo +34.9 +/- 50.0
    133 games  .... llr +0.71 [-2.94, 2.94] after 66 pairs, elo +31.7 +/- 49.5
    134 games  .... llr +0.72 [-2.94, 2.94] after 67 pairs, elo +31.2 +/- 48.7
    136 games  .... llr +0.63 [-2.94, 2.94] after 68 pairs, elo +28.2 +/- 48.3
    138 games  .... llr +0.63 [-2.94, 2.94] after 69 pairs, elo +27.8 +/- 47.5
    140 games  .... llr +0.72 [-2.94, 2.94] after 70 pairs, elo +29.9 +/- 47.1
    143 games  .... llr +0.81 [-2.94, 2.94] after 71 pairs, elo +31.9 +/- 46.7
    144 games  .... llr +0.60 [-2.94, 2.94] after 72 pairs, elo +26.6 +/- 47.0
    146 games  .... llr +0.60 [-2.94, 2.94] after 73 pairs, elo +26.2 +/- 46.4
    148 games  .... llr +0.61 [-2.94, 2.94] after 74 pairs, elo +25.9 +/- 45.7
    150 games  .... llr +0.51 [-2.94, 2.94] after 75 pairs, elo +23.2 +/- 45.3
    152 games  .... llr +0.51 [-2.94, 2.94] after 76 pairs, elo +22.9 +/- 44.7
    154 games  .... llr +0.51 [-2.94, 2.94] after 77 pairs, elo +22.6 +/- 44.1
    156 games  .... llr +0.52 [-2.94, 2.94] after 78 pairs, elo +22.3 +/- 43.5
    159 games  .... llr +0.61 [-2.94, 2.94] after 79 pairs, elo +24.2 +/- 43.2
    160 games  .... llr +0.61 [-2.94, 2.94] after 80 pairs, elo +23.9 +/- 42.6
    162 games  .... llr +0.61 [-2.94, 2.94] after 81 pairs, elo +23.6 +/- 42.1
    164 games  .... llr +0.51 [-2.94, 2.94] after 82 pairs, elo +21.2 +/- 41.8
    166 games  .... llr +0.30 [-2.94, 2.94] after 83 pairs, elo +16.8 +/- 42.1
    168 games  .... llr +0.20 [-2.94, 2.94] after 84 pairs, elo +14.5 +/- 41.7
    170 games  .... llr +0.37 [-2.94, 2.94] after 85 pairs, elo +18.4 +/- 42.1
    172 games  .... llr +0.37 [-2.94, 2.94] after 86 pairs, elo +18.2 +/- 41.6
    175 games  .... llr +0.37 [-2.94, 2.94] after 87 pairs, elo +18.0 +/- 41.1
    176 games  .... llr +0.27 [-2.94, 2.94] after 88 pairs, elo +15.8 +/- 40.8
    178 games  .... llr +0.18 [-2.94, 2.94] after 89 pairs, elo +13.7 +/- 40.5
    180 games  .... llr +0.35 [-2.94, 2.94] after 90 pairs, elo +17.4 +/- 40.8
    182 games  .... llr +0.44 [-2.94, 2.94] after 91 pairs, elo +19.1 +/- 40.5
    185 games  .... llr +0.53 [-2.94, 2.94] after 92 pairs, elo +20.8 +/- 40.3
    186 games  .... llr +0.53 [-2.94, 2.94] after 93 pairs, elo +20.6 +/- 39.8
    188 games  .... llr +0.43 [-2.94, 2.94] after 94 pairs, elo +18.5 +/- 39.6
    190 games  .... llr +0.52 [-2.94, 2.94] after 95 pairs, elo +20.1 +/- 39.3
    192 games  .... llr +0.69 [-2.94, 2.94] after 96 pairs, elo +23.6 +/- 39.6
    195 games  .... llr +0.69 [-2.94, 2.94] after 97 pairs, elo +23.3 +/- 39.2
    196 games  .... llr +0.59 [-2.94, 2.94] after 98 pairs, elo +21.3 +/- 38.9
    198 games  .... llr +0.49 [-2.94, 2.94] after 99 pairs, elo +19.3 +/- 38.7
    200 games  .... llr +0.49 [-2.94, 2.94] after 100 pairs, elo +19.1 +/- 38.3
  checkpoint 200: +19 Elo, trending positive -> PROMOTE early

C:\dev\aichessathon\starter\overnight\challengers\150-sfnet vs C:\dev\aichessathon\starter
  +73 =65 -62  score 52.8%  over 200 games
  PASS llr +0.49 [-2.94, 2.94] after 100 pairs, elo +19.1 +/- 38.3
  mean game length 137 plies
  terminations: adjudication 2, checkmate 134, fifty_moves 7, insufficient_material 29, stalemate 2, threefold_repetition 26

PROMOTE  150-sfnet  +19 Elo over 200 games
