stage 1: crash gate, 155-mixnet2s vs random
  clean over 24 games, 100% vs random

stage 2: SPRT[0, 20], challenger vs champion
  note: 300 pairs over 119 openings, 2.5 repeats each -- the SPRT will read more confident than the evidence warrants
      4 games  .... llr +0.00 [-2.94, 2.94] after 1 pairs, elo +0.0 +/- inf
      6 games  .... llr -0.26 [-2.94, 2.94] after 2 pairs, elo -88.7 +/- 173.8
      7 games  .... llr -0.40 [-2.94, 2.94] after 3 pairs, elo -58.5 +/- 114.5
      8 games  .... llr -0.04 [-2.94, 2.94] after 4 pairs, elo -0.0 +/- 147.2
     11 games  .... llr -0.21 [-2.94, 2.94] after 5 pairs, elo -34.9 +/- 129.8
     13 games  .... llr +0.06 [-2.94, 2.94] after 6 pairs, elo +29.0 +/- 186.4
     14 games  .... llr +0.18 [-2.94, 2.94] after 7 pairs, elo +75.6 +/- 216.1
     16 games  .... llr +0.21 [-2.94, 2.94] after 8 pairs, elo +65.9 +/- 174.4
     19 games  .... llr +0.23 [-2.94, 2.94] after 9 pairs, elo +58.5 +/- 147.5
     20 games  .... llr +0.13 [-2.94, 2.94] after 10 pairs, elo +34.9 +/- 134.3
     22 games  .... llr +0.22 [-2.94, 2.94] after 11 pairs, elo +47.7 +/- 126.2
     24 games  .... llr +0.24 [-2.94, 2.94] after 12 pairs, elo +43.7 +/- 113.4
     27 games  .... llr +0.25 [-2.94, 2.94] after 13 pairs, elo +40.3 +/- 103.1
     28 games  .... llr +0.37 [-2.94, 2.94] after 14 pairs, elo +50.0 +/- 98.6
     31 games  .... llr +0.39 [-2.94, 2.94] after 15 pairs, elo +46.6 +/- 91.0
     33 games  .... llr +0.25 [-2.94, 2.94] after 16 pairs, elo +32.7 +/- 88.0
     34 games  .... llr +0.37 [-2.94, 2.94] after 17 pairs, elo +41.1 +/- 85.2
     37 games  .... llr +0.38 [-2.94, 2.94] after 18 pairs, elo +38.8 +/- 79.9
     39 games  .... llr +0.24 [-2.94, 2.94] after 19 pairs, elo +27.5 +/- 77.9
     40 games  .... llr +0.24 [-2.94, 2.94] after 20 pairs, elo +26.1 +/- 73.7
     42 games  .... llr +0.44 [-2.94, 2.94] after 21 pairs, elo +41.6 +/- 78.3
     46 games  .... llr +0.61 [-2.94, 2.94] after 22 pairs, elo +55.7 +/- 81.9
     47 games  .... llr +0.73 [-2.94, 2.94] after 23 pairs, elo +61.0 +/- 79.5
     48 games  .... llr +0.60 [-2.94, 2.94] after 24 pairs, elo +51.0 +/- 77.6
     50 games  .... llr +0.47 [-2.94, 2.94] after 25 pairs, elo +41.9 +/- 75.7
     52 games  .... llr +0.58 [-2.94, 2.94] after 26 pairs, elo +47.1 +/- 73.9
     54 games  .... llr +0.70 [-2.94, 2.94] after 27 pairs, elo +51.9 +/- 72.2
     56 games  .... llr +0.72 [-2.94, 2.94] after 28 pairs, elo +50.0 +/- 69.3
     59 games  .... llr +0.73 [-2.94, 2.94] after 29 pairs, elo +48.2 +/- 66.7
     60 games  .... llr +0.90 [-2.94, 2.94] after 30 pairs, elo +58.5 +/- 68.8
     63 games  .... llr +0.92 [-2.94, 2.94] after 31 pairs, elo +56.5 +/- 66.3
     66 games  .... llr +0.94 [-2.94, 2.94] after 32 pairs, elo +54.7 +/- 64.0
     67 games  .... llr +0.96 [-2.94, 2.94] after 33 pairs, elo +53.1 +/- 61.9
     68 games  .... llr +1.09 [-2.94, 2.94] after 34 pairs, elo +56.7 +/- 60.8
     70 games  .... llr +1.26 [-2.94, 2.94] after 35 pairs, elo +65.3 +/- 62.4
     72 games  .... llr +1.42 [-2.94, 2.94] after 36 pairs, elo +73.5 +/- 63.8
     75 games  .... llr +1.44 [-2.94, 2.94] after 37 pairs, elo +71.4 +/- 61.9
     76 games  .... llr +1.47 [-2.94, 2.94] after 38 pairs, elo +69.5 +/- 60.1
     79 games  .... llr +1.63 [-2.94, 2.94] after 39 pairs, elo +77.0 +/- 61.3
     80 games  .... llr +1.26 [-2.94, 2.94] after 40 pairs, elo +65.9 +/- 62.9
     82 games  .... llr +1.28 [-2.94, 2.94] after 41 pairs, elo +64.3 +/- 61.2
     84 games  .... llr +1.15 [-2.94, 2.94] after 42 pairs, elo +58.5 +/- 60.3
     86 games  .... llr +1.17 [-2.94, 2.94] after 43 pairs, elo +57.1 +/- 58.8
     89 games  .... llr +1.33 [-2.94, 2.94] after 44 pairs, elo +63.9 +/- 59.7
     90 games  .... llr +1.35 [-2.94, 2.94] after 45 pairs, elo +62.4 +/- 58.2
     92 games  .... llr +1.50 [-2.94, 2.94] after 46 pairs, elo +68.9 +/- 59.1
     95 games  .... llr +1.52 [-2.94, 2.94] after 47 pairs, elo +67.4 +/- 57.7
     97 games  .... llr +1.55 [-2.94, 2.94] after 48 pairs, elo +65.9 +/- 56.3
     98 games  .... llr +1.42 [-2.94, 2.94] after 49 pairs, elo +60.9 +/- 55.7
    102 games  .... llr +1.57 [-2.94, 2.94] after 50 pairs, elo +66.8 +/- 56.4
    103 games  .... llr +1.60 [-2.94, 2.94] after 51 pairs, elo +65.5 +/- 55.2
    105 games  .... llr +1.47 [-2.94, 2.94] after 52 pairs, elo +60.7 +/- 54.6
    106 games  .... llr +1.49 [-2.94, 2.94] after 53 pairs, elo +59.6 +/- 53.4
    109 games  .... llr +1.51 [-2.94, 2.94] after 54 pairs, elo +58.5 +/- 52.4
    110 games  .... llr +1.22 [-2.94, 2.94] after 55 pairs, elo +50.9 +/- 53.1
    112 games  .... llr +0.97 [-2.94, 2.94] after 56 pairs, elo +43.7 +/- 53.8
    114 games  .... llr +0.74 [-2.94, 2.94] after 57 pairs, elo +36.7 +/- 54.2
    116 games  .... llr +0.75 [-2.94, 2.94] after 58 pairs, elo +36.1 +/- 53.2
    118 games  .... llr +0.55 [-2.94, 2.94] after 59 pairs, elo +29.5 +/- 53.6
    121 games  .... llr +0.55 [-2.94, 2.94] after 60 pairs, elo +29.0 +/- 52.7
    122 games  .... llr +0.64 [-2.94, 2.94] after 61 pairs, elo +31.4 +/- 52.1
    124 games  .... llr +0.64 [-2.94, 2.94] after 62 pairs, elo +30.9 +/- 51.3
    126 games  .... llr +0.55 [-2.94, 2.94] after 63 pairs, elo +27.6 +/- 50.7
    128 games  .... llr +0.56 [-2.94, 2.94] after 64 pairs, elo +27.2 +/- 49.9
    130 games  .... llr +0.71 [-2.94, 2.94] after 65 pairs, elo +32.2 +/- 50.3
    132 games  .... llr +0.62 [-2.94, 2.94] after 66 pairs, elo +29.0 +/- 49.8
    134 games  .... llr +0.70 [-2.94, 2.94] after 67 pairs, elo +31.2 +/- 49.3
    136 games  .... llr +0.71 [-2.94, 2.94] after 68 pairs, elo +30.7 +/- 48.6
    138 games  .... llr +0.62 [-2.94, 2.94] after 69 pairs, elo +27.8 +/- 48.1
    140 games  .... llr +0.62 [-2.94, 2.94] after 70 pairs, elo +27.4 +/- 47.4
    142 games  .... llr +0.53 [-2.94, 2.94] after 71 pairs, elo +24.5 +/- 46.9
    144 games  .... llr +0.61 [-2.94, 2.94] after 72 pairs, elo +26.6 +/- 46.5
    146 games  .... llr +0.52 [-2.94, 2.94] after 73 pairs, elo +23.8 +/- 46.1
    148 games  .... llr +0.52 [-2.94, 2.94] after 74 pairs, elo +23.5 +/- 45.4
    150 games  .... llr +0.52 [-2.94, 2.94] after 75 pairs, elo +23.2 +/- 44.8
    152 games  .... llr +0.32 [-2.94, 2.94] after 76 pairs, elo +18.3 +/- 45.1
    154 games  .... llr +0.41 [-2.94, 2.94] after 77 pairs, elo +20.3 +/- 44.8
    156 games  .... llr +0.31 [-2.94, 2.94] after 78 pairs, elo +17.8 +/- 44.4
    159 games  .... llr +0.31 [-2.94, 2.94] after 79 pairs, elo +17.6 +/- 43.8
    160 games  .... llr +0.31 [-2.94, 2.94] after 80 pairs, elo +17.4 +/- 43.3
    162 games  .... llr +0.21 [-2.94, 2.94] after 81 pairs, elo +15.0 +/- 42.9
    164 games  .... llr +0.03 [-2.94, 2.94] after 82 pairs, elo +10.6 +/- 43.2
    166 games  .... llr -0.07 [-2.94, 2.94] after 83 pairs, elo +8.4 +/- 42.8
    168 games  .... llr -0.16 [-2.94, 2.94] after 84 pairs, elo +6.2 +/- 42.5
    170 games  .... llr -0.34 [-2.94, 2.94] after 85 pairs, elo +2.0 +/- 42.7
    173 games  .... llr -0.35 [-2.94, 2.94] after 86 pairs, elo +2.0 +/- 42.2
    174 games  .... llr -0.36 [-2.94, 2.94] after 87 pairs, elo +2.0 +/- 41.7
    176 games  .... llr -0.53 [-2.94, 2.94] after 88 pairs, elo -2.0 +/- 41.9
    178 games  .... llr -0.62 [-2.94, 2.94] after 89 pairs, elo -3.9 +/- 41.6
    180 games  .... llr -0.44 [-2.94, 2.94] after 90 pairs, elo -0.0 +/- 41.9
    182 games  .... llr -0.45 [-2.94, 2.94] after 91 pairs, elo -0.0 +/- 41.4
    184 games  .... llr -0.37 [-2.94, 2.94] after 92 pairs, elo +1.9 +/- 41.2
    186 games  .... llr -0.38 [-2.94, 2.94] after 93 pairs, elo +1.9 +/- 40.7
    188 games  .... llr -0.30 [-2.94, 2.94] after 94 pairs, elo +3.7 +/- 40.5
    190 games  .... llr -0.13 [-2.94, 2.94] after 95 pairs, elo +7.3 +/- 40.7
    192 games  .... llr -0.30 [-2.94, 2.94] after 96 pairs, elo +3.6 +/- 40.9
    194 games  .... llr -0.22 [-2.94, 2.94] after 97 pairs, elo +5.4 +/- 40.6
    196 games  .... llr -0.31 [-2.94, 2.94] after 98 pairs, elo +3.5 +/- 40.3
    198 games  .... llr -0.40 [-2.94, 2.94] after 99 pairs, elo +1.8 +/- 40.1
    200 games  .... llr -0.23 [-2.94, 2.94] after 100 pairs, elo +5.2 +/- 40.3
  checkpoint 200: +5 Elo, undecided -> 200 more
    202 games  .... llr -0.32 [-2.94, 2.94] after 101 pairs, elo +3.4 +/- 40.0
    204 games  .... llr -0.48 [-2.94, 2.94] after 102 pairs, elo -0.0 +/- 40.2
    206 games  .... llr -0.64 [-2.94, 2.94] after 103 pairs, elo -3.4 +/- 40.3
    208 games  .... llr -0.56 [-2.94, 2.94] after 104 pairs, elo -1.7 +/- 40.0
    210 games  .... llr -0.57 [-2.94, 2.94] after 105 pairs, elo -1.7 +/- 39.7
    212 games  .... llr -0.66 [-2.94, 2.94] after 106 pairs, elo -3.3 +/- 39.4
    214 games  .... llr -0.67 [-2.94, 2.94] after 107 pairs, elo -3.2 +/- 39.0
    216 games  .... llr -0.83 [-2.94, 2.94] after 108 pairs, elo -6.4 +/- 39.1
    218 games  .... llr -0.75 [-2.94, 2.94] after 109 pairs, elo -4.8 +/- 38.9
    220 games  .... llr -0.76 [-2.94, 2.94] after 110 pairs, elo -4.7 +/- 38.6
    222 games  .... llr -0.78 [-2.94, 2.94] after 111 pairs, elo -4.7 +/- 38.2
    224 games  .... llr -0.60 [-2.94, 2.94] after 112 pairs, elo -1.6 +/- 38.4
    226 games  .... llr -0.53 [-2.94, 2.94] after 113 pairs, elo -0.0 +/- 38.2
    228 games  .... llr -0.54 [-2.94, 2.94] after 114 pairs, elo -0.0 +/- 37.9
    230 games  .... llr -0.70 [-2.94, 2.94] after 115 pairs, elo -3.0 +/- 38.0
    232 games  .... llr -0.78 [-2.94, 2.94] after 116 pairs, elo -4.5 +/- 37.7
    234 games  .... llr -0.94 [-2.94, 2.94] after 117 pairs, elo -7.4 +/- 37.8
    236 games  .... llr -0.95 [-2.94, 2.94] after 118 pairs, elo -7.4 +/- 37.5
    238 games  .... llr -0.88 [-2.94, 2.94] after 119 pairs, elo -5.8 +/- 37.3
    240 games  .... llr -0.80 [-2.94, 2.94] after 120 pairs, elo -4.3 +/- 37.1
    243 games  .... llr -0.81 [-2.94, 2.94] after 121 pairs, elo -4.3 +/- 36.8
    245 games  .... llr -0.82 [-2.94, 2.94] after 122 pairs, elo -4.3 +/- 36.5
    246 games  .... llr -0.65 [-2.94, 2.94] after 123 pairs, elo -1.4 +/- 36.7
    248 games  .... llr -0.81 [-2.94, 2.94] after 124 pairs, elo -4.2 +/- 36.8
    250 games  .... llr -0.74 [-2.94, 2.94] after 125 pairs, elo -2.8 +/- 36.6
    252 games  .... llr -0.82 [-2.94, 2.94] after 126 pairs, elo -4.1 +/- 36.4
    254 games  .... llr -0.91 [-2.94, 2.94] after 127 pairs, elo -5.5 +/- 36.2
    256 games  .... llr -0.92 [-2.94, 2.94] after 128 pairs, elo -5.4 +/- 35.9
    259 games  .... llr -1.01 [-2.94, 2.94] after 129 pairs, elo -6.7 +/- 35.7
    260 games  .... llr -1.16 [-2.94, 2.94] after 130 pairs, elo -9.4 +/- 35.8
    262 games  .... llr -0.99 [-2.94, 2.94] after 131 pairs, elo -6.6 +/- 35.9
    264 games  .... llr -1.00 [-2.94, 2.94] after 132 pairs, elo -6.6 +/- 35.6
    266 games  .... llr -1.02 [-2.94, 2.94] after 133 pairs, elo -6.5 +/- 35.4
    268 games  .... llr -1.17 [-2.94, 2.94] after 134 pairs, elo -9.1 +/- 35.5
    270 games  .... llr -1.00 [-2.94, 2.94] after 135 pairs, elo -6.4 +/- 35.6
    272 games  .... llr -1.01 [-2.94, 2.94] after 136 pairs, elo -6.4 +/- 35.3
    274 games  .... llr -1.02 [-2.94, 2.94] after 137 pairs, elo -6.3 +/- 35.1
    276 games  .... llr -1.17 [-2.94, 2.94] after 138 pairs, elo -8.8 +/- 35.1
    279 games  .... llr -1.19 [-2.94, 2.94] after 139 pairs, elo -8.8 +/- 34.9
    280 games  .... llr -1.20 [-2.94, 2.94] after 140 pairs, elo -8.7 +/- 34.6
    282 games  .... llr -1.21 [-2.94, 2.94] after 141 pairs, elo -8.6 +/- 34.4
    284 games  .... llr -1.23 [-2.94, 2.94] after 142 pairs, elo -8.6 +/- 34.1
    286 games  .... llr -1.24 [-2.94, 2.94] after 143 pairs, elo -8.5 +/- 33.9
    288 games  .... llr -1.16 [-2.94, 2.94] after 144 pairs, elo -7.2 +/- 33.8
    290 games  .... llr -1.18 [-2.94, 2.94] after 145 pairs, elo -7.2 +/- 33.5
    292 games  .... llr -1.19 [-2.94, 2.94] after 146 pairs, elo -7.1 +/- 33.3
    294 games  .... llr -1.34 [-2.94, 2.94] after 147 pairs, elo -9.5 +/- 33.4
    296 games  .... llr -1.36 [-2.94, 2.94] after 148 pairs, elo -9.4 +/- 33.1
    299 games  .... llr -1.45 [-2.94, 2.94] after 149 pairs, elo -10.5 +/- 33.0
    301 games  .... llr -1.37 [-2.94, 2.94] after 150 pairs, elo -9.3 +/- 32.9
    302 games  .... llr -1.30 [-2.94, 2.94] after 151 pairs, elo -8.1 +/- 32.7
    304 games  .... llr -1.22 [-2.94, 2.94] after 152 pairs, elo -6.9 +/- 32.6
    306 games  .... llr -1.23 [-2.94, 2.94] after 153 pairs, elo -6.8 +/- 32.4
    308 games  .... llr -1.16 [-2.94, 2.94] after 154 pairs, elo -5.6 +/- 32.3
    310 games  .... llr -1.08 [-2.94, 2.94] after 155 pairs, elo -4.5 +/- 32.1
    312 games  .... llr -1.09 [-2.94, 2.94] after 156 pairs, elo -4.5 +/- 31.9
    314 games  .... llr -1.01 [-2.94, 2.94] after 157 pairs, elo -3.3 +/- 31.8
    316 games  .... llr -1.02 [-2.94, 2.94] after 158 pairs, elo -3.3 +/- 31.6
    318 games  .... llr -1.04 [-2.94, 2.94] after 159 pairs, elo -3.3 +/- 31.4
    320 games  .... llr -1.05 [-2.94, 2.94] after 160 pairs, elo -3.3 +/- 31.2
    322 games  .... llr -1.06 [-2.94, 2.94] after 161 pairs, elo -3.2 +/- 31.0
    324 games  .... llr -0.98 [-2.94, 2.94] after 162 pairs, elo -2.1 +/- 30.9
    326 games  .... llr -0.99 [-2.94, 2.94] after 163 pairs, elo -2.1 +/- 30.7
    328 games  .... llr -1.00 [-2.94, 2.94] after 164 pairs, elo -2.1 +/- 30.5
    330 games  .... llr -1.10 [-2.94, 2.94] after 165 pairs, elo -3.2 +/- 30.4
    332 games  .... llr -1.11 [-2.94, 2.94] after 166 pairs, elo -3.1 +/- 30.2
    334 games  .... llr -1.12 [-2.94, 2.94] after 167 pairs, elo -3.1 +/- 30.0
    336 games  .... llr -1.13 [-2.94, 2.94] after 168 pairs, elo -3.1 +/- 29.9
    338 games  .... llr -1.14 [-2.94, 2.94] after 169 pairs, elo -3.1 +/- 29.7
    340 games  .... llr -1.16 [-2.94, 2.94] after 170 pairs, elo -3.1 +/- 29.5
    342 games  .... llr -1.17 [-2.94, 2.94] after 171 pairs, elo -3.0 +/- 29.3
    344 games  .... llr -1.18 [-2.94, 2.94] after 172 pairs, elo -3.0 +/- 29.2
    346 games  .... llr -1.19 [-2.94, 2.94] after 173 pairs, elo -3.0 +/- 29.0
