stage 1: crash gate, 160-v95 vs random
  clean over 24 games, 100% vs random

stage 2: SPRT[0, 20], challenger vs champion
  note: 300 pairs over 119 openings, 2.5 repeats each -- the SPRT will read more confident than the evidence warrants
      5 games  .... llr +0.00 [-2.94, 2.94] after 1 pairs, elo +0.0 +/- inf
      6 games  .... llr -0.01 [-2.94, 2.94] after 2 pairs, elo -0.0 +/- 798.3
      7 games  .... llr +0.07 [-2.94, 2.94] after 3 pairs, elo +58.5 +/- 343.5
     10 games  .... llr +0.10 [-2.94, 2.94] after 4 pairs, elo +43.7 +/- 194.0
     12 games  .... llr -0.03 [-2.94, 2.94] after 5 pairs, elo -0.0 +/- 163.3
     13 games  .... llr +0.13 [-2.94, 2.94] after 6 pairs, elo +58.5 +/- 211.6
     14 games  .... llr +0.05 [-2.94, 2.94] after 7 pairs, elo +24.9 +/- 176.1
     17 games  .... llr +0.05 [-2.94, 2.94] after 8 pairs, elo +21.7 +/- 147.8
     19 games  .... llr +0.05 [-2.94, 2.94] after 9 pairs, elo +19.3 +/- 127.8
     20 games  .... llr +0.15 [-2.94, 2.94] after 10 pairs, elo +34.9 +/- 120.7
     24 games  .... llr +0.27 [-2.94, 2.94] after 11 pairs, elo +47.7 +/- 114.0
     25 games  .... llr +0.39 [-2.94, 2.94] after 12 pairs, elo +58.5 +/- 107.9
     27 games  .... llr +0.53 [-2.94, 2.94] after 13 pairs, elo +67.7 +/- 102.3
     28 games  .... llr +0.68 [-2.94, 2.94] after 14 pairs, elo +75.6 +/- 97.1
     30 games  .... llr +0.84 [-2.94, 2.94] after 15 pairs, elo +94.9 +/- 104.0
     33 games  .... llr +0.87 [-2.94, 2.94] after 16 pairs, elo +88.7 +/- 96.0
     34 games  .... llr +0.69 [-2.94, 2.94] after 17 pairs, elo +72.6 +/- 93.4
     36 games  .... llr +0.72 [-2.94, 2.94] after 18 pairs, elo +68.4 +/- 87.3
     39 games  .... llr +0.37 [-2.94, 2.94] after 19 pairs, elo +46.0 +/- 92.3
     40 games  .... llr +0.39 [-2.94, 2.94] after 20 pairs, elo +43.7 +/- 87.1
     42 games  .... llr +0.40 [-2.94, 2.94] after 21 pairs, elo +41.6 +/- 82.4
     44 games  .... llr +0.16 [-2.94, 2.94] after 22 pairs, elo +23.7 +/- 85.1
     46 games  .... llr +0.25 [-2.94, 2.94] after 23 pairs, elo +30.3 +/- 82.9
     48 games  .... llr +0.40 [-2.94, 2.94] after 24 pairs, elo +43.7 +/- 85.4
     50 games  .... llr +0.31 [-2.94, 2.94] after 25 pairs, elo +34.9 +/- 82.8
     53 games  .... llr +0.12 [-2.94, 2.94] after 26 pairs, elo +20.1 +/- 83.8
     54 games  .... llr +0.04 [-2.94, 2.94] after 27 pairs, elo +12.9 +/- 81.3
     56 games  .... llr +0.18 [-2.94, 2.94] after 28 pairs, elo +24.9 +/- 83.0
     58 games  .... llr +0.31 [-2.94, 2.94] after 29 pairs, elo +36.1 +/- 84.4
     60 games  .... llr +0.24 [-2.94, 2.94] after 30 pairs, elo +29.0 +/- 82.0
     62 games  .... llr +0.31 [-2.94, 2.94] after 31 pairs, elo +33.7 +/- 80.2
     64 games  .... llr +0.23 [-2.94, 2.94] after 32 pairs, elo +27.2 +/- 78.1
     66 games  .... llr +0.24 [-2.94, 2.94] after 33 pairs, elo +26.4 +/- 75.6
     68 games  .... llr +0.37 [-2.94, 2.94] after 34 pairs, elo +35.9 +/- 76.6
     70 games  .... llr +0.38 [-2.94, 2.94] after 35 pairs, elo +34.9 +/- 74.2
     73 games  .... llr +0.51 [-2.94, 2.94] after 36 pairs, elo +43.7 +/- 75.2
     74 games  .... llr +0.52 [-2.94, 2.94] after 37 pairs, elo +42.5 +/- 72.9
     76 games  .... llr +0.34 [-2.94, 2.94] after 38 pairs, elo +32.1 +/- 73.2
     78 games  .... llr +0.19 [-2.94, 2.94] after 39 pairs, elo +22.3 +/- 73.3
     81 games  .... llr +0.12 [-2.94, 2.94] after 40 pairs, elo +17.4 +/- 71.7
     82 games  .... llr +0.12 [-2.94, 2.94] after 41 pairs, elo +17.0 +/- 69.9
     84 games  .... llr +0.24 [-2.94, 2.94] after 42 pairs, elo +24.9 +/- 70.5
     87 games  .... llr +0.17 [-2.94, 2.94] after 43 pairs, elo +20.2 +/- 69.1
     88 games  .... llr +0.30 [-2.94, 2.94] after 44 pairs, elo +27.7 +/- 69.7
     90 games  .... llr +0.16 [-2.94, 2.94] after 45 pairs, elo +19.3 +/- 69.6
     92 games  .... llr +0.02 [-2.94, 2.94] after 46 pairs, elo +11.3 +/- 69.5
     94 games  .... llr +0.02 [-2.94, 2.94] after 47 pairs, elo +11.1 +/- 68.0
     96 games  .... llr -0.11 [-2.94, 2.94] after 48 pairs, elo +3.6 +/- 67.8
     98 games  .... llr -0.05 [-2.94, 2.94] after 49 pairs, elo +7.1 +/- 66.9
    100 games  .... llr +0.07 [-2.94, 2.94] after 50 pairs, elo +13.9 +/- 67.3
    102 games  .... llr +0.00 [-2.94, 2.94] after 51 pairs, elo +10.2 +/- 66.2
    104 games  .... llr -0.12 [-2.94, 2.94] after 52 pairs, elo +3.3 +/- 66.0
    106 games  .... llr -0.13 [-2.94, 2.94] after 53 pairs, elo +3.3 +/- 64.7
    108 games  .... llr -0.19 [-2.94, 2.94] after 54 pairs, elo -0.0 +/- 63.7
    110 games  .... llr -0.14 [-2.94, 2.94] after 55 pairs, elo +3.2 +/- 62.9
    112 games  .... llr -0.14 [-2.94, 2.94] after 56 pairs, elo +3.1 +/- 61.8
    114 games  .... llr -0.15 [-2.94, 2.94] after 57 pairs, elo +3.0 +/- 60.7
    116 games  .... llr -0.09 [-2.94, 2.94] after 58 pairs, elo +6.0 +/- 60.0
    118 games  .... llr -0.09 [-2.94, 2.94] after 59 pairs, elo +5.9 +/- 58.9
    120 games  .... llr -0.16 [-2.94, 2.94] after 60 pairs, elo +2.9 +/- 58.1
    122 games  .... llr -0.30 [-2.94, 2.94] after 61 pairs, elo -2.8 +/- 58.1
    124 games  .... llr -0.17 [-2.94, 2.94] after 62 pairs, elo +2.8 +/- 58.4
    126 games  .... llr -0.29 [-2.94, 2.94] after 63 pairs, elo -2.8 +/- 58.4
    129 games  .... llr -0.23 [-2.94, 2.94] after 64 pairs, elo -0.0 +/- 57.8
    130 games  .... llr -0.36 [-2.94, 2.94] after 65 pairs, elo -5.3 +/- 57.7
    132 games  .... llr -0.43 [-2.94, 2.94] after 66 pairs, elo -7.9 +/- 57.0
    134 games  .... llr -0.37 [-2.94, 2.94] after 67 pairs, elo -5.2 +/- 56.4
    137 games  .... llr -0.31 [-2.94, 2.94] after 68 pairs, elo -2.6 +/- 55.9
    138 games  .... llr -0.38 [-2.94, 2.94] after 69 pairs, elo -5.0 +/- 55.2
    140 games  .... llr -0.45 [-2.94, 2.94] after 70 pairs, elo -7.4 +/- 54.6
    144 games  .... llr -0.40 [-2.94, 2.94] after 71 pairs, elo -4.9 +/- 54.1
    145 games  .... llr -0.40 [-2.94, 2.94] after 72 pairs, elo -4.8 +/- 53.3
    146 games  .... llr -0.41 [-2.94, 2.94] after 73 pairs, elo -4.8 +/- 52.6
    148 games  .... llr -0.49 [-2.94, 2.94] after 74 pairs, elo -7.0 +/- 52.0
    151 games  .... llr -0.50 [-2.94, 2.94] after 75 pairs, elo -6.9 +/- 51.3
    152 games  .... llr -0.44 [-2.94, 2.94] after 76 pairs, elo -4.6 +/- 50.9
    154 games  .... llr -0.45 [-2.94, 2.94] after 77 pairs, elo -4.5 +/- 50.2
    157 games  .... llr -0.58 [-2.94, 2.94] after 78 pairs, elo -8.9 +/- 50.2
    158 games  .... llr -0.59 [-2.94, 2.94] after 79 pairs, elo -8.8 +/- 49.6
    160 games  .... llr -0.67 [-2.94, 2.94] after 80 pairs, elo -10.9 +/- 49.1
    162 games  .... llr -0.68 [-2.94, 2.94] after 81 pairs, elo -10.7 +/- 48.5
    164 games  .... llr -0.69 [-2.94, 2.94] after 82 pairs, elo -10.6 +/- 47.9
    166 games  .... llr -0.77 [-2.94, 2.94] after 83 pairs, elo -12.6 +/- 47.5
    168 games  .... llr -0.71 [-2.94, 2.94] after 84 pairs, elo -10.3 +/- 47.1
    170 games  .... llr -0.79 [-2.94, 2.94] after 85 pairs, elo -12.3 +/- 46.7
    173 games  .... llr -0.72 [-2.94, 2.94] after 86 pairs, elo -10.1 +/- 46.4
    174 games  .... llr -0.80 [-2.94, 2.94] after 87 pairs, elo -12.0 +/- 45.9
    176 games  .... llr -0.74 [-2.94, 2.94] after 88 pairs, elo -9.9 +/- 45.6
    178 games  .... llr -0.75 [-2.94, 2.94] after 89 pairs, elo -9.8 +/- 45.1
    181 games  .... llr -0.76 [-2.94, 2.94] after 90 pairs, elo -9.7 +/- 44.6
    182 games  .... llr -0.60 [-2.94, 2.94] after 91 pairs, elo -5.7 +/- 44.8
    184 games  .... llr -0.62 [-2.94, 2.94] after 92 pairs, elo -5.7 +/- 44.3
    187 games  .... llr -0.63 [-2.94, 2.94] after 93 pairs, elo -5.6 +/- 43.8
    188 games  .... llr -0.64 [-2.94, 2.94] after 94 pairs, elo -5.5 +/- 43.4
    190 games  .... llr -0.57 [-2.94, 2.94] after 95 pairs, elo -3.7 +/- 43.1
    192 games  .... llr -0.50 [-2.94, 2.94] after 96 pairs, elo -1.8 +/- 42.8
    195 games  .... llr -0.51 [-2.94, 2.94] after 97 pairs, elo -1.8 +/- 42.4
    196 games  .... llr -0.52 [-2.94, 2.94] after 98 pairs, elo -1.8 +/- 41.9
    198 games  .... llr -0.53 [-2.94, 2.94] after 99 pairs, elo -1.8 +/- 41.5
    200 games  .... llr -0.61 [-2.94, 2.94] after 100 pairs, elo -3.5 +/- 41.2
  checkpoint 200: -3 Elo, undecided -> 200 more
    202 games  .... llr -0.54 [-2.94, 2.94] after 101 pairs, elo -1.7 +/- 41.0
    204 games  .... llr -0.47 [-2.94, 2.94] after 102 pairs, elo -0.0 +/- 40.7
    207 games  .... llr -0.31 [-2.94, 2.94] after 103 pairs, elo +3.4 +/- 40.9
    209 games  .... llr -0.39 [-2.94, 2.94] after 104 pairs, elo +1.7 +/- 40.6
    210 games  .... llr -0.40 [-2.94, 2.94] after 105 pairs, elo +1.7 +/- 40.2
    212 games  .... llr -0.33 [-2.94, 2.94] after 106 pairs, elo +3.3 +/- 40.0
    214 games  .... llr -0.33 [-2.94, 2.94] after 107 pairs, elo +3.2 +/- 39.6
    216 games  .... llr -0.34 [-2.94, 2.94] after 108 pairs, elo +3.2 +/- 39.3
    218 games  .... llr -0.35 [-2.94, 2.94] after 109 pairs, elo +3.2 +/- 38.9
    220 games  .... llr -0.36 [-2.94, 2.94] after 110 pairs, elo +3.2 +/- 38.5
    223 games  .... llr -0.45 [-2.94, 2.94] after 111 pairs, elo +1.6 +/- 38.3
    224 games  .... llr -0.37 [-2.94, 2.94] after 112 pairs, elo +3.1 +/- 38.1
    226 games  .... llr -0.53 [-2.94, 2.94] after 113 pairs, elo -0.0 +/- 38.2
    229 games  .... llr -0.45 [-2.94, 2.94] after 114 pairs, elo +1.5 +/- 38.0
    230 games  .... llr -0.46 [-2.94, 2.94] after 115 pairs, elo +1.5 +/- 37.7
    232 games  .... llr -0.55 [-2.94, 2.94] after 116 pairs, elo -0.0 +/- 37.4
    234 games  .... llr -0.38 [-2.94, 2.94] after 117 pairs, elo +3.0 +/- 37.6
    237 games  .... llr -0.47 [-2.94, 2.94] after 118 pairs, elo +1.5 +/- 37.4
    238 games  .... llr -0.63 [-2.94, 2.94] after 119 pairs, elo -1.5 +/- 37.5
    240 games  .... llr -0.56 [-2.94, 2.94] after 120 pairs, elo -0.0 +/- 37.3
    242 games  .... llr -0.64 [-2.94, 2.94] after 121 pairs, elo -1.4 +/- 37.1
    244 games  .... llr -0.65 [-2.94, 2.94] after 122 pairs, elo -1.4 +/- 36.8
    246 games  .... llr -0.74 [-2.94, 2.94] after 123 pairs, elo -2.8 +/- 36.6
    248 games  .... llr -0.75 [-2.94, 2.94] after 124 pairs, elo -2.8 +/- 36.3
    251 games  .... llr -0.67 [-2.94, 2.94] after 125 pairs, elo -1.4 +/- 36.1
    252 games  .... llr -0.60 [-2.94, 2.94] after 126 pairs, elo -0.0 +/- 35.9
    254 games  .... llr -0.61 [-2.94, 2.94] after 127 pairs, elo -0.0 +/- 35.6
    256 games  .... llr -0.44 [-2.94, 2.94] after 128 pairs, elo +2.7 +/- 35.8
    258 games  .... llr -0.45 [-2.94, 2.94] after 129 pairs, elo +2.7 +/- 35.5
    260 games  .... llr -0.28 [-2.94, 2.94] after 130 pairs, elo +5.3 +/- 35.6
    263 games  .... llr -0.21 [-2.94, 2.94] after 131 pairs, elo +6.6 +/- 35.5
    265 games  .... llr -0.21 [-2.94, 2.94] after 132 pairs, elo +6.6 +/- 35.2
    266 games  .... llr -0.22 [-2.94, 2.94] after 133 pairs, elo +6.5 +/- 34.9
    268 games  .... llr -0.31 [-2.94, 2.94] after 134 pairs, elo +5.2 +/- 34.8
    270 games  .... llr -0.14 [-2.94, 2.94] after 135 pairs, elo +7.7 +/- 34.9
    272 games  .... llr -0.07 [-2.94, 2.94] after 136 pairs, elo +8.9 +/- 34.7
    274 games  .... llr -0.15 [-2.94, 2.94] after 137 pairs, elo +7.6 +/- 34.6
    276 games  .... llr -0.24 [-2.94, 2.94] after 138 pairs, elo +6.3 +/- 34.4
    278 games  .... llr -0.16 [-2.94, 2.94] after 139 pairs, elo +7.5 +/- 34.2
    280 games  .... llr -0.09 [-2.94, 2.94] after 140 pairs, elo +8.7 +/- 34.1
    282 games  .... llr -0.25 [-2.94, 2.94] after 141 pairs, elo +6.2 +/- 34.2
    285 games  .... llr -0.34 [-2.94, 2.94] after 142 pairs, elo +4.9 +/- 34.0
    286 games  .... llr -0.35 [-2.94, 2.94] after 143 pairs, elo +4.9 +/- 33.8
    288 games  .... llr -0.19 [-2.94, 2.94] after 144 pairs, elo +7.2 +/- 33.9
    291 games  .... llr -0.03 [-2.94, 2.94] after 145 pairs, elo +9.6 +/- 34.0
    293 games  .... llr -0.19 [-2.94, 2.94] after 146 pairs, elo +7.1 +/- 34.1
    294 games  .... llr -0.27 [-2.94, 2.94] after 147 pairs, elo +5.9 +/- 33.9
    296 games  .... llr -0.12 [-2.94, 2.94] after 148 pairs, elo +8.2 +/- 34.0
    299 games  .... llr -0.20 [-2.94, 2.94] after 149 pairs, elo +7.0 +/- 33.9
    301 games  .... llr -0.13 [-2.94, 2.94] after 150 pairs, elo +8.1 +/- 33.7
    302 games  .... llr -0.29 [-2.94, 2.94] after 151 pairs, elo +5.8 +/- 33.8
    304 games  .... llr -0.13 [-2.94, 2.94] after 152 pairs, elo +8.0 +/- 33.9
    306 games  .... llr -0.14 [-2.94, 2.94] after 153 pairs, elo +7.9 +/- 33.7
    308 games  .... llr -0.15 [-2.94, 2.94] after 154 pairs, elo +7.9 +/- 33.4
    310 games  .... llr -0.07 [-2.94, 2.94] after 155 pairs, elo +9.0 +/- 33.3
    312 games  .... llr +0.00 [-2.94, 2.94] after 156 pairs, elo +10.0 +/- 33.2
    314 games  .... llr -0.16 [-2.94, 2.94] after 157 pairs, elo +7.7 +/- 33.2
    316 games  .... llr -0.08 [-2.94, 2.94] after 158 pairs, elo +8.8 +/- 33.1
    318 games  .... llr -0.09 [-2.94, 2.94] after 159 pairs, elo +8.7 +/- 32.9
    321 games  .... llr -0.17 [-2.94, 2.94] after 160 pairs, elo +7.6 +/- 32.7
    322 games  .... llr -0.26 [-2.94, 2.94] after 161 pairs, elo +6.5 +/- 32.6
    324 games  .... llr -0.26 [-2.94, 2.94] after 162 pairs, elo +6.4 +/- 32.4
    327 games  .... llr -0.11 [-2.94, 2.94] after 163 pairs, elo +8.5 +/- 32.5
    329 games  .... llr -0.19 [-2.94, 2.94] after 164 pairs, elo +7.4 +/- 32.3
    330 games  .... llr -0.20 [-2.94, 2.94] after 165 pairs, elo +7.4 +/- 32.1
    332 games  .... llr -0.36 [-2.94, 2.94] after 166 pairs, elo +5.2 +/- 32.2
    334 games  .... llr -0.36 [-2.94, 2.94] after 167 pairs, elo +5.2 +/- 32.0
    337 games  .... llr -0.29 [-2.94, 2.94] after 168 pairs, elo +6.2 +/- 31.9
    338 games  .... llr -0.29 [-2.94, 2.94] after 169 pairs, elo +6.2 +/- 31.7
    340 games  .... llr -0.14 [-2.94, 2.94] after 170 pairs, elo +8.2 +/- 31.8
    343 games  .... llr -0.14 [-2.94, 2.94] after 171 pairs, elo +8.1 +/- 31.6
    344 games  .... llr -0.23 [-2.94, 2.94] after 172 pairs, elo +7.1 +/- 31.5
    346 games  .... llr -0.23 [-2.94, 2.94] after 173 pairs, elo +7.0 +/- 31.3
    348 games  .... llr -0.16 [-2.94, 2.94] after 174 pairs, elo +8.0 +/- 31.2
    350 games  .... llr -0.08 [-2.94, 2.94] after 175 pairs, elo +8.9 +/- 31.1
    352 games  .... llr -0.17 [-2.94, 2.94] after 176 pairs, elo +7.9 +/- 30.9
    354 games  .... llr -0.09 [-2.94, 2.94] after 177 pairs, elo +8.8 +/- 30.8
    356 games  .... llr -0.02 [-2.94, 2.94] after 178 pairs, elo +9.8 +/- 30.7
    358 games  .... llr -0.02 [-2.94, 2.94] after 179 pairs, elo +9.7 +/- 30.5
    360 games  .... llr -0.03 [-2.94, 2.94] after 180 pairs, elo +9.7 +/- 30.4
    362 games  .... llr +0.13 [-2.94, 2.94] after 181 pairs, elo +11.5 +/- 30.5
    364 games  .... llr -0.04 [-2.94, 2.94] after 182 pairs, elo +9.5 +/- 30.5
    366 games  .... llr -0.12 [-2.94, 2.94] after 183 pairs, elo +8.5 +/- 30.4
    368 games  .... llr -0.13 [-2.94, 2.94] after 184 pairs, elo +8.5 +/- 30.2
    370 games  .... llr +0.03 [-2.94, 2.94] after 185 pairs, elo +10.3 +/- 30.3
    372 games  .... llr -0.13 [-2.94, 2.94] after 186 pairs, elo +8.4 +/- 30.4
    374 games  .... llr -0.06 [-2.94, 2.94] after 187 pairs, elo +9.3 +/- 30.2
    377 games  .... llr -0.22 [-2.94, 2.94] after 188 pairs, elo +7.4 +/- 30.3
    378 games  .... llr -0.22 [-2.94, 2.94] after 189 pairs, elo +7.4 +/- 30.1
    380 games  .... llr -0.31 [-2.94, 2.94] after 190 pairs, elo +6.4 +/- 30.0
    382 games  .... llr -0.31 [-2.94, 2.94] after 191 pairs, elo +6.4 +/- 29.9
    385 games  .... llr -0.16 [-2.94, 2.94] after 192 pairs, elo +8.1 +/- 29.9
    386 games  .... llr -0.17 [-2.94, 2.94] after 193 pairs, elo +8.1 +/- 29.8
    388 games  .... llr -0.17 [-2.94, 2.94] after 194 pairs, elo +8.1 +/- 29.6
    390 games  .... llr -0.25 [-2.94, 2.94] after 195 pairs, elo +7.1 +/- 29.5
    392 games  .... llr -0.26 [-2.94, 2.94] after 196 pairs, elo +7.1 +/- 29.4
    394 games  .... llr -0.27 [-2.94, 2.94] after 197 pairs, elo +7.1 +/- 29.2
    397 games  .... llr -0.19 [-2.94, 2.94] after 198 pairs, elo +7.9 +/- 29.1
    399 games  .... llr -0.20 [-2.94, 2.94] after 199 pairs, elo +7.9 +/- 29.0
    400 games  .... llr -0.04 [-2.94, 2.94] after 200 pairs, elo +9.6 +/- 29.0
  checkpoint 400: +10 Elo, undecided -> 200 more
    402 games  .... llr -0.04 [-2.94, 2.94] after 201 pairs, elo +9.5 +/- 28.9
    404 games  .... llr -0.13 [-2.94, 2.94] after 202 pairs, elo +8.6 +/- 28.8
    406 games  .... llr -0.05 [-2.94, 2.94] after 203 pairs, elo +9.4 +/- 28.7
    408 games  .... llr -0.06 [-2.94, 2.94] after 204 pairs, elo +9.4 +/- 28.6
    410 games  .... llr +0.02 [-2.94, 2.94] after 205 pairs, elo +10.2 +/- 28.5
    412 games  .... llr +0.09 [-2.94, 2.94] after 206 pairs, elo +11.0 +/- 28.4
    414 games  .... llr +0.01 [-2.94, 2.94] after 207 pairs, elo +10.1 +/- 28.3
