stage 1: crash gate, 183-v95-vs-v94 vs random
  clean over 24 games, 100% vs random

stage 2: SPRT[0, 20], challenger vs champion
  note: 300 pairs over 119 openings, 2.5 repeats each -- the SPRT will read more confident than the evidence warrants
      4 games  .... llr +0.00 [-2.94, 2.94] after 1 pairs, elo +0.0 +/- inf  [pair 2 0.25]
      6 games  .... llr -0.72 [-2.94, 2.94] after 2 pairs, elo -338.0 +/- 245.6  [pair 1 0]
      7 games  .... llr -1.44 [-2.94, 2.94] after 3 pairs, elo -279.6 +/- 156.6  [pair 0 0.25]
     10 games  .... llr -0.23 [-2.94, 2.94] after 4 pairs, elo -137.0 +/- 222.6  [pair 5 0.75]
     11 games  .... llr -0.41 [-2.94, 2.94] after 5 pairs, elo -147.2 +/- 175.1  [pair 3 0.25]
     13 games  .... llr -0.47 [-2.94, 2.94] after 6 pairs, elo -120.4 +/- 148.2  [pair 4 0.5]
     14 games  .... llr -0.53 [-2.94, 2.94] after 7 pairs, elo -102.1 +/- 128.5  [pair 6 0.5]
     16 games  .... llr -0.17 [-2.94, 2.94] after 8 pairs, elo -43.7 +/- 158.5  [pair 7 1]
     18 games  .... llr -0.20 [-2.94, 2.94] after 9 pairs, elo -38.8 +/- 139.3  [pair 8 0.5]
     20 games  .... llr -0.23 [-2.94, 2.94] after 10 pairs, elo -34.9 +/- 124.3  [pair 9 0.5]
     24 games  .... llr -0.34 [-2.94, 2.94] after 11 pairs, elo -47.7 +/- 114.4  [pair 10 0.25]
     25 games  .... llr -0.48 [-2.94, 2.94] after 12 pairs, elo -73.5 +/- 115.7  [pair 11 0]
     26 games  .... llr -0.61 [-2.94, 2.94] after 13 pairs, elo -81.6 +/- 107.9  [pair 12 0.25]
     28 games  .... llr -0.34 [-2.94, 2.94] after 14 pairs, elo -50.0 +/- 116.4  [pair 13 1]
     30 games  .... llr -0.18 [-2.94, 2.94] after 15 pairs, elo -23.2 +/- 121.8  [pair 14 1]
     32 games  .... llr -0.20 [-2.94, 2.94] after 16 pairs, elo -21.7 +/- 113.6  [pair 15 0.5]
     35 games  .... llr -0.32 [-2.94, 2.94] after 17 pairs, elo -41.1 +/- 112.5  [pair 16 0]
     36 games  .... llr -0.34 [-2.94, 2.94] after 18 pairs, elo -38.8 +/- 106.0  [pair 17 0.5]
     38 games  .... llr -0.46 [-2.94, 2.94] after 19 pairs, elo -55.3 +/- 105.1  [pair 18 0]
     41 games  .... llr -0.30 [-2.94, 2.94] after 20 pairs, elo -34.9 +/- 107.7  [pair 19 1]
     42 games  .... llr -0.41 [-2.94, 2.94] after 21 pairs, elo -50.0 +/- 106.3  [pair 20 0]
     44 games  .... llr -0.43 [-2.94, 2.94] after 22 pairs, elo -47.7 +/- 101.4  [pair 21 0.5]
     47 games  .... llr -0.46 [-2.94, 2.94] after 23 pairs, elo -45.6 +/- 96.9  [pair 22 0.5]
     49 games  .... llr -0.54 [-2.94, 2.94] after 24 pairs, elo -51.0 +/- 93.3  [pair 23 0.25]
     50 games  .... llr -0.57 [-2.94, 2.94] after 25 pairs, elo -49.0 +/- 89.6  [pair 24 0.5]
     52 games  .... llr -0.59 [-2.94, 2.94] after 26 pairs, elo -47.1 +/- 86.1  [pair 25 0.5]
     54 games  .... llr -0.53 [-2.94, 2.94] after 27 pairs, elo -38.8 +/- 84.4  [pair 26 0.75]
     56 games  .... llr -0.37 [-2.94, 2.94] after 28 pairs, elo -24.9 +/- 85.9  [pair 27 1]
     58 games  .... llr -0.45 [-2.94, 2.94] after 29 pairs, elo -30.0 +/- 83.4  [pair 28 0.25]
     61 games  .... llr -0.47 [-2.94, 2.94] after 30 pairs, elo -29.0 +/- 80.6  [pair 30 0.5]
     62 games  .... llr -0.55 [-2.94, 2.94] after 31 pairs, elo -33.7 +/- 78.4  [pair 29 0.25]
     64 games  .... llr -0.57 [-2.94, 2.94] after 32 pairs, elo -32.7 +/- 75.9  [pair 31 0.5]
     66 games  .... llr -0.59 [-2.94, 2.94] after 33 pairs, elo -31.7 +/- 73.6  [pair 32 0.5]
     69 games  .... llr -0.53 [-2.94, 2.94] after 34 pairs, elo -25.6 +/- 72.4  [pair 33 0.75]
     70 games  .... llr -0.61 [-2.94, 2.94] after 35 pairs, elo -29.9 +/- 70.7  [pair 34 0.25]
     72 games  .... llr -0.71 [-2.94, 2.94] after 36 pairs, elo -33.9 +/- 69.2  [pair 35 0.25]
     74 games  .... llr -0.73 [-2.94, 2.94] after 37 pairs, elo -33.0 +/- 67.3  [pair 36 0.5]
     76 games  .... llr -0.54 [-2.94, 2.94] after 38 pairs, elo -22.9 +/- 68.5  [pair 37 1]
     78 games  .... llr -0.56 [-2.94, 2.94] after 39 pairs, elo -22.3 +/- 66.7  [pair 38 0.5]
     80 games  .... llr -0.58 [-2.94, 2.94] after 40 pairs, elo -21.7 +/- 65.0  [pair 39 0.5]
     82 games  .... llr -0.60 [-2.94, 2.94] after 41 pairs, elo -21.2 +/- 63.4  [pair 40 0.5]
     84 games  .... llr -0.74 [-2.94, 2.94] after 42 pairs, elo -29.0 +/- 63.6  [pair 41 0]
     86 games  .... llr -0.76 [-2.94, 2.94] after 43 pairs, elo -28.3 +/- 62.2  [pair 42 0.5]
     88 games  .... llr -0.58 [-2.94, 2.94] after 44 pairs, elo -19.8 +/- 63.1  [pair 43 1]
     90 games  .... llr -0.71 [-2.94, 2.94] after 45 pairs, elo -27.1 +/- 63.2  [pair 44 0]
     92 games  .... llr -0.85 [-2.94, 2.94] after 46 pairs, elo -34.1 +/- 63.3  [pair 45 0]
     94 games  .... llr -0.78 [-2.94, 2.94] after 47 pairs, elo -29.6 +/- 62.6  [pair 46 0.75]
     96 games  .... llr -0.80 [-2.94, 2.94] after 48 pairs, elo -29.0 +/- 61.3  [pair 47 0.5]
     98 games  .... llr -0.73 [-2.94, 2.94] after 49 pairs, elo -24.9 +/- 60.6  [pair 48 0.75]
    100 games  .... llr -0.66 [-2.94, 2.94] after 50 pairs, elo -20.9 +/- 59.9  [pair 49 0.75]
    102 games  .... llr -0.75 [-2.94, 2.94] after 51 pairs, elo -23.9 +/- 59.0  [pair 50 0.25]
    104 games  .... llr -0.77 [-2.94, 2.94] after 52 pairs, elo -23.4 +/- 57.8  [pair 51 0.5]
    106 games  .... llr -0.79 [-2.94, 2.94] after 53 pairs, elo -23.0 +/- 56.7  [pair 52 0.5]
    108 games  .... llr -0.81 [-2.94, 2.94] after 54 pairs, elo -22.6 +/- 55.6  [pair 53 0.5]
    111 games  .... llr -0.74 [-2.94, 2.94] after 55 pairs, elo -19.0 +/- 55.1  [pair 54 0.75]
    112 games  .... llr -0.75 [-2.94, 2.94] after 56 pairs, elo -18.6 +/- 54.1  [pair 55 0.5]
    115 games  .... llr -0.77 [-2.94, 2.94] after 57 pairs, elo -18.3 +/- 53.1  [pair 57 0.5]
    116 games  .... llr -0.79 [-2.94, 2.94] after 58 pairs, elo -18.0 +/- 52.2  [pair 56 0.5]
    118 games  .... llr -0.94 [-2.94, 2.94] after 59 pairs, elo -23.6 +/- 52.5  [pair 58 0]
    120 games  .... llr -1.08 [-2.94, 2.94] after 60 pairs, elo -29.0 +/- 52.7  [pair 59 0]
    122 games  .... llr -1.22 [-2.94, 2.94] after 61 pairs, elo -34.3 +/- 52.8  [pair 60 0]
    124 games  .... llr -1.25 [-2.94, 2.94] after 62 pairs, elo -33.7 +/- 52.0  [pair 61 0.5]
    126 games  .... llr -1.38 [-2.94, 2.94] after 63 pairs, elo -38.8 +/- 52.1  [pair 62 0]
    129 games  .... llr -1.52 [-2.94, 2.94] after 64 pairs, elo -43.7 +/- 52.2  [pair 64 0]
    130 games  .... llr -1.61 [-2.94, 2.94] after 65 pairs, elo -45.7 +/- 51.6  [pair 63 0.25]
    132 games  .... llr -1.41 [-2.94, 2.94] after 66 pairs, elo -39.7 +/- 52.1  [pair 65 1]
    134 games  .... llr -1.44 [-2.94, 2.94] after 67 pairs, elo -39.1 +/- 51.3  [pair 66 0.5]
    136 games  .... llr -1.46 [-2.94, 2.94] after 68 pairs, elo -38.5 +/- 50.5  [pair 67 0.5]
    138 games  .... llr -1.49 [-2.94, 2.94] after 69 pairs, elo -37.9 +/- 49.8  [pair 68 0.5]
    140 games  .... llr -1.58 [-2.94, 2.94] after 70 pairs, elo -39.9 +/- 49.3  [pair 69 0.25]
    142 games  .... llr -1.72 [-2.94, 2.94] after 71 pairs, elo -44.3 +/- 49.4  [pair 70 0]
    144 games  .... llr -1.64 [-2.94, 2.94] after 72 pairs, elo -41.2 +/- 49.0  [pair 71 0.75]
    146 games  .... llr -1.67 [-2.94, 2.94] after 73 pairs, elo -40.6 +/- 48.3  [pair 72 0.5]
    148 games  .... llr -1.77 [-2.94, 2.94] after 74 pairs, elo -42.5 +/- 47.8  [pair 73 0.25]
    150 games  .... llr -1.80 [-2.94, 2.94] after 75 pairs, elo -41.9 +/- 47.2  [pair 74 0.5]
    152 games  .... llr -1.72 [-2.94, 2.94] after 76 pairs, elo -39.0 +/- 46.9  [pair 75 0.75]
    154 games  .... llr -1.75 [-2.94, 2.94] after 77 pairs, elo -38.5 +/- 46.3  [pair 76 0.5]
    156 games  .... llr -1.85 [-2.94, 2.94] after 78 pairs, elo -40.3 +/- 45.8  [pair 77 0.25]
    158 games  .... llr -1.87 [-2.94, 2.94] after 79 pairs, elo -39.8 +/- 45.2  [pair 78 0.5]
    160 games  .... llr -1.90 [-2.94, 2.94] after 80 pairs, elo -39.3 +/- 44.7  [pair 79 0.5]
    162 games  .... llr -2.01 [-2.94, 2.94] after 81 pairs, elo -40.9 +/- 44.3  [pair 80 0.25]
    164 games  .... llr -1.92 [-2.94, 2.94] after 82 pairs, elo -38.3 +/- 44.0  [pair 81 0.75]
    166 games  .... llr -1.95 [-2.94, 2.94] after 83 pairs, elo -37.8 +/- 43.5  [pair 82 0.5]
    168 games  .... llr -2.05 [-2.94, 2.94] after 84 pairs, elo -39.5 +/- 43.1  [pair 83 0.25]
    170 games  .... llr -2.08 [-2.94, 2.94] after 85 pairs, elo -39.0 +/- 42.6  [pair 84 0.5]
    173 games  .... llr -2.23 [-2.94, 2.94] after 86 pairs, elo -42.6 +/- 42.7  [pair 85 0]
    175 games  .... llr -2.33 [-2.94, 2.94] after 87 pairs, elo -44.2 +/- 42.3  [pair 86 0.25]
    176 games  .... llr -2.36 [-2.94, 2.94] after 88 pairs, elo -43.7 +/- 41.9  [pair 87 0.5]
    178 games  .... llr -2.51 [-2.94, 2.94] after 89 pairs, elo -47.1 +/- 42.0  [pair 88 0]
    180 games  .... llr -2.54 [-2.94, 2.94] after 90 pairs, elo -46.6 +/- 41.5  [pair 89 0.5]
    182 games  .... llr -2.68 [-2.94, 2.94] after 91 pairs, elo -50.0 +/- 41.7  [pair 90 0]
    184 games  .... llr -2.44 [-2.94, 2.94] after 92 pairs, elo -45.6 +/- 42.0  [pair 91 1]
    187 games  .... llr -2.36 [-2.94, 2.94] after 93 pairs, elo -43.2 +/- 41.8  [pair 92 0.75]
    189 games  .... llr -2.46 [-2.94, 2.94] after 94 pairs, elo -44.6 +/- 41.4  [pair 93 0.25]
    190 games  .... llr -2.49 [-2.94, 2.94] after 95 pairs, elo -44.1 +/- 41.0  [pair 94 0.5]
    192 games  .... llr -2.52 [-2.94, 2.94] after 96 pairs, elo -43.7 +/- 40.6  [pair 95 0.5]
    194 games  .... llr -2.44 [-2.94, 2.94] after 97 pairs, elo -41.4 +/- 40.4  [pair 96 0.75]
    196 games  .... llr -2.58 [-2.94, 2.94] after 98 pairs, elo -44.6 +/- 40.5  [pair 97 0]
    198 games  .... llr -2.49 [-2.94, 2.94] after 99 pairs, elo -42.3 +/- 40.3  [pair 98 0.75]
    200 games  .... llr -2.41 [-2.94, 2.94] after 100 pairs, elo -40.1 +/- 40.0  [pair 99 0.75]
  checkpoint 200: -40 Elo, undecided -> 200 more
    203 games  .... llr -2.33 [-2.94, 2.94] after 101 pairs, elo -38.0 +/- 39.8  [pair 100 0.75]
    204 games  .... llr -2.36 [-2.94, 2.94] after 102 pairs, elo -37.6 +/- 39.4  [pair 101 0.5]
    206 games  .... llr -2.39 [-2.94, 2.94] after 103 pairs, elo -37.2 +/- 39.1  [pair 102 0.5]
    208 games  .... llr -2.53 [-2.94, 2.94] after 104 pairs, elo -40.3 +/- 39.2  [pair 103 0]
    210 games  .... llr -2.63 [-2.94, 2.94] after 105 pairs, elo -41.6 +/- 38.9  [pair 104 0.25]
    212 games  .... llr -2.66 [-2.94, 2.94] after 106 pairs, elo -41.2 +/- 38.5  [pair 105 0.5]
    214 games  .... llr -2.69 [-2.94, 2.94] after 107 pairs, elo -40.8 +/- 38.2  [pair 106 0.5]
    217 games  .... llr -2.72 [-2.94, 2.94] after 108 pairs, elo -40.4 +/- 37.8  [pair 107 0.5]
    218 games  .... llr -2.63 [-2.94, 2.94] after 109 pairs, elo -38.4 +/- 37.6  [pair 108 0.75]
    220 games  .... llr -2.66 [-2.94, 2.94] after 110 pairs, elo -38.1 +/- 37.3  [pair 109 0.5]
    222 games  .... llr -2.69 [-2.94, 2.94] after 111 pairs, elo -37.7 +/- 37.0  [pair 110 0.5]
    224 games  .... llr -2.60 [-2.94, 2.94] after 112 pairs, elo -35.8 +/- 36.8  [pair 111 0.75]
    226 games  .... llr -2.38 [-2.94, 2.94] after 113 pairs, elo -32.4 +/- 37.0  [pair 112 1]
    228 games  .... llr -2.40 [-2.94, 2.94] after 114 pairs, elo -32.1 +/- 36.7  [pair 113 0.5]
    230 games  .... llr -2.50 [-2.94, 2.94] after 115 pairs, elo -33.3 +/- 36.5  [pair 114 0.25]
    232 games  .... llr -2.61 [-2.94, 2.94] after 116 pairs, elo -34.6 +/- 36.3  [pair 115 0.25]
    234 games  .... llr -2.52 [-2.94, 2.94] after 117 pairs, elo -32.8 +/- 36.1  [pair 116 0.75]
    237 games  .... llr -2.63 [-2.94, 2.94] after 118 pairs, elo -34.0 +/- 35.9  [pair 117 0.25]
    238 games  .... llr -2.77 [-2.94, 2.94] after 119 pairs, elo -36.6 +/- 36.0  [pair 118 0]
    240 games  .... llr -2.80 [-2.94, 2.94] after 120 pairs, elo -36.3 +/- 35.7  [pair 119 0.5]
    243 games  .... llr -2.57 [-2.94, 2.94] after 121 pairs, elo -33.1 +/- 35.9  [pair 120 1]
    244 games  .... llr -2.36 [-2.94, 2.94] after 122 pairs, elo -30.0 +/- 36.1  [pair 121 1]
    246 games  .... llr -2.38 [-2.94, 2.94] after 123 pairs, elo -29.7 +/- 35.8  [pair 122 0.5]
    248 games  .... llr -2.48 [-2.94, 2.94] after 124 pairs, elo -30.9 +/- 35.6  [pair 123 0.25]
    250 games  .... llr -2.51 [-2.94, 2.94] after 125 pairs, elo -30.7 +/- 35.3  [pair 124 0.5]
    252 games  .... llr -2.29 [-2.94, 2.94] after 126 pairs, elo -27.6 +/- 35.5  [pair 125 1]
    255 games  .... llr -2.32 [-2.94, 2.94] after 127 pairs, elo -27.4 +/- 35.2  [pair 126 0.5]
    256 games  .... llr -2.11 [-2.94, 2.94] after 128 pairs, elo -24.5 +/- 35.4  [pair 127 1]
    258 games  .... llr -2.21 [-2.94, 2.94] after 129 pairs, elo -25.6 +/- 35.2  [pair 128 0.25]
    260 games  .... llr -2.13 [-2.94, 2.94] after 130 pairs, elo -24.1 +/- 35.1  [pair 129 0.75]
    262 games  .... llr -2.23 [-2.94, 2.94] after 131 pairs, elo -25.2 +/- 34.9  [pair 130 0.25]
    264 games  .... llr -2.03 [-2.94, 2.94] after 132 pairs, elo -22.4 +/- 35.0  [pair 131 1]
    266 games  .... llr -2.05 [-2.94, 2.94] after 133 pairs, elo -22.2 +/- 34.8  [pair 132 0.5]
    268 games  .... llr -2.14 [-2.94, 2.94] after 134 pairs, elo -23.4 +/- 34.6  [pair 133 0.25]
    271 games  .... llr -2.16 [-2.94, 2.94] after 135 pairs, elo -23.2 +/- 34.3  [pair 134 0.5]
    272 games  .... llr -2.08 [-2.94, 2.94] after 136 pairs, elo -21.7 +/- 34.2  [pair 135 0.75]
    274 games  .... llr -2.10 [-2.94, 2.94] after 137 pairs, elo -21.6 +/- 34.0  [pair 136 0.5]
    276 games  .... llr -2.12 [-2.94, 2.94] after 138 pairs, elo -21.4 +/- 33.7  [pair 137 0.5]
    278 games  .... llr -2.14 [-2.94, 2.94] after 139 pairs, elo -21.3 +/- 33.5  [pair 138 0.5]
    280 games  .... llr -2.29 [-2.94, 2.94] after 140 pairs, elo -23.6 +/- 33.5  [pair 139 0]
    283 games  .... llr -2.22 [-2.94, 2.94] after 141 pairs, elo -22.2 +/- 33.4  [pair 140 0.75]
    284 games  .... llr -2.24 [-2.94, 2.94] after 142 pairs, elo -22.1 +/- 33.2  [pair 141 0.5]
    286 games  .... llr -2.26 [-2.94, 2.94] after 143 pairs, elo -21.9 +/- 32.9  [pair 142 0.5]
    289 games  .... llr -2.36 [-2.94, 2.94] after 144 pairs, elo -23.0 +/- 32.8  [pair 143 0.25]
    290 games  .... llr -2.38 [-2.94, 2.94] after 145 pairs, elo -22.8 +/- 32.6  [pair 144 0.5]
    292 games  .... llr -2.17 [-2.94, 2.94] after 146 pairs, elo -20.3 +/- 32.7  [pair 145 1]
    294 games  .... llr -1.97 [-2.94, 2.94] after 147 pairs, elo -17.7 +/- 32.8  [pair 146 1]
    297 games  .... llr -1.78 [-2.94, 2.94] after 148 pairs, elo -15.3 +/- 33.0  [pair 147 1]
    299 games  .... llr -1.60 [-2.94, 2.94] after 149 pairs, elo -12.8 +/- 33.1  [pair 148 1]
    300 games  .... llr -1.69 [-2.94, 2.94] after 150 pairs, elo -13.9 +/- 33.0  [pair 149 0.25]
    303 games  .... llr -1.62 [-2.94, 2.94] after 151 pairs, elo -12.7 +/- 32.8  [pair 151 0.75]
    304 games  .... llr -1.71 [-2.94, 2.94] after 152 pairs, elo -13.7 +/- 32.7  [pair 150 0.25]
    306 games  .... llr -1.80 [-2.94, 2.94] after 153 pairs, elo -14.8 +/- 32.5  [pair 152 0.25]
    308 games  .... llr -1.62 [-2.94, 2.94] after 154 pairs, elo -12.4 +/- 32.6  [pair 153 1]
    310 games  .... llr -1.63 [-2.94, 2.94] after 155 pairs, elo -12.3 +/- 32.4  [pair 154 0.5]
    312 games  .... llr -1.45 [-2.94, 2.94] after 156 pairs, elo -10.0 +/- 32.5  [pair 155 1]
    314 games  .... llr -1.28 [-2.94, 2.94] after 157 pairs, elo -7.7 +/- 32.7  [pair 156 1]
    316 games  .... llr -1.11 [-2.94, 2.94] after 158 pairs, elo -5.5 +/- 32.8  [pair 157 1]
    318 games  .... llr -1.04 [-2.94, 2.94] after 159 pairs, elo -4.4 +/- 32.6  [pair 158 0.75]
    320 games  .... llr -1.05 [-2.94, 2.94] after 160 pairs, elo -4.3 +/- 32.4  [pair 159 0.5]
    322 games  .... llr -1.14 [-2.94, 2.94] after 161 pairs, elo -5.4 +/- 32.3  [pair 160 0.25]
    324 games  .... llr -1.29 [-2.94, 2.94] after 162 pairs, elo -7.5 +/- 32.3  [pair 161 0]
    326 games  .... llr -1.37 [-2.94, 2.94] after 163 pairs, elo -8.5 +/- 32.2  [pair 162 0.25]
    328 games  .... llr -1.46 [-2.94, 2.94] after 164 pairs, elo -9.5 +/- 32.1  [pair 163 0.25]
    330 games  .... llr -1.39 [-2.94, 2.94] after 165 pairs, elo -8.4 +/- 31.9  [pair 164 0.75]
    332 games  .... llr -1.48 [-2.94, 2.94] after 166 pairs, elo -9.4 +/- 31.8  [pair 165 0.25]
    334 games  .... llr -1.40 [-2.94, 2.94] after 167 pairs, elo -8.3 +/- 31.7  [pair 166 0.75]
    336 games  .... llr -1.23 [-2.94, 2.94] after 168 pairs, elo -6.2 +/- 31.8  [pair 167 1]
    338 games  .... llr -1.32 [-2.94, 2.94] after 169 pairs, elo -7.2 +/- 31.7  [pair 168 0.25]
    340 games  .... llr -1.33 [-2.94, 2.94] after 170 pairs, elo -7.2 +/- 31.5  [pair 169 0.5]
    342 games  .... llr -1.42 [-2.94, 2.94] after 171 pairs, elo -8.1 +/- 31.3  [pair 170 0.25]
    344 games  .... llr -1.25 [-2.94, 2.94] after 172 pairs, elo -6.1 +/- 31.4  [pair 171 1]
    346 games  .... llr -1.09 [-2.94, 2.94] after 173 pairs, elo -4.0 +/- 31.5  [pair 172 1]
    348 games  .... llr -1.01 [-2.94, 2.94] after 174 pairs, elo -3.0 +/- 31.4  [pair 173 0.75]
    350 games  .... llr -1.03 [-2.94, 2.94] after 175 pairs, elo -3.0 +/- 31.2  [pair 174 0.5]
    352 games  .... llr -0.86 [-2.94, 2.94] after 176 pairs, elo -1.0 +/- 31.3  [pair 175 1]
    354 games  .... llr -0.87 [-2.94, 2.94] after 177 pairs, elo -1.0 +/- 31.1  [pair 176 0.5]
    356 games  .... llr -0.88 [-2.94, 2.94] after 178 pairs, elo -1.0 +/- 30.9  [pair 177 0.5]
    358 games  .... llr -0.89 [-2.94, 2.94] after 179 pairs, elo -1.0 +/- 30.8  [pair 178 0.5]
    360 games  .... llr -0.98 [-2.94, 2.94] after 180 pairs, elo -1.9 +/- 30.7  [pair 179 0.25]
    362 games  .... llr -1.06 [-2.94, 2.94] after 181 pairs, elo -2.9 +/- 30.5  [pair 180 0.25]
    364 games  .... llr -1.15 [-2.94, 2.94] after 182 pairs, elo -3.8 +/- 30.4  [pair 181 0.25]
    366 games  .... llr -1.08 [-2.94, 2.94] after 183 pairs, elo -2.8 +/- 30.3  [pair 182 0.75]
    368 games  .... llr -1.09 [-2.94, 2.94] after 184 pairs, elo -2.8 +/- 30.1  [pair 183 0.5]
    370 games  .... llr -0.92 [-2.94, 2.94] after 185 pairs, elo -0.9 +/- 30.2  [pair 184 1]
    372 games  .... llr -1.08 [-2.94, 2.94] after 186 pairs, elo -2.8 +/- 30.3  [pair 185 0]
    374 games  .... llr -0.91 [-2.94, 2.94] after 187 pairs, elo -0.9 +/- 30.3  [pair 186 1]
    376 games  .... llr -0.92 [-2.94, 2.94] after 188 pairs, elo -0.9 +/- 30.2  [pair 187 0.5]
    378 games  .... llr -0.93 [-2.94, 2.94] after 189 pairs, elo -0.9 +/- 30.0  [pair 188 0.5]
    380 games  .... llr -1.02 [-2.94, 2.94] after 190 pairs, elo -1.8 +/- 29.9  [pair 189 0.25]
    382 games  .... llr -1.03 [-2.94, 2.94] after 191 pairs, elo -1.8 +/- 29.8  [pair 190 0.5]
    384 games  .... llr -1.11 [-2.94, 2.94] after 192 pairs, elo -2.7 +/- 29.6  [pair 191 0.25]
    386 games  .... llr -1.27 [-2.94, 2.94] after 193 pairs, elo -4.5 +/- 29.7  [pair 192 0]
    388 games  .... llr -1.28 [-2.94, 2.94] after 194 pairs, elo -4.5 +/- 29.5  [pair 193 0.5]
    390 games  .... llr -1.20 [-2.94, 2.94] after 195 pairs, elo -3.6 +/- 29.4  [pair 194 0.75]
    392 games  .... llr -1.13 [-2.94, 2.94] after 196 pairs, elo -2.7 +/- 29.3  [pair 195 0.75]
    395 games  .... llr -1.22 [-2.94, 2.94] after 197 pairs, elo -3.5 +/- 29.2  [pair 196 0.25]
    396 games  .... llr -1.14 [-2.94, 2.94] after 198 pairs, elo -2.6 +/- 29.2  [pair 197 0.75]
    398 games  .... llr -1.07 [-2.94, 2.94] after 199 pairs, elo -1.7 +/- 29.1  [pair 198 0.75]
    400 games  .... llr -1.08 [-2.94, 2.94] after 200 pairs, elo -1.7 +/- 28.9  [pair 199 0.5]
  checkpoint 400: -2 Elo, undecided -> 200 more
    402 games  .... llr -1.01 [-2.94, 2.94] after 201 pairs, elo -0.9 +/- 28.8  [pair 200 0.75]
    404 games  .... llr -1.09 [-2.94, 2.94] after 202 pairs, elo -1.7 +/- 28.7  [pair 201 0.25]
    406 games  .... llr -0.93 [-2.94, 2.94] after 203 pairs, elo -0.0 +/- 28.8  [pair 202 1]
    408 games  .... llr -0.77 [-2.94, 2.94] after 204 pairs, elo +1.7 +/- 28.9  [pair 203 1]
    410 games  .... llr -0.78 [-2.94, 2.94] after 205 pairs, elo +1.7 +/- 28.7  [pair 204 0.5]
    412 games  .... llr -0.70 [-2.94, 2.94] after 206 pairs, elo +2.5 +/- 28.6  [pair 205 0.75]
    414 games  .... llr -0.54 [-2.94, 2.94] after 207 pairs, elo +4.2 +/- 28.7  [pair 206 1]
    416 games  .... llr -0.55 [-2.94, 2.94] after 208 pairs, elo +4.2 +/- 28.6  [pair 207 0.5]
    418 games  .... llr -0.64 [-2.94, 2.94] after 209 pairs, elo +3.3 +/- 28.5  [pair 208 0.25]
    420 games  .... llr -0.72 [-2.94, 2.94] after 210 pairs, elo +2.5 +/- 28.4  [pair 209 0.25]
    423 games  .... llr -0.73 [-2.94, 2.94] after 211 pairs, elo +2.5 +/- 28.2  [pair 211 0.5]
    424 games  .... llr -0.65 [-2.94, 2.94] after 212 pairs, elo +3.3 +/- 28.2  [pair 210 0.75]
    426 games  .... llr -0.58 [-2.94, 2.94] after 213 pairs, elo +4.1 +/- 28.1  [pair 212 0.75]
    428 games  .... llr -0.42 [-2.94, 2.94] after 214 pairs, elo +5.7 +/- 28.1  [pair 213 1]
    430 games  .... llr -0.43 [-2.94, 2.94] after 215 pairs, elo +5.7 +/- 28.0  [pair 214 0.5]
    432 games  .... llr -0.43 [-2.94, 2.94] after 216 pairs, elo +5.6 +/- 27.9  [pair 215 0.5]
    434 games  .... llr -0.44 [-2.94, 2.94] after 217 pairs, elo +5.6 +/- 27.7  [pair 216 0.5]
    436 games  .... llr -0.28 [-2.94, 2.94] after 218 pairs, elo +7.2 +/- 27.8  [pair 217 1]
    438 games  .... llr -0.29 [-2.94, 2.94] after 219 pairs, elo +7.1 +/- 27.7  [pair 218 0.5]
    440 games  .... llr -0.29 [-2.94, 2.94] after 220 pairs, elo +7.1 +/- 27.5  [pair 219 0.5]
    442 games  .... llr -0.30 [-2.94, 2.94] after 221 pairs, elo +7.1 +/- 27.4  [pair 220 0.5]
    445 games  .... llr -0.22 [-2.94, 2.94] after 222 pairs, elo +7.8 +/- 27.3  [pair 221 0.75]
    446 games  .... llr -0.31 [-2.94, 2.94] after 223 pairs, elo +7.0 +/- 27.3  [pair 222 0.25]
    448 games  .... llr -0.40 [-2.94, 2.94] after 224 pairs, elo +6.2 +/- 27.2  [pair 223 0.25]
    450 games  .... llr -0.40 [-2.94, 2.94] after 225 pairs, elo +6.2 +/- 27.0  [pair 224 0.5]
    452 games  .... llr -0.24 [-2.94, 2.94] after 226 pairs, elo +7.7 +/- 27.1  [pair 225 1]
    454 games  .... llr -0.17 [-2.94, 2.94] after 227 pairs, elo +8.4 +/- 27.0  [pair 226 0.75]
    456 games  .... llr -0.33 [-2.94, 2.94] after 228 pairs, elo +6.9 +/- 27.1  [pair 227 0]
    458 games  .... llr -0.34 [-2.94, 2.94] after 229 pairs, elo +6.8 +/- 27.0  [pair 228 0.5]
    460 games  .... llr -0.26 [-2.94, 2.94] after 230 pairs, elo +7.6 +/- 26.9  [pair 229 0.75]
    462 games  .... llr -0.10 [-2.94, 2.94] after 231 pairs, elo +9.0 +/- 26.9  [pair 230 1]
    464 games  .... llr -0.11 [-2.94, 2.94] after 232 pairs, elo +9.0 +/- 26.8  [pair 231 0.5]
    466 games  .... llr -0.11 [-2.94, 2.94] after 233 pairs, elo +8.9 +/- 26.7  [pair 232 0.5]
    468 games  .... llr +0.04 [-2.94, 2.94] after 234 pairs, elo +10.4 +/- 26.8  [pair 233 1]
    470 games  .... llr +0.04 [-2.94, 2.94] after 235 pairs, elo +10.4 +/- 26.6  [pair 234 0.5]
    472 games  .... llr +0.12 [-2.94, 2.94] after 236 pairs, elo +11.0 +/- 26.6  [pair 235 0.75]
    474 games  .... llr +0.11 [-2.94, 2.94] after 237 pairs, elo +11.0 +/- 26.5  [pair 236 0.5]
    476 games  .... llr +0.11 [-2.94, 2.94] after 238 pairs, elo +11.0 +/- 26.3  [pair 237 0.5]
    478 games  .... llr +0.02 [-2.94, 2.94] after 239 pairs, elo +10.2 +/- 26.3  [pair 238 0.25]
    480 games  .... llr +0.02 [-2.94, 2.94] after 240 pairs, elo +10.1 +/- 26.2  [pair 239 0.5]
    482 games  .... llr -0.15 [-2.94, 2.94] after 241 pairs, elo +8.7 +/- 26.2  [pair 240 0]
    484 games  .... llr -0.16 [-2.94, 2.94] after 242 pairs, elo +8.6 +/- 26.1  [pair 241 0.5]
    486 games  .... llr -0.32 [-2.94, 2.94] after 243 pairs, elo +7.1 +/- 26.1  [pair 242 0]
    488 games  .... llr -0.16 [-2.94, 2.94] after 244 pairs, elo +8.5 +/- 26.2  [pair 243 1]
    491 games  .... llr -0.25 [-2.94, 2.94] after 245 pairs, elo +7.8 +/- 26.1  [pair 244 0.25]
    492 games  .... llr -0.09 [-2.94, 2.94] after 246 pairs, elo +9.2 +/- 26.2  [pair 245 1]
    494 games  .... llr -0.18 [-2.94, 2.94] after 247 pairs, elo +8.4 +/- 26.1  [pair 246 0.25]
    496 games  .... llr -0.34 [-2.94, 2.94] after 248 pairs, elo +7.0 +/- 26.1  [pair 247 0]
    498 games  .... llr -0.42 [-2.94, 2.94] after 249 pairs, elo +6.3 +/- 26.0  [pair 248 0.25]
    500 games  .... llr -0.27 [-2.94, 2.94] after 250 pairs, elo +7.6 +/- 26.1  [pair 249 1]
    502 games  .... llr -0.35 [-2.94, 2.94] after 251 pairs, elo +6.9 +/- 26.0  [pair 250 0.25]
    504 games  .... llr -0.36 [-2.94, 2.94] after 252 pairs, elo +6.9 +/- 25.9  [pair 251 0.5]
    506 games  .... llr -0.52 [-2.94, 2.94] after 253 pairs, elo +5.5 +/- 25.9  [pair 252 0]
    508 games  .... llr -0.60 [-2.94, 2.94] after 254 pairs, elo +4.8 +/- 25.9  [pair 253 0.25]
    510 games  .... llr -0.68 [-2.94, 2.94] after 255 pairs, elo +4.1 +/- 25.8  [pair 254 0.25]
    512 games  .... llr -0.69 [-2.94, 2.94] after 256 pairs, elo +4.1 +/- 25.7  [pair 255 0.5]
    514 games  .... llr -0.70 [-2.94, 2.94] after 257 pairs, elo +4.1 +/- 25.6  [pair 256 0.5]
    516 games  .... llr -0.71 [-2.94, 2.94] after 258 pairs, elo +4.0 +/- 25.5  [pair 257 0.5]
    518 games  .... llr -0.71 [-2.94, 2.94] after 259 pairs, elo +4.0 +/- 25.4  [pair 258 0.5]
    520 games  .... llr -0.80 [-2.94, 2.94] after 260 pairs, elo +3.3 +/- 25.3  [pair 259 0.25]
    522 games  .... llr -0.96 [-2.94, 2.94] after 261 pairs, elo +2.0 +/- 25.4  [pair 260 0]
    524 games  .... llr -0.97 [-2.94, 2.94] after 262 pairs, elo +2.0 +/- 25.3  [pair 261 0.5]
    526 games  .... llr -1.05 [-2.94, 2.94] after 263 pairs, elo +1.3 +/- 25.2  [pair 262 0.25]
    528 games  .... llr -1.06 [-2.94, 2.94] after 264 pairs, elo +1.3 +/- 25.1  [pair 263 0.5]
    531 games  .... llr -1.22 [-2.94, 2.94] after 265 pairs, elo -0.0 +/- 25.1  [pair 264 0]
    532 games  .... llr -1.30 [-2.94, 2.94] after 266 pairs, elo -0.7 +/- 25.1  [pair 265 0.25]
    534 games  .... llr -1.31 [-2.94, 2.94] after 267 pairs, elo -0.7 +/- 25.0  [pair 266 0.5]
    536 games  .... llr -1.32 [-2.94, 2.94] after 268 pairs, elo -0.6 +/- 24.9  [pair 267 0.5]
    538 games  .... llr -1.25 [-2.94, 2.94] after 269 pairs, elo -0.0 +/- 24.8  [pair 268 0.75]
    540 games  .... llr -1.40 [-2.94, 2.94] after 270 pairs, elo -1.3 +/- 24.9  [pair 269 0]
    542 games  .... llr -1.49 [-2.94, 2.94] after 271 pairs, elo -1.9 +/- 24.8  [pair 270 0.25]
    544 games  .... llr -1.58 [-2.94, 2.94] after 272 pairs, elo -2.6 +/- 24.7  [pair 271 0.25]
    546 games  .... llr -1.41 [-2.94, 2.94] after 273 pairs, elo -1.3 +/- 24.8  [pair 272 1]
    548 games  .... llr -1.34 [-2.94, 2.94] after 274 pairs, elo -0.6 +/- 24.7  [pair 273 0.75]
    550 games  .... llr -1.49 [-2.94, 2.94] after 275 pairs, elo -1.9 +/- 24.7  [pair 274 0]
    553 games  .... llr -1.42 [-2.94, 2.94] after 276 pairs, elo -1.3 +/- 24.7  [pair 275 0.75]
    554 games  .... llr -1.43 [-2.94, 2.94] after 277 pairs, elo -1.3 +/- 24.6  [pair 276 0.5]
    556 games  .... llr -1.52 [-2.94, 2.94] after 278 pairs, elo -1.9 +/- 24.5  [pair 277 0.25]
    558 games  .... llr -1.53 [-2.94, 2.94] after 279 pairs, elo -1.9 +/- 24.5  [pair 278 0.5]
    560 games  .... llr -1.54 [-2.94, 2.94] after 280 pairs, elo -1.9 +/- 24.4  [pair 279 0.5]
    562 games  .... llr -1.46 [-2.94, 2.94] after 281 pairs, elo -1.2 +/- 24.3  [pair 280 0.75]
    564 games  .... llr -1.62 [-2.94, 2.94] after 282 pairs, elo -2.5 +/- 24.3  [pair 281 0]
    566 games  .... llr -1.63 [-2.94, 2.94] after 283 pairs, elo -2.5 +/- 24.3  [pair 282 0.5]
    568 games  .... llr -1.55 [-2.94, 2.94] after 284 pairs, elo -1.8 +/- 24.2  [pair 283 0.75]
    570 games  .... llr -1.39 [-2.94, 2.94] after 285 pairs, elo -0.6 +/- 24.2  [pair 284 1]
    572 games  .... llr -1.31 [-2.94, 2.94] after 286 pairs, elo -0.0 +/- 24.2  [pair 285 0.75]
    574 games  .... llr -1.47 [-2.94, 2.94] after 287 pairs, elo -1.2 +/- 24.2  [pair 286 0]
    576 games  .... llr -1.48 [-2.94, 2.94] after 288 pairs, elo -1.2 +/- 24.1  [pair 287 0.5]
    578 games  .... llr -1.32 [-2.94, 2.94] after 289 pairs, elo -0.0 +/- 24.2  [pair 288 1]
    580 games  .... llr -1.40 [-2.94, 2.94] after 290 pairs, elo -0.6 +/- 24.1  [pair 289 0.25]
    582 games  .... llr -1.24 [-2.94, 2.94] after 291 pairs, elo +0.6 +/- 24.1  [pair 290 1]
    584 games  .... llr -1.08 [-2.94, 2.94] after 292 pairs, elo +1.8 +/- 24.2  [pair 291 1]
    586 games  .... llr -0.92 [-2.94, 2.94] after 293 pairs, elo +3.0 +/- 24.2  [pair 292 1]
    588 games  .... llr -1.01 [-2.94, 2.94] after 294 pairs, elo +2.4 +/- 24.2  [pair 293 0.25]
    590 games  .... llr -1.16 [-2.94, 2.94] after 295 pairs, elo +1.2 +/- 24.2  [pair 294 0]
    592 games  .... llr -1.09 [-2.94, 2.94] after 296 pairs, elo +1.8 +/- 24.1  [pair 295 0.75]
    595 games  .... llr -1.02 [-2.94, 2.94] after 297 pairs, elo +2.3 +/- 24.1  [pair 296 0.75]
    596 games  .... llr -1.02 [-2.94, 2.94] after 298 pairs, elo +2.3 +/- 24.0  [pair 297 0.5]
    598 games  .... llr -1.03 [-2.94, 2.94] after 299 pairs, elo +2.3 +/- 23.9  [pair 298 0.5]
    600 games  .... llr -0.88 [-2.94, 2.94] after 300 pairs, elo +3.5 +/- 24.0  [pair 299 1]
  checkpoint 600: +3 Elo, undecided -> 200 more

C:\dev\aichessathon\starter\overnight\challengers\183-v95-vs-v94 vs C:\dev\aichessathon\starter\overnight\challengers\v94-champion
  +218 =170 -212  score 50.5%  over 600 games
  .... llr -0.88 [-2.94, 2.94] after 300 pairs, elo +3.5 +/- 24.0
  mean game length 130 plies
  terminations: checkmate 430, fifty_moves 21, insufficient_material 62, stalemate 2, threefold_repetition 85

INCONCLUSIVE  183-v95-vs-v94  ran out of games; champion stays
