stage 1: crash gate, 190-v10-vs-v95 vs random
  clean over 24 games, 100% vs random

stage 2: SPRT[0, 20], challenger vs champion
  note: 300 pairs over 119 openings, 2.5 repeats each -- the SPRT will read more confident than the evidence warrants
      2 games  .... llr +0.00 [-2.94, 2.94] after 1 pairs, elo +0.0 +/- inf  [pair 1 0.5]
      4 games  .... llr -0.26 [-2.94, 2.94] after 2 pairs, elo -88.7 +/- 173.8  [pair 0 0.25]
      6 games  .... llr -0.40 [-2.94, 2.94] after 3 pairs, elo -58.5 +/- 114.5  [pair 2 0.5]
      8 games  .... llr -0.57 [-2.94, 2.94] after 4 pairs, elo -43.7 +/- 85.6  [pair 3 0.5]
     10 games  .... llr -0.07 [-2.94, 2.94] after 5 pairs, elo -0.0 +/- 111.3  [pair 4 0.75]
     12 games  .... llr -0.25 [-2.94, 2.94] after 6 pairs, elo -58.5 +/- 145.9  [pair 5 0]
     15 games  .... llr -0.14 [-2.94, 2.94] after 7 pairs, elo -24.9 +/- 141.8  [pair 6 0.75]
     16 games  .... llr -0.26 [-2.94, 2.94] after 8 pairs, elo -43.7 +/- 126.4  [pair 7 0.25]
     18 games  .... llr -0.40 [-2.94, 2.94] after 9 pairs, elo -58.5 +/- 114.5  [pair 8 0.25]
     20 games  .... llr -0.46 [-2.94, 2.94] after 10 pairs, elo -52.5 +/- 102.9  [pair 9 0.5]
     23 games  .... llr -0.60 [-2.94, 2.94] after 11 pairs, elo -80.4 +/- 107.8  [pair 11 0]
     24 games  .... llr -0.47 [-2.94, 2.94] after 12 pairs, elo -58.5 +/- 106.3  [pair 10 0.75]
     26 games  .... llr -0.51 [-2.94, 2.94] after 13 pairs, elo -53.9 +/- 98.1  [pair 12 0.5]
     28 games  .... llr -0.56 [-2.94, 2.94] after 14 pairs, elo -50.0 +/- 91.0  [pair 13 0.5]
     30 games  .... llr -0.61 [-2.94, 2.94] after 15 pairs, elo -46.6 +/- 84.9  [pair 14 0.5]
     32 games  .... llr -0.65 [-2.94, 2.94] after 16 pairs, elo -43.7 +/- 79.6  [pair 15 0.5]
     35 games  .... llr -0.70 [-2.94, 2.94] after 17 pairs, elo -41.1 +/- 74.9  [pair 17 0.5]
     36 games  .... llr -0.54 [-2.94, 2.94] after 18 pairs, elo -29.0 +/- 74.4  [pair 16 0.75]
     38 games  .... llr -0.71 [-2.94, 2.94] after 19 pairs, elo -46.0 +/- 77.8  [pair 18 0]
     40 games  .... llr -0.59 [-2.94, 2.94] after 20 pairs, elo -34.9 +/- 76.9  [pair 19 0.75]
     42 games  .... llr -0.72 [-2.94, 2.94] after 21 pairs, elo -41.6 +/- 74.2  [pair 20 0.25]
     44 games  .... llr -0.42 [-2.94, 2.94] after 22 pairs, elo -23.7 +/- 79.1  [pair 21 1]
     46 games  .... llr -0.44 [-2.94, 2.94] after 23 pairs, elo -22.7 +/- 75.5  [pair 22 0.5]
     48 games  .... llr -0.56 [-2.94, 2.94] after 24 pairs, elo -29.0 +/- 73.2  [pair 23 0.25]
     50 games  .... llr -0.68 [-2.94, 2.94] after 25 pairs, elo -34.9 +/- 71.1  [pair 24 0.25]
     52 games  .... llr -0.72 [-2.94, 2.94] after 26 pairs, elo -33.5 +/- 68.4  [pair 25 0.5]
     54 games  .... llr -0.75 [-2.94, 2.94] after 27 pairs, elo -32.3 +/- 65.8  [pair 26 0.5]
     56 games  .... llr -0.91 [-2.94, 2.94] after 28 pairs, elo -43.7 +/- 67.2  [pair 27 0]
     58 games  .... llr -0.95 [-2.94, 2.94] after 29 pairs, elo -42.1 +/- 64.9  [pair 28 0.5]
     60 games  .... llr -0.66 [-2.94, 2.94] after 30 pairs, elo -29.0 +/- 67.7  [pair 29 1]
     62 games  .... llr -0.68 [-2.94, 2.94] after 31 pairs, elo -28.1 +/- 65.5  [pair 30 0.5]
     64 games  .... llr -0.71 [-2.94, 2.94] after 32 pairs, elo -27.2 +/- 63.4  [pair 31 0.5]
     66 games  .... llr -0.87 [-2.94, 2.94] after 33 pairs, elo -37.0 +/- 64.4  [pair 32 0]
     68 games  .... llr -1.02 [-2.94, 2.94] after 34 pairs, elo -46.3 +/- 65.1  [pair 33 0]
     70 games  .... llr -1.14 [-2.94, 2.94] after 35 pairs, elo -50.0 +/- 63.7  [pair 34 0.25]
     72 games  .... llr -1.26 [-2.94, 2.94] after 36 pairs, elo -53.5 +/- 62.3  [pair 35 0.25]
     74 games  .... llr -0.98 [-2.94, 2.94] after 37 pairs, elo -42.5 +/- 64.1  [pair 36 1]
     76 games  .... llr -1.02 [-2.94, 2.94] after 38 pairs, elo -41.3 +/- 62.4  [pair 37 0.5]
     78 games  .... llr -1.13 [-2.94, 2.94] after 39 pairs, elo -44.8 +/- 61.2  [pair 38 0.25]
     80 games  .... llr -1.16 [-2.94, 2.94] after 40 pairs, elo -43.7 +/- 59.7  [pair 39 0.5]
     82 games  .... llr -1.28 [-2.94, 2.94] after 41 pairs, elo -46.9 +/- 58.6  [pair 40 0.25]
     84 games  .... llr -1.40 [-2.94, 2.94] after 42 pairs, elo -50.0 +/- 57.5  [pair 41 0.25]
     86 games  .... llr -1.44 [-2.94, 2.94] after 43 pairs, elo -48.8 +/- 56.2  [pair 42 0.5]
     88 games  .... llr -1.47 [-2.94, 2.94] after 44 pairs, elo -47.7 +/- 54.9  [pair 43 0.5]
     90 games  .... llr -1.51 [-2.94, 2.94] after 45 pairs, elo -46.6 +/- 53.7  [pair 44 0.5]
     92 games  .... llr -1.66 [-2.94, 2.94] after 46 pairs, elo -53.3 +/- 54.2  [pair 45 0]
     94 games  .... llr -1.81 [-2.94, 2.94] after 47 pairs, elo -59.7 +/- 54.7  [pair 46 0]
     96 games  .... llr -1.51 [-2.94, 2.94] after 48 pairs, elo -51.0 +/- 55.9  [pair 47 1]
     98 games  .... llr -1.63 [-2.94, 2.94] after 49 pairs, elo -53.6 +/- 55.0  [pair 48 0.25]
    100 games  .... llr -1.77 [-2.94, 2.94] after 50 pairs, elo -59.6 +/- 55.3  [pair 49 0]
    102 games  .... llr -1.68 [-2.94, 2.94] after 51 pairs, elo -55.0 +/- 54.8  [pair 50 0.75]
    104 games  .... llr -1.79 [-2.94, 2.94] after 52 pairs, elo -57.3 +/- 54.0  [pair 51 0.25]
    106 games  .... llr -1.83 [-2.94, 2.94] after 53 pairs, elo -56.2 +/- 53.0  [pair 52 0.5]
    108 games  .... llr -1.97 [-2.94, 2.94] after 54 pairs, elo -61.8 +/- 53.2  [pair 53 0]
    110 games  .... llr -2.11 [-2.94, 2.94] after 55 pairs, elo -67.2 +/- 53.5  [pair 54 0]
    112 games  .... llr -2.15 [-2.94, 2.94] after 56 pairs, elo -65.9 +/- 52.5  [pair 55 0.5]
    114 games  .... llr -2.05 [-2.94, 2.94] after 57 pairs, elo -61.6 +/- 52.1  [pair 56 0.75]
    116 games  .... llr -2.09 [-2.94, 2.94] after 58 pairs, elo -60.5 +/- 51.2  [pair 57 0.5]
    118 games  .... llr -2.21 [-2.94, 2.94] after 59 pairs, elo -62.5 +/- 50.6  [pair 58 0.25]
    120 games  .... llr -2.11 [-2.94, 2.94] after 60 pairs, elo -58.5 +/- 50.2  [pair 59 0.75]
    122 games  .... llr -2.23 [-2.94, 2.94] after 61 pairs, elo -60.4 +/- 49.6  [pair 60 0.25]
    124 games  .... llr -2.27 [-2.94, 2.94] after 62 pairs, elo -59.4 +/- 48.8  [pair 61 0.5]
    126 games  .... llr -2.31 [-2.94, 2.94] after 63 pairs, elo -58.5 +/- 48.0  [pair 62 0.5]
    128 games  .... llr -2.35 [-2.94, 2.94] after 64 pairs, elo -57.5 +/- 47.3  [pair 63 0.5]
    130 games  .... llr -2.39 [-2.94, 2.94] after 65 pairs, elo -56.6 +/- 46.6  [pair 64 0.5]
    132 games  .... llr -2.28 [-2.94, 2.94] after 66 pairs, elo -53.1 +/- 46.3  [pair 65 0.75]
    134 games  .... llr -2.41 [-2.94, 2.94] after 67 pairs, elo -54.9 +/- 45.8  [pair 66 0.25]
    136 games  .... llr -2.44 [-2.94, 2.94] after 68 pairs, elo -54.1 +/- 45.1  [pair 67 0.5]
    138 games  .... llr -2.59 [-2.94, 2.94] after 69 pairs, elo -58.5 +/- 45.4  [pair 68 0]
    140 games  .... llr -2.72 [-2.94, 2.94] after 70 pairs, elo -60.2 +/- 44.9  [pair 69 0.25]
    142 games  .... llr -2.76 [-2.94, 2.94] after 71 pairs, elo -59.3 +/- 44.3  [pair 70 0.5]
    145 games  .... llr -2.89 [-2.94, 2.94] after 72 pairs, elo -60.9 +/- 43.8  [pair 71 0.25]
    146 games  .... llr -2.78 [-2.94, 2.94] after 73 pairs, elo -57.6 +/- 43.6  [pair 72 0.75]
    148 games  .... llr -2.92 [-2.94, 2.94] after 74 pairs, elo -61.7 +/- 43.8  [pair 73 0]
    150 games  .... llr -2.61 [-2.94, 2.94] after 75 pairs, elo -56.1 +/- 44.4  [pair 74 1]
    152 games  .... llr -2.51 [-2.94, 2.94] after 76 pairs, elo -53.0 +/- 44.1  [pair 75 0.75]
    154 games  .... llr -2.65 [-2.94, 2.94] after 77 pairs, elo -56.9 +/- 44.3  [pair 76 0]
    156 games  .... llr -2.69 [-2.94, 2.94] after 78 pairs, elo -56.2 +/- 43.7  [pair 77 0.5]
    158 games  .... llr -2.81 [-2.94, 2.94] after 79 pairs, elo -57.7 +/- 43.3  [pair 78 0.25]
    160 games  .... llr -2.93 [-2.94, 2.94] after 80 pairs, elo -59.2 +/- 42.9  [pair 79 0.25]
    162 games  FAIL llr -2.97 [-2.94, 2.94] after 81 pairs, elo -58.5 +/- 42.4  [pair 80 0.5]

C:\dev\aichessathon\starter\overnight\challengers\190-v10-vs-v95 vs C:\dev\aichessathon\starter\opponents\v95net
  +48 =39 -75  score 41.7%  over 162 games
  FAIL llr -2.97 [-2.94, 2.94] after 81 pairs, elo -58.5 +/- 42.4
  mean game length 130 plies
  terminations: checkmate 123, fifty_moves 5, insufficient_material 12, threefold_repetition 22

REJECT  190-v10-vs-v95  no better than the champion
